Archive member included to satisfy reference by file (symbol)

C:/PROGRA~2/ARMGNU~1/13C7F1~1.2RE/bin/../lib/gcc/arm-none-eabi/13.2.1/thumb/v7e-m+fp/hard\libc_nano.a(libc_a-exit.o)
                              C:/PROGRA~2/ARMGNU~1/13C7F1~1.2RE/bin/../lib/gcc/arm-none-eabi/13.2.1/thumb/v7e-m+fp/hard/crt0.o (exit)
C:/PROGRA~2/ARMGNU~1/13C7F1~1.2RE/bin/../lib/gcc/arm-none-eabi/13.2.1/thumb/v7e-m+fp/hard\libc_nano.a(libc_a-findfp.o)
                              C:/PROGRA~2/ARMGNU~1/13C7F1~1.2RE/bin/../lib/gcc/arm-none-eabi/13.2.1/thumb/v7e-m+fp/hard\libc_nano.a(libc_a-exit.o) (__stdio_exit_handler)
C:/PROGRA~2/ARMGNU~1/13C7F1~1.2RE/bin/../lib/gcc/arm-none-eabi/13.2.1/thumb/v7e-m+fp/hard\libc_nano.a(libc_a-fwalk.o)
                              C:/PROGRA~2/ARMGNU~1/13C7F1~1.2RE/bin/../lib/gcc/arm-none-eabi/13.2.1/thumb/v7e-m+fp/hard\libc_nano.a(libc_a-findfp.o) (_fwalk_sglue)
C:/PROGRA~2/ARMGNU~1/13C7F1~1.2RE/bin/../lib/gcc/arm-none-eabi/13.2.1/thumb/v7e-m+fp/hard\libc_nano.a(libc_a-stdio.o)
                              C:/PROGRA~2/ARMGNU~1/13C7F1~1.2RE/bin/../lib/gcc/arm-none-eabi/13.2.1/thumb/v7e-m+fp/hard\libc_nano.a(libc_a-findfp.o) (__sread)
C:/PROGRA~2/ARMGNU~1/13C7F1~1.2RE/bin/../lib/gcc/arm-none-eabi/13.2.1/thumb/v7e-m+fp/hard\libc_nano.a(libc_a-memset.o)
                              C:/PROGRA~2/ARMGNU~1/13C7F1~1.2RE/bin/../lib/gcc/arm-none-eabi/13.2.1/thumb/v7e-m+fp/hard/crt0.o (memset)
C:/PROGRA~2/ARMGNU~1/13C7F1~1.2RE/bin/../lib/gcc/arm-none-eabi/13.2.1/thumb/v7e-m+fp/hard\libc_nano.a(libc_a-closer.o)
                              C:/PROGRA~2/ARMGNU~1/13C7F1~1.2RE/bin/../lib/gcc/arm-none-eabi/13.2.1/thumb/v7e-m+fp/hard\libc_nano.a(libc_a-stdio.o) (_close_r)
C:/PROGRA~2/ARMGNU~1/13C7F1~1.2RE/bin/../lib/gcc/arm-none-eabi/13.2.1/thumb/v7e-m+fp/hard\libc_nano.a(libc_a-reent.o)
                              C:/PROGRA~2/ARMGNU~1/13C7F1~1.2RE/bin/../lib/gcc/arm-none-eabi/13.2.1/thumb/v7e-m+fp/hard\libc_nano.a(libc_a-closer.o) (errno)
C:/PROGRA~2/ARMGNU~1/13C7F1~1.2RE/bin/../lib/gcc/arm-none-eabi/13.2.1/thumb/v7e-m+fp/hard\libc_nano.a(libc_a-impure.o)
                              C:/PROGRA~2/ARMGNU~1/13C7F1~1.2RE/bin/../lib/gcc/arm-none-eabi/13.2.1/thumb/v7e-m+fp/hard\libc_nano.a(libc_a-reent.o) (_impure_ptr)
C:/PROGRA~2/ARMGNU~1/13C7F1~1.2RE/bin/../lib/gcc/arm-none-eabi/13.2.1/thumb/v7e-m+fp/hard\libc_nano.a(libc_a-lseekr.o)
                              C:/PROGRA~2/ARMGNU~1/13C7F1~1.2RE/bin/../lib/gcc/arm-none-eabi/13.2.1/thumb/v7e-m+fp/hard\libc_nano.a(libc_a-stdio.o) (_lseek_r)
C:/PROGRA~2/ARMGNU~1/13C7F1~1.2RE/bin/../lib/gcc/arm-none-eabi/13.2.1/thumb/v7e-m+fp/hard\libc_nano.a(libc_a-readr.o)
                              C:/PROGRA~2/ARMGNU~1/13C7F1~1.2RE/bin/../lib/gcc/arm-none-eabi/13.2.1/thumb/v7e-m+fp/hard\libc_nano.a(libc_a-stdio.o) (_read_r)
C:/PROGRA~2/ARMGNU~1/13C7F1~1.2RE/bin/../lib/gcc/arm-none-eabi/13.2.1/thumb/v7e-m+fp/hard\libc_nano.a(libc_a-writer.o)
                              C:/PROGRA~2/ARMGNU~1/13C7F1~1.2RE/bin/../lib/gcc/arm-none-eabi/13.2.1/thumb/v7e-m+fp/hard\libc_nano.a(libc_a-stdio.o) (_write_r)
C:/PROGRA~2/ARMGNU~1/13C7F1~1.2RE/bin/../lib/gcc/arm-none-eabi/13.2.1/thumb/v7e-m+fp/hard\libc_nano.a(libc_a-init.o)
                              C:/PROGRA~2/ARMGNU~1/13C7F1~1.2RE/bin/../lib/gcc/arm-none-eabi/13.2.1/thumb/v7e-m+fp/hard/crt0.o (__libc_init_array)
C:/PROGRA~2/ARMGNU~1/13C7F1~1.2RE/bin/../lib/gcc/arm-none-eabi/13.2.1/thumb/v7e-m+fp/hard\libc_nano.a(libc_a-lock.o)
                              C:/PROGRA~2/ARMGNU~1/13C7F1~1.2RE/bin/../lib/gcc/arm-none-eabi/13.2.1/thumb/v7e-m+fp/hard\libc_nano.a(libc_a-findfp.o) (__retarget_lock_init_recursive)
C:/PROGRA~2/ARMGNU~1/13C7F1~1.2RE/bin/../lib/gcc/arm-none-eabi/13.2.1/thumb/v7e-m+fp/hard\libc_nano.a(libc_a-freer.o)
                              C:/PROGRA~2/ARMGNU~1/13C7F1~1.2RE/bin/../lib/gcc/arm-none-eabi/13.2.1/thumb/v7e-m+fp/hard\libc_nano.a(libc_a-reent.o) (_free_r)
C:/PROGRA~2/ARMGNU~1/13C7F1~1.2RE/bin/../lib/gcc/arm-none-eabi/13.2.1/thumb/v7e-m+fp/hard\libc_nano.a(libc_a-mallocr.o)
                              C:/PROGRA~2/ARMGNU~1/13C7F1~1.2RE/bin/../lib/gcc/arm-none-eabi/13.2.1/thumb/v7e-m+fp/hard\libc_nano.a(libc_a-findfp.o) (_malloc_r)
C:/PROGRA~2/ARMGNU~1/13C7F1~1.2RE/bin/../lib/gcc/arm-none-eabi/13.2.1/thumb/v7e-m+fp/hard\libc_nano.a(libc_a-mlock.o)
                              C:/PROGRA~2/ARMGNU~1/13C7F1~1.2RE/bin/../lib/gcc/arm-none-eabi/13.2.1/thumb/v7e-m+fp/hard\libc_nano.a(libc_a-freer.o) (__malloc_lock)
C:/PROGRA~2/ARMGNU~1/13C7F1~1.2RE/bin/../lib/gcc/arm-none-eabi/13.2.1/thumb/v7e-m+fp/hard\libc_nano.a(libc_a-fflush.o)
                              C:/PROGRA~2/ARMGNU~1/13C7F1~1.2RE/bin/../lib/gcc/arm-none-eabi/13.2.1/thumb/v7e-m+fp/hard\libc_nano.a(libc_a-findfp.o) (_fflush_r)
C:/PROGRA~2/ARMGNU~1/13C7F1~1.2RE/bin/../lib/gcc/arm-none-eabi/13.2.1/thumb/v7e-m+fp/hard\libc_nano.a(libc_a-sbrkr.o)
                              C:/PROGRA~2/ARMGNU~1/13C7F1~1.2RE/bin/../lib/gcc/arm-none-eabi/13.2.1/thumb/v7e-m+fp/hard\libc_nano.a(libc_a-mallocr.o) (_sbrk_r)
C:/PROGRA~2/ARMGNU~1/13C7F1~1.2RE/bin/../lib/gcc/arm-none-eabi/13.2.1/thumb/v7e-m+fp/hard\libnosys.a(close.o)
                              C:/PROGRA~2/ARMGNU~1/13C7F1~1.2RE/bin/../lib/gcc/arm-none-eabi/13.2.1/thumb/v7e-m+fp/hard\libc_nano.a(libc_a-closer.o) (_close)
C:/PROGRA~2/ARMGNU~1/13C7F1~1.2RE/bin/../lib/gcc/arm-none-eabi/13.2.1/thumb/v7e-m+fp/hard\libnosys.a(lseek.o)
                              C:/PROGRA~2/ARMGNU~1/13C7F1~1.2RE/bin/../lib/gcc/arm-none-eabi/13.2.1/thumb/v7e-m+fp/hard\libc_nano.a(libc_a-lseekr.o) (_lseek)
C:/PROGRA~2/ARMGNU~1/13C7F1~1.2RE/bin/../lib/gcc/arm-none-eabi/13.2.1/thumb/v7e-m+fp/hard\libnosys.a(read.o)
                              C:/PROGRA~2/ARMGNU~1/13C7F1~1.2RE/bin/../lib/gcc/arm-none-eabi/13.2.1/thumb/v7e-m+fp/hard\libc_nano.a(libc_a-readr.o) (_read)
C:/PROGRA~2/ARMGNU~1/13C7F1~1.2RE/bin/../lib/gcc/arm-none-eabi/13.2.1/thumb/v7e-m+fp/hard\libnosys.a(sbrk.o)
                              C:/PROGRA~2/ARMGNU~1/13C7F1~1.2RE/bin/../lib/gcc/arm-none-eabi/13.2.1/thumb/v7e-m+fp/hard\libc_nano.a(libc_a-sbrkr.o) (_sbrk)
C:/PROGRA~2/ARMGNU~1/13C7F1~1.2RE/bin/../lib/gcc/arm-none-eabi/13.2.1/thumb/v7e-m+fp/hard\libnosys.a(write.o)
                              C:/PROGRA~2/ARMGNU~1/13C7F1~1.2RE/bin/../lib/gcc/arm-none-eabi/13.2.1/thumb/v7e-m+fp/hard\libc_nano.a(libc_a-writer.o) (_write)
C:/PROGRA~2/ARMGNU~1/13C7F1~1.2RE/bin/../lib/gcc/arm-none-eabi/13.2.1/thumb/v7e-m+fp/hard\libnosys.a(_exit.o)
                              C:/PROGRA~2/ARMGNU~1/13C7F1~1.2RE/bin/../lib/gcc/arm-none-eabi/13.2.1/thumb/v7e-m+fp/hard\libc_nano.a(libc_a-exit.o) (_exit)

Discarded input sections

 .text          0x00000000        0x0 C:/PROGRA~2/ARMGNU~1/13C7F1~1.2RE/bin/../lib/gcc/arm-none-eabi/13.2.1/thumb/v7e-m+fp/hard/crti.o
 .data          0x00000000        0x0 C:/PROGRA~2/ARMGNU~1/13C7F1~1.2RE/bin/../lib/gcc/arm-none-eabi/13.2.1/thumb/v7e-m+fp/hard/crti.o
 .bss           0x00000000        0x0 C:/PROGRA~2/ARMGNU~1/13C7F1~1.2RE/bin/../lib/gcc/arm-none-eabi/13.2.1/thumb/v7e-m+fp/hard/crti.o
 .text          0x00000000        0x0 C:/PROGRA~2/ARMGNU~1/13C7F1~1.2RE/bin/../lib/gcc/arm-none-eabi/13.2.1/thumb/v7e-m+fp/hard/crtbegin.o
 .data          0x00000000        0x0 C:/PROGRA~2/ARMGNU~1/13C7F1~1.2RE/bin/../lib/gcc/arm-none-eabi/13.2.1/thumb/v7e-m+fp/hard/crtbegin.o
 .bss           0x00000000        0x0 C:/PROGRA~2/ARMGNU~1/13C7F1~1.2RE/bin/../lib/gcc/arm-none-eabi/13.2.1/thumb/v7e-m+fp/hard/crtbegin.o
 .rodata.all_implied_fbits
                0x00000000       0x24 C:/PROGRA~2/ARMGNU~1/13C7F1~1.2RE/bin/../lib/gcc/arm-none-eabi/13.2.1/thumb/v7e-m+fp/hard/crtbegin.o
 .data.__dso_handle
                0x00000000        0x4 C:/PROGRA~2/ARMGNU~1/13C7F1~1.2RE/bin/../lib/gcc/arm-none-eabi/13.2.1/thumb/v7e-m+fp/hard/crtbegin.o
 .text          0x00000000       0x7c C:/PROGRA~2/ARMGNU~1/13C7F1~1.2RE/bin/../lib/gcc/arm-none-eabi/13.2.1/thumb/v7e-m+fp/hard/crt0.o
 .data          0x00000000        0x0 C:/PROGRA~2/ARMGNU~1/13C7F1~1.2RE/bin/../lib/gcc/arm-none-eabi/13.2.1/thumb/v7e-m+fp/hard/crt0.o
 .bss           0x00000000        0x0 C:/PROGRA~2/ARMGNU~1/13C7F1~1.2RE/bin/../lib/gcc/arm-none-eabi/13.2.1/thumb/v7e-m+fp/hard/crt0.o
 .ARM.extab     0x00000000        0x0 C:/PROGRA~2/ARMGNU~1/13C7F1~1.2RE/bin/../lib/gcc/arm-none-eabi/13.2.1/thumb/v7e-m+fp/hard/crt0.o
 .ARM.exidx     0x00000000       0x10 C:/PROGRA~2/ARMGNU~1/13C7F1~1.2RE/bin/../lib/gcc/arm-none-eabi/13.2.1/thumb/v7e-m+fp/hard/crt0.o
 .debug_line_str
                0x00000000       0xd6 C:/PROGRA~2/ARMGNU~1/13C7F1~1.2RE/bin/../lib/gcc/arm-none-eabi/13.2.1/thumb/v7e-m+fp/hard/crt0.o
 .ARM.attributes
                0x00000000       0x20 C:/PROGRA~2/ARMGNU~1/13C7F1~1.2RE/bin/../lib/gcc/arm-none-eabi/13.2.1/thumb/v7e-m+fp/hard/crt0.o
 .group         0x00000000        0xc CMakeFiles/OmniLayer_F407.dir/app/main.c.obj
 .group         0x00000000        0xc CMakeFiles/OmniLayer_F407.dir/app/main.c.obj
 .group         0x00000000        0xc CMakeFiles/OmniLayer_F407.dir/app/main.c.obj
 .group         0x00000000        0xc CMakeFiles/OmniLayer_F407.dir/app/main.c.obj
 .group         0x00000000        0xc CMakeFiles/OmniLayer_F407.dir/app/main.c.obj
 .group         0x00000000        0xc CMakeFiles/OmniLayer_F407.dir/app/main.c.obj
 .group         0x00000000        0xc CMakeFiles/OmniLayer_F407.dir/app/main.c.obj
 .group         0x00000000        0xc CMakeFiles/OmniLayer_F407.dir/app/main.c.obj
 .group         0x00000000        0xc CMakeFiles/OmniLayer_F407.dir/app/main.c.obj
 .group         0x00000000        0xc CMakeFiles/OmniLayer_F407.dir/app/main.c.obj
 .group         0x00000000        0xc CMakeFiles/OmniLayer_F407.dir/app/main.c.obj
 .text          0x00000000        0x0 CMakeFiles/OmniLayer_F407.dir/app/main.c.obj
 .data          0x00000000        0x0 CMakeFiles/OmniLayer_F407.dir/app/main.c.obj
 .bss           0x00000000        0x0 CMakeFiles/OmniLayer_F407.dir/app/main.c.obj
 .group         0x00000000        0xc CMakeFiles/OmniLayer_F407.dir/Enroll/Enroll.c.obj
 .group         0x00000000        0xc CMakeFiles/OmniLayer_F407.dir/Enroll/Enroll.c.obj
 .group         0x00000000        0xc CMakeFiles/OmniLayer_F407.dir/Enroll/Enroll.c.obj
 .group         0x00000000        0xc CMakeFiles/OmniLayer_F407.dir/Enroll/Enroll.c.obj
 .group         0x00000000        0xc CMakeFiles/OmniLayer_F407.dir/Enroll/Enroll.c.obj
 .group         0x00000000        0xc CMakeFiles/OmniLayer_F407.dir/Enroll/Enroll.c.obj
 .group         0x00000000        0xc CMakeFiles/OmniLayer_F407.dir/Enroll/Enroll.c.obj
 .group         0x00000000        0xc CMakeFiles/OmniLayer_F407.dir/Enroll/Enroll.c.obj
 .group         0x00000000        0xc CMakeFiles/OmniLayer_F407.dir/Enroll/Enroll.c.obj
 .group         0x00000000        0xc CMakeFiles/OmniLayer_F407.dir/Enroll/Enroll.c.obj
 .group         0x00000000        0xc CMakeFiles/OmniLayer_F407.dir/Enroll/Enroll.c.obj
 .text          0x00000000        0x0 CMakeFiles/OmniLayer_F407.dir/Enroll/Enroll.c.obj
 .data          0x00000000        0x0 CMakeFiles/OmniLayer_F407.dir/Enroll/Enroll.c.obj
 .bss           0x00000000        0x0 CMakeFiles/OmniLayer_F407.dir/Enroll/Enroll.c.obj
 .debug_macro   0x00000000      0xad2 CMakeFiles/OmniLayer_F407.dir/Enroll/Enroll.c.obj
 .debug_macro   0x00000000       0x22 CMakeFiles/OmniLayer_F407.dir/Enroll/Enroll.c.obj
 .debug_macro   0x00000000       0x8e CMakeFiles/OmniLayer_F407.dir/Enroll/Enroll.c.obj
 .debug_macro   0x00000000       0x51 CMakeFiles/OmniLayer_F407.dir/Enroll/Enroll.c.obj
 .debug_macro   0x00000000      0x103 CMakeFiles/OmniLayer_F407.dir/Enroll/Enroll.c.obj
 .debug_macro   0x00000000       0x6a CMakeFiles/OmniLayer_F407.dir/Enroll/Enroll.c.obj
 .debug_macro   0x00000000      0x1df CMakeFiles/OmniLayer_F407.dir/Enroll/Enroll.c.obj
 .debug_macro   0x00000000       0x16 CMakeFiles/OmniLayer_F407.dir/Enroll/Enroll.c.obj
 .debug_macro   0x00000000       0x16 CMakeFiles/OmniLayer_F407.dir/Enroll/Enroll.c.obj
 .debug_macro   0x00000000       0xe2 CMakeFiles/OmniLayer_F407.dir/Enroll/Enroll.c.obj
 .debug_macro   0x00000000       0x10 CMakeFiles/OmniLayer_F407.dir/Enroll/Enroll.c.obj
 .group         0x00000000        0xc CMakeFiles/OmniLayer_F407.dir/BSP/LED/LED.c.obj
 .group         0x00000000        0xc CMakeFiles/OmniLayer_F407.dir/BSP/LED/LED.c.obj
 .group         0x00000000        0xc CMakeFiles/OmniLayer_F407.dir/BSP/LED/LED.c.obj
 .group         0x00000000        0xc CMakeFiles/OmniLayer_F407.dir/BSP/LED/LED.c.obj
 .group         0x00000000        0xc CMakeFiles/OmniLayer_F407.dir/BSP/LED/LED.c.obj
 .group         0x00000000        0xc CMakeFiles/OmniLayer_F407.dir/BSP/LED/LED.c.obj
 .group         0x00000000        0xc CMakeFiles/OmniLayer_F407.dir/BSP/LED/LED.c.obj
 .text          0x00000000        0x0 CMakeFiles/OmniLayer_F407.dir/BSP/LED/LED.c.obj
 .data          0x00000000        0x0 CMakeFiles/OmniLayer_F407.dir/BSP/LED/LED.c.obj
 .bss           0x00000000        0x0 CMakeFiles/OmniLayer_F407.dir/BSP/LED/LED.c.obj
 .debug_macro   0x00000000      0xad2 CMakeFiles/OmniLayer_F407.dir/BSP/LED/LED.c.obj
 .debug_macro   0x00000000       0x22 CMakeFiles/OmniLayer_F407.dir/BSP/LED/LED.c.obj
 .debug_macro   0x00000000       0x8e CMakeFiles/OmniLayer_F407.dir/BSP/LED/LED.c.obj
 .debug_macro   0x00000000       0x51 CMakeFiles/OmniLayer_F407.dir/BSP/LED/LED.c.obj
 .debug_macro   0x00000000      0x103 CMakeFiles/OmniLayer_F407.dir/BSP/LED/LED.c.obj
 .debug_macro   0x00000000       0x6a CMakeFiles/OmniLayer_F407.dir/BSP/LED/LED.c.obj
 .debug_macro   0x00000000      0x1df CMakeFiles/OmniLayer_F407.dir/BSP/LED/LED.c.obj
 .group         0x00000000        0xc CMakeFiles/OmniLayer_F407.dir/Core/STM32F407/src/f407_gpio.c.obj
 .group         0x00000000        0xc CMakeFiles/OmniLayer_F407.dir/Core/STM32F407/src/f407_gpio.c.obj
 .group         0x00000000        0xc CMakeFiles/OmniLayer_F407.dir/Core/STM32F407/src/f407_gpio.c.obj
 .group         0x00000000        0xc CMakeFiles/OmniLayer_F407.dir/Core/STM32F407/src/f407_gpio.c.obj
 .group         0x00000000        0xc CMakeFiles/OmniLayer_F407.dir/Core/STM32F407/src/f407_gpio.c.obj
 .group         0x00000000        0xc CMakeFiles/OmniLayer_F407.dir/Core/STM32F407/src/f407_gpio.c.obj
 .group         0x00000000        0xc CMakeFiles/OmniLayer_F407.dir/Core/STM32F407/src/f407_gpio.c.obj
 .group         0x00000000        0xc CMakeFiles/OmniLayer_F407.dir/Core/STM32F407/src/f407_gpio.c.obj
 .text          0x00000000        0x0 CMakeFiles/OmniLayer_F407.dir/Core/STM32F407/src/f407_gpio.c.obj
 .data          0x00000000        0x0 CMakeFiles/OmniLayer_F407.dir/Core/STM32F407/src/f407_gpio.c.obj
 .bss           0x00000000        0x0 CMakeFiles/OmniLayer_F407.dir/Core/STM32F407/src/f407_gpio.c.obj
 .text.F407_GPIO_Read
                0x00000000       0x1a CMakeFiles/OmniLayer_F407.dir/Core/STM32F407/src/f407_gpio.c.obj
 .debug_macro   0x00000000      0xad2 CMakeFiles/OmniLayer_F407.dir/Core/STM32F407/src/f407_gpio.c.obj
 .debug_macro   0x00000000       0x22 CMakeFiles/OmniLayer_F407.dir/Core/STM32F407/src/f407_gpio.c.obj
 .debug_macro   0x00000000       0x8e CMakeFiles/OmniLayer_F407.dir/Core/STM32F407/src/f407_gpio.c.obj
 .debug_macro   0x00000000       0x51 CMakeFiles/OmniLayer_F407.dir/Core/STM32F407/src/f407_gpio.c.obj
 .debug_macro   0x00000000      0x103 CMakeFiles/OmniLayer_F407.dir/Core/STM32F407/src/f407_gpio.c.obj
 .debug_macro   0x00000000       0x6a CMakeFiles/OmniLayer_F407.dir/Core/STM32F407/src/f407_gpio.c.obj
 .debug_macro   0x00000000      0x1df CMakeFiles/OmniLayer_F407.dir/Core/STM32F407/src/f407_gpio.c.obj
 .group         0x00000000        0xc CMakeFiles/OmniLayer_F407.dir/Drivers/Drivers_STM32F4/Start/system_stm32f4xx.c.obj
 .group         0x00000000        0xc CMakeFiles/OmniLayer_F407.dir/Drivers/Drivers_STM32F4/Start/system_stm32f4xx.c.obj
 .group         0x00000000        0xc CMakeFiles/OmniLayer_F407.dir/Drivers/Drivers_STM32F4/Start/system_stm32f4xx.c.obj
 .group         0x00000000        0xc CMakeFiles/OmniLayer_F407.dir/Drivers/Drivers_STM32F4/Start/system_stm32f4xx.c.obj
 .group         0x00000000        0xc CMakeFiles/OmniLayer_F407.dir/Drivers/Drivers_STM32F4/Start/system_stm32f4xx.c.obj
 .group         0x00000000        0xc CMakeFiles/OmniLayer_F407.dir/Drivers/Drivers_STM32F4/Start/system_stm32f4xx.c.obj
 .group         0x00000000        0xc CMakeFiles/OmniLayer_F407.dir/Drivers/Drivers_STM32F4/Start/system_stm32f4xx.c.obj
 .group         0x00000000        0xc CMakeFiles/OmniLayer_F407.dir/Drivers/Drivers_STM32F4/Start/system_stm32f4xx.c.obj
 .group         0x00000000        0xc CMakeFiles/OmniLayer_F407.dir/Drivers/Drivers_STM32F4/Start/system_stm32f4xx.c.obj
 .group         0x00000000        0xc CMakeFiles/OmniLayer_F407.dir/Drivers/Drivers_STM32F4/Start/system_stm32f4xx.c.obj
 .group         0x00000000        0xc CMakeFiles/OmniLayer_F407.dir/Drivers/Drivers_STM32F4/Start/system_stm32f4xx.c.obj
 .group         0x00000000        0xc CMakeFiles/OmniLayer_F407.dir/Drivers/Drivers_STM32F4/Start/system_stm32f4xx.c.obj
 .group         0x00000000        0xc CMakeFiles/OmniLayer_F407.dir/Drivers/Drivers_STM32F4/Start/system_stm32f4xx.c.obj
 .text          0x00000000        0x0 CMakeFiles/OmniLayer_F407.dir/Drivers/Drivers_STM32F4/Start/system_stm32f4xx.c.obj
 .data          0x00000000        0x0 CMakeFiles/OmniLayer_F407.dir/Drivers/Drivers_STM32F4/Start/system_stm32f4xx.c.obj
 .bss           0x00000000        0x0 CMakeFiles/OmniLayer_F407.dir/Drivers/Drivers_STM32F4/Start/system_stm32f4xx.c.obj
 .text.SystemCoreClockUpdate
                0x00000000       0xa4 CMakeFiles/OmniLayer_F407.dir/Drivers/Drivers_STM32F4/Start/system_stm32f4xx.c.obj
 .rodata.AHBPrescTable
                0x00000000       0x10 CMakeFiles/OmniLayer_F407.dir/Drivers/Drivers_STM32F4/Start/system_stm32f4xx.c.obj
 .data.SystemCoreClock
                0x00000000        0x4 CMakeFiles/OmniLayer_F407.dir/Drivers/Drivers_STM32F4/Start/system_stm32f4xx.c.obj
 .debug_macro   0x00000000      0xad2 CMakeFiles/OmniLayer_F407.dir/Drivers/Drivers_STM32F4/Start/system_stm32f4xx.c.obj
 .debug_macro   0x00000000       0x22 CMakeFiles/OmniLayer_F407.dir/Drivers/Drivers_STM32F4/Start/system_stm32f4xx.c.obj
 .debug_macro   0x00000000       0x8e CMakeFiles/OmniLayer_F407.dir/Drivers/Drivers_STM32F4/Start/system_stm32f4xx.c.obj
 .debug_macro   0x00000000       0x51 CMakeFiles/OmniLayer_F407.dir/Drivers/Drivers_STM32F4/Start/system_stm32f4xx.c.obj
 .debug_macro   0x00000000      0x103 CMakeFiles/OmniLayer_F407.dir/Drivers/Drivers_STM32F4/Start/system_stm32f4xx.c.obj
 .debug_macro   0x00000000       0x6a CMakeFiles/OmniLayer_F407.dir/Drivers/Drivers_STM32F4/Start/system_stm32f4xx.c.obj
 .debug_macro   0x00000000      0x1df CMakeFiles/OmniLayer_F407.dir/Drivers/Drivers_STM32F4/Start/system_stm32f4xx.c.obj
 .group         0x00000000        0xc CMakeFiles/OmniLayer_F407.dir/Drivers/Drivers_STM32F4/Start/stm32f4xx_it.c.obj
 .group         0x00000000        0xc CMakeFiles/OmniLayer_F407.dir/Drivers/Drivers_STM32F4/Start/stm32f4xx_it.c.obj
 .group         0x00000000        0xc CMakeFiles/OmniLayer_F407.dir/Drivers/Drivers_STM32F4/Start/stm32f4xx_it.c.obj
 .group         0x00000000        0xc CMakeFiles/OmniLayer_F407.dir/Drivers/Drivers_STM32F4/Start/stm32f4xx_it.c.obj
 .group         0x00000000        0xc CMakeFiles/OmniLayer_F407.dir/Drivers/Drivers_STM32F4/Start/stm32f4xx_it.c.obj
 .group         0x00000000        0xc CMakeFiles/OmniLayer_F407.dir/Drivers/Drivers_STM32F4/Start/stm32f4xx_it.c.obj
 .group         0x00000000        0xc CMakeFiles/OmniLayer_F407.dir/Drivers/Drivers_STM32F4/Start/stm32f4xx_it.c.obj
 .group         0x00000000        0xc CMakeFiles/OmniLayer_F407.dir/Drivers/Drivers_STM32F4/Start/stm32f4xx_it.c.obj
 .group         0x00000000        0xc CMakeFiles/OmniLayer_F407.dir/Drivers/Drivers_STM32F4/Start/stm32f4xx_it.c.obj
 .group         0x00000000        0xc CMakeFiles/OmniLayer_F407.dir/Drivers/Drivers_STM32F4/Start/stm32f4xx_it.c.obj
 .group         0x00000000        0xc CMakeFiles/OmniLayer_F407.dir/Drivers/Drivers_STM32F4/Start/stm32f4xx_it.c.obj
 .group         0x00000000        0xc CMakeFiles/OmniLayer_F407.dir/Drivers/Drivers_STM32F4/Start/stm32f4xx_it.c.obj
 .group         0x00000000        0xc CMakeFiles/OmniLayer_F407.dir/Drivers/Drivers_STM32F4/Start/stm32f4xx_it.c.obj
 .text          0x00000000        0x0 CMakeFiles/OmniLayer_F407.dir/Drivers/Drivers_STM32F4/Start/stm32f4xx_it.c.obj
 .data          0x00000000        0x0 CMakeFiles/OmniLayer_F407.dir/Drivers/Drivers_STM32F4/Start/stm32f4xx_it.c.obj
 .bss           0x00000000        0x0 CMakeFiles/OmniLayer_F407.dir/Drivers/Drivers_STM32F4/Start/stm32f4xx_it.c.obj
 .debug_macro   0x00000000      0xad2 CMakeFiles/OmniLayer_F407.dir/Drivers/Drivers_STM32F4/Start/stm32f4xx_it.c.obj
 .debug_macro   0x00000000       0x65 CMakeFiles/OmniLayer_F407.dir/Drivers/Drivers_STM32F4/Start/stm32f4xx_it.c.obj
 .debug_macro   0x00000000       0x3b CMakeFiles/OmniLayer_F407.dir/Drivers/Drivers_STM32F4/Start/stm32f4xx_it.c.obj
 .debug_macro   0x00000000       0x22 CMakeFiles/OmniLayer_F407.dir/Drivers/Drivers_STM32F4/Start/stm32f4xx_it.c.obj
 .debug_macro   0x00000000       0x8e CMakeFiles/OmniLayer_F407.dir/Drivers/Drivers_STM32F4/Start/stm32f4xx_it.c.obj
 .debug_macro   0x00000000       0x51 CMakeFiles/OmniLayer_F407.dir/Drivers/Drivers_STM32F4/Start/stm32f4xx_it.c.obj
 .debug_macro   0x00000000      0x103 CMakeFiles/OmniLayer_F407.dir/Drivers/Drivers_STM32F4/Start/stm32f4xx_it.c.obj
 .debug_macro   0x00000000       0x6a CMakeFiles/OmniLayer_F407.dir/Drivers/Drivers_STM32F4/Start/stm32f4xx_it.c.obj
 .debug_macro   0x00000000      0x1df CMakeFiles/OmniLayer_F407.dir/Drivers/Drivers_STM32F4/Start/stm32f4xx_it.c.obj
 .debug_macro   0x00000000       0x34 CMakeFiles/OmniLayer_F407.dir/Drivers/Drivers_STM32F4/Start/stm32f4xx_it.c.obj
 .debug_macro   0x00000000       0x26 CMakeFiles/OmniLayer_F407.dir/Drivers/Drivers_STM32F4/Start/stm32f4xx_it.c.obj
 .debug_macro   0x00000000      0xe43 CMakeFiles/OmniLayer_F407.dir/Drivers/Drivers_STM32F4/Start/stm32f4xx_it.c.obj
 .debug_macro   0x00000000     0x91de CMakeFiles/OmniLayer_F407.dir/Drivers/Drivers_STM32F4/Start/stm32f4xx_it.c.obj
 .group         0x00000000        0xc CMakeFiles/OmniLayer_F407.dir/Drivers/Drivers_STM32F4/Start/startup_stm32f407vetx_gcc.c.obj
 .group         0x00000000        0xc CMakeFiles/OmniLayer_F407.dir/Drivers/Drivers_STM32F4/Start/startup_stm32f407vetx_gcc.c.obj
 .group         0x00000000        0xc CMakeFiles/OmniLayer_F407.dir/Drivers/Drivers_STM32F4/Start/startup_stm32f407vetx_gcc.c.obj
 .group         0x00000000        0xc CMakeFiles/OmniLayer_F407.dir/Drivers/Drivers_STM32F4/Start/startup_stm32f407vetx_gcc.c.obj
 .group         0x00000000        0xc CMakeFiles/OmniLayer_F407.dir/Drivers/Drivers_STM32F4/Start/startup_stm32f407vetx_gcc.c.obj
 .group         0x00000000        0xc CMakeFiles/OmniLayer_F407.dir/Drivers/Drivers_STM32F4/Start/startup_stm32f407vetx_gcc.c.obj
 .group         0x00000000        0xc CMakeFiles/OmniLayer_F407.dir/Drivers/Drivers_STM32F4/Start/startup_stm32f407vetx_gcc.c.obj
 .group         0x00000000        0xc CMakeFiles/OmniLayer_F407.dir/Drivers/Drivers_STM32F4/Start/startup_stm32f407vetx_gcc.c.obj
 .group         0x00000000        0xc CMakeFiles/OmniLayer_F407.dir/Drivers/Drivers_STM32F4/Start/startup_stm32f407vetx_gcc.c.obj
 .group         0x00000000        0xc CMakeFiles/OmniLayer_F407.dir/Drivers/Drivers_STM32F4/Start/startup_stm32f407vetx_gcc.c.obj
 .group         0x00000000        0xc CMakeFiles/OmniLayer_F407.dir/Drivers/Drivers_STM32F4/Start/startup_stm32f407vetx_gcc.c.obj
 .group         0x00000000        0xc CMakeFiles/OmniLayer_F407.dir/Drivers/Drivers_STM32F4/Start/startup_stm32f407vetx_gcc.c.obj
 .group         0x00000000        0xc CMakeFiles/OmniLayer_F407.dir/Drivers/Drivers_STM32F4/Start/startup_stm32f407vetx_gcc.c.obj
 .text          0x00000000        0x0 CMakeFiles/OmniLayer_F407.dir/Drivers/Drivers_STM32F4/Start/startup_stm32f407vetx_gcc.c.obj
 .data          0x00000000        0x0 CMakeFiles/OmniLayer_F407.dir/Drivers/Drivers_STM32F4/Start/startup_stm32f407vetx_gcc.c.obj
 .bss           0x00000000        0x0 CMakeFiles/OmniLayer_F407.dir/Drivers/Drivers_STM32F4/Start/startup_stm32f407vetx_gcc.c.obj
 .debug_macro   0x00000000      0xad2 CMakeFiles/OmniLayer_F407.dir/Drivers/Drivers_STM32F4/Start/startup_stm32f407vetx_gcc.c.obj
 .debug_macro   0x00000000       0x22 CMakeFiles/OmniLayer_F407.dir/Drivers/Drivers_STM32F4/Start/startup_stm32f407vetx_gcc.c.obj
 .debug_macro   0x00000000       0x8e CMakeFiles/OmniLayer_F407.dir/Drivers/Drivers_STM32F4/Start/startup_stm32f407vetx_gcc.c.obj
 .debug_macro   0x00000000       0x51 CMakeFiles/OmniLayer_F407.dir/Drivers/Drivers_STM32F4/Start/startup_stm32f407vetx_gcc.c.obj
 .debug_macro   0x00000000      0x103 CMakeFiles/OmniLayer_F407.dir/Drivers/Drivers_STM32F4/Start/startup_stm32f407vetx_gcc.c.obj
 .debug_macro   0x00000000       0x6a CMakeFiles/OmniLayer_F407.dir/Drivers/Drivers_STM32F4/Start/startup_stm32f407vetx_gcc.c.obj
 .debug_macro   0x00000000      0x1df CMakeFiles/OmniLayer_F407.dir/Drivers/Drivers_STM32F4/Start/startup_stm32f407vetx_gcc.c.obj
 .debug_macro   0x00000000       0x65 CMakeFiles/OmniLayer_F407.dir/Drivers/Drivers_STM32F4/Start/startup_stm32f407vetx_gcc.c.obj
 .debug_macro   0x00000000       0x3b CMakeFiles/OmniLayer_F407.dir/Drivers/Drivers_STM32F4/Start/startup_stm32f407vetx_gcc.c.obj
 .debug_macro   0x00000000       0x34 CMakeFiles/OmniLayer_F407.dir/Drivers/Drivers_STM32F4/Start/startup_stm32f407vetx_gcc.c.obj
 .debug_macro   0x00000000       0x26 CMakeFiles/OmniLayer_F407.dir/Drivers/Drivers_STM32F4/Start/startup_stm32f407vetx_gcc.c.obj
 .debug_macro   0x00000000      0xe43 CMakeFiles/OmniLayer_F407.dir/Drivers/Drivers_STM32F4/Start/startup_stm32f407vetx_gcc.c.obj
 .debug_macro   0x00000000     0x91de CMakeFiles/OmniLayer_F407.dir/Drivers/Drivers_STM32F4/Start/startup_stm32f407vetx_gcc.c.obj
 .text          0x00000000        0x0 C:/PROGRA~2/ARMGNU~1/13C7F1~1.2RE/bin/../lib/gcc/arm-none-eabi/13.2.1/thumb/v7e-m+fp/hard\libc_nano.a(libc_a-exit.o)
 .data          0x00000000        0x0 C:/PROGRA~2/ARMGNU~1/13C7F1~1.2RE/bin/../lib/gcc/arm-none-eabi/13.2.1/thumb/v7e-m+fp/hard\libc_nano.a(libc_a-exit.o)
 .bss           0x00000000        0x0 C:/PROGRA~2/ARMGNU~1/13C7F1~1.2RE/bin/../lib/gcc/arm-none-eabi/13.2.1/thumb/v7e-m+fp/hard\libc_nano.a(libc_a-exit.o)
 .text.exit     0x00000000       0x24 C:/PROGRA~2/ARMGNU~1/13C7F1~1.2RE/bin/../lib/gcc/arm-none-eabi/13.2.1/thumb/v7e-m+fp/hard\libc_nano.a(libc_a-exit.o)
 .debug_frame   0x00000000       0x28 C:/PROGRA~2/ARMGNU~1/13C7F1~1.2RE/bin/../lib/gcc/arm-none-eabi/13.2.1/thumb/v7e-m+fp/hard\libc_nano.a(libc_a-exit.o)
 .ARM.attributes
                0x00000000       0x34 C:/PROGRA~2/ARMGNU~1/13C7F1~1.2RE/bin/../lib/gcc/arm-none-eabi/13.2.1/thumb/v7e-m+fp/hard\libc_nano.a(libc_a-exit.o)
 .text          0x00000000        0x0 C:/PROGRA~2/ARMGNU~1/13C7F1~1.2RE/bin/../lib/gcc/arm-none-eabi/13.2.1/thumb/v7e-m+fp/hard\libc_nano.a(libc_a-findfp.o)
 .data          0x00000000        0x0 C:/PROGRA~2/ARMGNU~1/13C7F1~1.2RE/bin/../lib/gcc/arm-none-eabi/13.2.1/thumb/v7e-m+fp/hard\libc_nano.a(libc_a-findfp.o)
 .bss           0x00000000        0x0 C:/PROGRA~2/ARMGNU~1/13C7F1~1.2RE/bin/../lib/gcc/arm-none-eabi/13.2.1/thumb/v7e-m+fp/hard\libc_nano.a(libc_a-findfp.o)
 .text.std      0x00000000       0x6c C:/PROGRA~2/ARMGNU~1/13C7F1~1.2RE/bin/../lib/gcc/arm-none-eabi/13.2.1/thumb/v7e-m+fp/hard\libc_nano.a(libc_a-findfp.o)
 .text.stdio_exit_handler
                0x00000000       0x18 C:/PROGRA~2/ARMGNU~1/13C7F1~1.2RE/bin/../lib/gcc/arm-none-eabi/13.2.1/thumb/v7e-m+fp/hard\libc_nano.a(libc_a-findfp.o)
 .text.cleanup_stdio
                0x00000000       0x40 C:/PROGRA~2/ARMGNU~1/13C7F1~1.2RE/bin/../lib/gcc/arm-none-eabi/13.2.1/thumb/v7e-m+fp/hard\libc_nano.a(libc_a-findfp.o)
 .text.__fp_lock
                0x00000000       0x18 C:/PROGRA~2/ARMGNU~1/13C7F1~1.2RE/bin/../lib/gcc/arm-none-eabi/13.2.1/thumb/v7e-m+fp/hard\libc_nano.a(libc_a-findfp.o)
 .text.__fp_unlock
                0x00000000       0x18 C:/PROGRA~2/ARMGNU~1/13C7F1~1.2RE/bin/../lib/gcc/arm-none-eabi/13.2.1/thumb/v7e-m+fp/hard\libc_nano.a(libc_a-findfp.o)
 .text.global_stdio_init.part.0
                0x00000000       0x3c C:/PROGRA~2/ARMGNU~1/13C7F1~1.2RE/bin/../lib/gcc/arm-none-eabi/13.2.1/thumb/v7e-m+fp/hard\libc_nano.a(libc_a-findfp.o)
 .text.__sfp_lock_acquire
                0x00000000        0xc C:/PROGRA~2/ARMGNU~1/13C7F1~1.2RE/bin/../lib/gcc/arm-none-eabi/13.2.1/thumb/v7e-m+fp/hard\libc_nano.a(libc_a-findfp.o)
 .text.__sfp_lock_release
                0x00000000        0xc C:/PROGRA~2/ARMGNU~1/13C7F1~1.2RE/bin/../lib/gcc/arm-none-eabi/13.2.1/thumb/v7e-m+fp/hard\libc_nano.a(libc_a-findfp.o)
 .text.__sfp    0x00000000       0xa4 C:/PROGRA~2/ARMGNU~1/13C7F1~1.2RE/bin/../lib/gcc/arm-none-eabi/13.2.1/thumb/v7e-m+fp/hard\libc_nano.a(libc_a-findfp.o)
 .text.__sinit  0x00000000       0x30 C:/PROGRA~2/ARMGNU~1/13C7F1~1.2RE/bin/../lib/gcc/arm-none-eabi/13.2.1/thumb/v7e-m+fp/hard\libc_nano.a(libc_a-findfp.o)
 .text.__fp_lock_all
                0x00000000       0x1c C:/PROGRA~2/ARMGNU~1/13C7F1~1.2RE/bin/../lib/gcc/arm-none-eabi/13.2.1/thumb/v7e-m+fp/hard\libc_nano.a(libc_a-findfp.o)
 .text.__fp_unlock_all
                0x00000000       0x1c C:/PROGRA~2/ARMGNU~1/13C7F1~1.2RE/bin/../lib/gcc/arm-none-eabi/13.2.1/thumb/v7e-m+fp/hard\libc_nano.a(libc_a-findfp.o)
 .data.__sglue  0x00000000        0xc C:/PROGRA~2/ARMGNU~1/13C7F1~1.2RE/bin/../lib/gcc/arm-none-eabi/13.2.1/thumb/v7e-m+fp/hard\libc_nano.a(libc_a-findfp.o)
 .bss.__sf      0x00000000      0x138 C:/PROGRA~2/ARMGNU~1/13C7F1~1.2RE/bin/../lib/gcc/arm-none-eabi/13.2.1/thumb/v7e-m+fp/hard\libc_nano.a(libc_a-findfp.o)
 .bss.__stdio_exit_handler
                0x00000000        0x4 C:/PROGRA~2/ARMGNU~1/13C7F1~1.2RE/bin/../lib/gcc/arm-none-eabi/13.2.1/thumb/v7e-m+fp/hard\libc_nano.a(libc_a-findfp.o)
 .debug_frame   0x00000000      0x144 C:/PROGRA~2/ARMGNU~1/13C7F1~1.2RE/bin/../lib/gcc/arm-none-eabi/13.2.1/thumb/v7e-m+fp/hard\libc_nano.a(libc_a-findfp.o)
 .ARM.attributes
                0x00000000       0x34 C:/PROGRA~2/ARMGNU~1/13C7F1~1.2RE/bin/../lib/gcc/arm-none-eabi/13.2.1/thumb/v7e-m+fp/hard\libc_nano.a(libc_a-findfp.o)
 .text          0x00000000        0x0 C:/PROGRA~2/ARMGNU~1/13C7F1~1.2RE/bin/../lib/gcc/arm-none-eabi/13.2.1/thumb/v7e-m+fp/hard\libc_nano.a(libc_a-fwalk.o)
 .data          0x00000000        0x0 C:/PROGRA~2/ARMGNU~1/13C7F1~1.2RE/bin/../lib/gcc/arm-none-eabi/13.2.1/thumb/v7e-m+fp/hard\libc_nano.a(libc_a-fwalk.o)
 .bss           0x00000000        0x0 C:/PROGRA~2/ARMGNU~1/13C7F1~1.2RE/bin/../lib/gcc/arm-none-eabi/13.2.1/thumb/v7e-m+fp/hard\libc_nano.a(libc_a-fwalk.o)
 .text._fwalk_sglue
                0x00000000       0x3c C:/PROGRA~2/ARMGNU~1/13C7F1~1.2RE/bin/../lib/gcc/arm-none-eabi/13.2.1/thumb/v7e-m+fp/hard\libc_nano.a(libc_a-fwalk.o)
 .debug_frame   0x00000000       0x34 C:/PROGRA~2/ARMGNU~1/13C7F1~1.2RE/bin/../lib/gcc/arm-none-eabi/13.2.1/thumb/v7e-m+fp/hard\libc_nano.a(libc_a-fwalk.o)
 .ARM.attributes
                0x00000000       0x34 C:/PROGRA~2/ARMGNU~1/13C7F1~1.2RE/bin/../lib/gcc/arm-none-eabi/13.2.1/thumb/v7e-m+fp/hard\libc_nano.a(libc_a-fwalk.o)
 .text          0x00000000        0x0 C:/PROGRA~2/ARMGNU~1/13C7F1~1.2RE/bin/../lib/gcc/arm-none-eabi/13.2.1/thumb/v7e-m+fp/hard\libc_nano.a(libc_a-stdio.o)
 .data          0x00000000        0x0 C:/PROGRA~2/ARMGNU~1/13C7F1~1.2RE/bin/../lib/gcc/arm-none-eabi/13.2.1/thumb/v7e-m+fp/hard\libc_nano.a(libc_a-stdio.o)
 .bss           0x00000000        0x0 C:/PROGRA~2/ARMGNU~1/13C7F1~1.2RE/bin/../lib/gcc/arm-none-eabi/13.2.1/thumb/v7e-m+fp/hard\libc_nano.a(libc_a-stdio.o)
 .text.__sread  0x00000000       0x22 C:/PROGRA~2/ARMGNU~1/13C7F1~1.2RE/bin/../lib/gcc/arm-none-eabi/13.2.1/thumb/v7e-m+fp/hard\libc_nano.a(libc_a-stdio.o)
 .text.__seofread
                0x00000000        0x4 C:/PROGRA~2/ARMGNU~1/13C7F1~1.2RE/bin/../lib/gcc/arm-none-eabi/13.2.1/thumb/v7e-m+fp/hard\libc_nano.a(libc_a-stdio.o)
 .text.__swrite
                0x00000000       0x38 C:/PROGRA~2/ARMGNU~1/13C7F1~1.2RE/bin/../lib/gcc/arm-none-eabi/13.2.1/thumb/v7e-m+fp/hard\libc_nano.a(libc_a-stdio.o)
 .text.__sseek  0x00000000       0x24 C:/PROGRA~2/ARMGNU~1/13C7F1~1.2RE/bin/../lib/gcc/arm-none-eabi/13.2.1/thumb/v7e-m+fp/hard\libc_nano.a(libc_a-stdio.o)
 .text.__sclose
                0x00000000        0x8 C:/PROGRA~2/ARMGNU~1/13C7F1~1.2RE/bin/../lib/gcc/arm-none-eabi/13.2.1/thumb/v7e-m+fp/hard\libc_nano.a(libc_a-stdio.o)
 .debug_frame   0x00000000       0x88 C:/PROGRA~2/ARMGNU~1/13C7F1~1.2RE/bin/../lib/gcc/arm-none-eabi/13.2.1/thumb/v7e-m+fp/hard\libc_nano.a(libc_a-stdio.o)
 .ARM.attributes
                0x00000000       0x34 C:/PROGRA~2/ARMGNU~1/13C7F1~1.2RE/bin/../lib/gcc/arm-none-eabi/13.2.1/thumb/v7e-m+fp/hard\libc_nano.a(libc_a-stdio.o)
 .text          0x00000000        0x0 C:/PROGRA~2/ARMGNU~1/13C7F1~1.2RE/bin/../lib/gcc/arm-none-eabi/13.2.1/thumb/v7e-m+fp/hard\libc_nano.a(libc_a-memset.o)
 .data          0x00000000        0x0 C:/PROGRA~2/ARMGNU~1/13C7F1~1.2RE/bin/../lib/gcc/arm-none-eabi/13.2.1/thumb/v7e-m+fp/hard\libc_nano.a(libc_a-memset.o)
 .bss           0x00000000        0x0 C:/PROGRA~2/ARMGNU~1/13C7F1~1.2RE/bin/../lib/gcc/arm-none-eabi/13.2.1/thumb/v7e-m+fp/hard\libc_nano.a(libc_a-memset.o)
 .text.memset   0x00000000       0x10 C:/PROGRA~2/ARMGNU~1/13C7F1~1.2RE/bin/../lib/gcc/arm-none-eabi/13.2.1/thumb/v7e-m+fp/hard\libc_nano.a(libc_a-memset.o)
 .debug_frame   0x00000000       0x20 C:/PROGRA~2/ARMGNU~1/13C7F1~1.2RE/bin/../lib/gcc/arm-none-eabi/13.2.1/thumb/v7e-m+fp/hard\libc_nano.a(libc_a-memset.o)
 .ARM.attributes
                0x00000000       0x34 C:/PROGRA~2/ARMGNU~1/13C7F1~1.2RE/bin/../lib/gcc/arm-none-eabi/13.2.1/thumb/v7e-m+fp/hard\libc_nano.a(libc_a-memset.o)
 .text          0x00000000        0x0 C:/PROGRA~2/ARMGNU~1/13C7F1~1.2RE/bin/../lib/gcc/arm-none-eabi/13.2.1/thumb/v7e-m+fp/hard\libc_nano.a(libc_a-closer.o)
 .data          0x00000000        0x0 C:/PROGRA~2/ARMGNU~1/13C7F1~1.2RE/bin/../lib/gcc/arm-none-eabi/13.2.1/thumb/v7e-m+fp/hard\libc_nano.a(libc_a-closer.o)
 .bss           0x00000000        0x0 C:/PROGRA~2/ARMGNU~1/13C7F1~1.2RE/bin/../lib/gcc/arm-none-eabi/13.2.1/thumb/v7e-m+fp/hard\libc_nano.a(libc_a-closer.o)
 .text._close_r
                0x00000000       0x20 C:/PROGRA~2/ARMGNU~1/13C7F1~1.2RE/bin/../lib/gcc/arm-none-eabi/13.2.1/thumb/v7e-m+fp/hard\libc_nano.a(libc_a-closer.o)
 .debug_frame   0x00000000       0x2c C:/PROGRA~2/ARMGNU~1/13C7F1~1.2RE/bin/../lib/gcc/arm-none-eabi/13.2.1/thumb/v7e-m+fp/hard\libc_nano.a(libc_a-closer.o)
 .ARM.attributes
                0x00000000       0x34 C:/PROGRA~2/ARMGNU~1/13C7F1~1.2RE/bin/../lib/gcc/arm-none-eabi/13.2.1/thumb/v7e-m+fp/hard\libc_nano.a(libc_a-closer.o)
 .text          0x00000000        0x0 C:/PROGRA~2/ARMGNU~1/13C7F1~1.2RE/bin/../lib/gcc/arm-none-eabi/13.2.1/thumb/v7e-m+fp/hard\libc_nano.a(libc_a-reent.o)
 .data          0x00000000        0x0 C:/PROGRA~2/ARMGNU~1/13C7F1~1.2RE/bin/../lib/gcc/arm-none-eabi/13.2.1/thumb/v7e-m+fp/hard\libc_nano.a(libc_a-reent.o)
 .bss           0x00000000        0x0 C:/PROGRA~2/ARMGNU~1/13C7F1~1.2RE/bin/../lib/gcc/arm-none-eabi/13.2.1/thumb/v7e-m+fp/hard\libc_nano.a(libc_a-reent.o)
 .text._reclaim_reent
                0x00000000       0xac C:/PROGRA~2/ARMGNU~1/13C7F1~1.2RE/bin/../lib/gcc/arm-none-eabi/13.2.1/thumb/v7e-m+fp/hard\libc_nano.a(libc_a-reent.o)
 .bss.errno     0x00000000        0x4 C:/PROGRA~2/ARMGNU~1/13C7F1~1.2RE/bin/../lib/gcc/arm-none-eabi/13.2.1/thumb/v7e-m+fp/hard\libc_nano.a(libc_a-reent.o)
 .debug_frame   0x00000000       0x38 C:/PROGRA~2/ARMGNU~1/13C7F1~1.2RE/bin/../lib/gcc/arm-none-eabi/13.2.1/thumb/v7e-m+fp/hard\libc_nano.a(libc_a-reent.o)
 .ARM.attributes
                0x00000000       0x34 C:/PROGRA~2/ARMGNU~1/13C7F1~1.2RE/bin/../lib/gcc/arm-none-eabi/13.2.1/thumb/v7e-m+fp/hard\libc_nano.a(libc_a-reent.o)
 .text          0x00000000        0x0 C:/PROGRA~2/ARMGNU~1/13C7F1~1.2RE/bin/../lib/gcc/arm-none-eabi/13.2.1/thumb/v7e-m+fp/hard\libc_nano.a(libc_a-impure.o)
 .data          0x00000000        0x0 C:/PROGRA~2/ARMGNU~1/13C7F1~1.2RE/bin/../lib/gcc/arm-none-eabi/13.2.1/thumb/v7e-m+fp/hard\libc_nano.a(libc_a-impure.o)
 .bss           0x00000000        0x0 C:/PROGRA~2/ARMGNU~1/13C7F1~1.2RE/bin/../lib/gcc/arm-none-eabi/13.2.1/thumb/v7e-m+fp/hard\libc_nano.a(libc_a-impure.o)
 .data._impure_ptr
                0x00000000        0x4 C:/PROGRA~2/ARMGNU~1/13C7F1~1.2RE/bin/../lib/gcc/arm-none-eabi/13.2.1/thumb/v7e-m+fp/hard\libc_nano.a(libc_a-impure.o)
 .data._impure_data
                0x00000000       0x4c C:/PROGRA~2/ARMGNU~1/13C7F1~1.2RE/bin/../lib/gcc/arm-none-eabi/13.2.1/thumb/v7e-m+fp/hard\libc_nano.a(libc_a-impure.o)
 .ARM.attributes
                0x00000000       0x34 C:/PROGRA~2/ARMGNU~1/13C7F1~1.2RE/bin/../lib/gcc/arm-none-eabi/13.2.1/thumb/v7e-m+fp/hard\libc_nano.a(libc_a-impure.o)
 .text          0x00000000        0x0 C:/PROGRA~2/ARMGNU~1/13C7F1~1.2RE/bin/../lib/gcc/arm-none-eabi/13.2.1/thumb/v7e-m+fp/hard\libc_nano.a(libc_a-lseekr.o)
 .data          0x00000000        0x0 C:/PROGRA~2/ARMGNU~1/13C7F1~1.2RE/bin/../lib/gcc/arm-none-eabi/13.2.1/thumb/v7e-m+fp/hard\libc_nano.a(libc_a-lseekr.o)
 .bss           0x00000000        0x0 C:/PROGRA~2/ARMGNU~1/13C7F1~1.2RE/bin/../lib/gcc/arm-none-eabi/13.2.1/thumb/v7e-m+fp/hard\libc_nano.a(libc_a-lseekr.o)
 .text._lseek_r
                0x00000000       0x24 C:/PROGRA~2/ARMGNU~1/13C7F1~1.2RE/bin/../lib/gcc/arm-none-eabi/13.2.1/thumb/v7e-m+fp/hard\libc_nano.a(libc_a-lseekr.o)
 .debug_frame   0x00000000       0x2c C:/PROGRA~2/ARMGNU~1/13C7F1~1.2RE/bin/../lib/gcc/arm-none-eabi/13.2.1/thumb/v7e-m+fp/hard\libc_nano.a(libc_a-lseekr.o)
 .ARM.attributes
                0x00000000       0x34 C:/PROGRA~2/ARMGNU~1/13C7F1~1.2RE/bin/../lib/gcc/arm-none-eabi/13.2.1/thumb/v7e-m+fp/hard\libc_nano.a(libc_a-lseekr.o)
 .text          0x00000000        0x0 C:/PROGRA~2/ARMGNU~1/13C7F1~1.2RE/bin/../lib/gcc/arm-none-eabi/13.2.1/thumb/v7e-m+fp/hard\libc_nano.a(libc_a-readr.o)
 .data          0x00000000        0x0 C:/PROGRA~2/ARMGNU~1/13C7F1~1.2RE/bin/../lib/gcc/arm-none-eabi/13.2.1/thumb/v7e-m+fp/hard\libc_nano.a(libc_a-readr.o)
 .bss           0x00000000        0x0 C:/PROGRA~2/ARMGNU~1/13C7F1~1.2RE/bin/../lib/gcc/arm-none-eabi/13.2.1/thumb/v7e-m+fp/hard\libc_nano.a(libc_a-readr.o)
 .text._read_r  0x00000000       0x24 C:/PROGRA~2/ARMGNU~1/13C7F1~1.2RE/bin/../lib/gcc/arm-none-eabi/13.2.1/thumb/v7e-m+fp/hard\libc_nano.a(libc_a-readr.o)
 .debug_frame   0x00000000       0x2c C:/PROGRA~2/ARMGNU~1/13C7F1~1.2RE/bin/../lib/gcc/arm-none-eabi/13.2.1/thumb/v7e-m+fp/hard\libc_nano.a(libc_a-readr.o)
 .ARM.attributes
                0x00000000       0x34 C:/PROGRA~2/ARMGNU~1/13C7F1~1.2RE/bin/../lib/gcc/arm-none-eabi/13.2.1/thumb/v7e-m+fp/hard\libc_nano.a(libc_a-readr.o)
 .text          0x00000000        0x0 C:/PROGRA~2/ARMGNU~1/13C7F1~1.2RE/bin/../lib/gcc/arm-none-eabi/13.2.1/thumb/v7e-m+fp/hard\libc_nano.a(libc_a-writer.o)
 .data          0x00000000        0x0 C:/PROGRA~2/ARMGNU~1/13C7F1~1.2RE/bin/../lib/gcc/arm-none-eabi/13.2.1/thumb/v7e-m+fp/hard\libc_nano.a(libc_a-writer.o)
 .bss           0x00000000        0x0 C:/PROGRA~2/ARMGNU~1/13C7F1~1.2RE/bin/../lib/gcc/arm-none-eabi/13.2.1/thumb/v7e-m+fp/hard\libc_nano.a(libc_a-writer.o)
 .text._write_r
                0x00000000       0x24 C:/PROGRA~2/ARMGNU~1/13C7F1~1.2RE/bin/../lib/gcc/arm-none-eabi/13.2.1/thumb/v7e-m+fp/hard\libc_nano.a(libc_a-writer.o)
 .debug_frame   0x00000000       0x2c C:/PROGRA~2/ARMGNU~1/13C7F1~1.2RE/bin/../lib/gcc/arm-none-eabi/13.2.1/thumb/v7e-m+fp/hard\libc_nano.a(libc_a-writer.o)
 .ARM.attributes
                0x00000000       0x34 C:/PROGRA~2/ARMGNU~1/13C7F1~1.2RE/bin/../lib/gcc/arm-none-eabi/13.2.1/thumb/v7e-m+fp/hard\libc_nano.a(libc_a-writer.o)
 .text          0x00000000        0x0 C:/PROGRA~2/ARMGNU~1/13C7F1~1.2RE/bin/../lib/gcc/arm-none-eabi/13.2.1/thumb/v7e-m+fp/hard\libc_nano.a(libc_a-init.o)
 .data          0x00000000        0x0 C:/PROGRA~2/ARMGNU~1/13C7F1~1.2RE/bin/../lib/gcc/arm-none-eabi/13.2.1/thumb/v7e-m+fp/hard\libc_nano.a(libc_a-init.o)
 .bss           0x00000000        0x0 C:/PROGRA~2/ARMGNU~1/13C7F1~1.2RE/bin/../lib/gcc/arm-none-eabi/13.2.1/thumb/v7e-m+fp/hard\libc_nano.a(libc_a-init.o)
 .text.__libc_init_array
                0x00000000       0x48 C:/PROGRA~2/ARMGNU~1/13C7F1~1.2RE/bin/../lib/gcc/arm-none-eabi/13.2.1/thumb/v7e-m+fp/hard\libc_nano.a(libc_a-init.o)
 .debug_frame   0x00000000       0x2c C:/PROGRA~2/ARMGNU~1/13C7F1~1.2RE/bin/../lib/gcc/arm-none-eabi/13.2.1/thumb/v7e-m+fp/hard\libc_nano.a(libc_a-init.o)
 .ARM.attributes
                0x00000000       0x34 C:/PROGRA~2/ARMGNU~1/13C7F1~1.2RE/bin/../lib/gcc/arm-none-eabi/13.2.1/thumb/v7e-m+fp/hard\libc_nano.a(libc_a-init.o)
 .text          0x00000000        0x0 C:/PROGRA~2/ARMGNU~1/13C7F1~1.2RE/bin/../lib/gcc/arm-none-eabi/13.2.1/thumb/v7e-m+fp/hard\libc_nano.a(libc_a-lock.o)
 .data          0x00000000        0x0 C:/PROGRA~2/ARMGNU~1/13C7F1~1.2RE/bin/../lib/gcc/arm-none-eabi/13.2.1/thumb/v7e-m+fp/hard\libc_nano.a(libc_a-lock.o)
 .bss           0x00000000        0x0 C:/PROGRA~2/ARMGNU~1/13C7F1~1.2RE/bin/../lib/gcc/arm-none-eabi/13.2.1/thumb/v7e-m+fp/hard\libc_nano.a(libc_a-lock.o)
 .text.__retarget_lock_init
                0x00000000        0x2 C:/PROGRA~2/ARMGNU~1/13C7F1~1.2RE/bin/../lib/gcc/arm-none-eabi/13.2.1/thumb/v7e-m+fp/hard\libc_nano.a(libc_a-lock.o)
 .text.__retarget_lock_init_recursive
                0x00000000        0x2 C:/PROGRA~2/ARMGNU~1/13C7F1~1.2RE/bin/../lib/gcc/arm-none-eabi/13.2.1/thumb/v7e-m+fp/hard\libc_nano.a(libc_a-lock.o)
 .text.__retarget_lock_close
                0x00000000        0x2 C:/PROGRA~2/ARMGNU~1/13C7F1~1.2RE/bin/../lib/gcc/arm-none-eabi/13.2.1/thumb/v7e-m+fp/hard\libc_nano.a(libc_a-lock.o)
 .text.__retarget_lock_close_recursive
                0x00000000        0x2 C:/PROGRA~2/ARMGNU~1/13C7F1~1.2RE/bin/../lib/gcc/arm-none-eabi/13.2.1/thumb/v7e-m+fp/hard\libc_nano.a(libc_a-lock.o)
 .text.__retarget_lock_acquire
                0x00000000        0x2 C:/PROGRA~2/ARMGNU~1/13C7F1~1.2RE/bin/../lib/gcc/arm-none-eabi/13.2.1/thumb/v7e-m+fp/hard\libc_nano.a(libc_a-lock.o)
 .text.__retarget_lock_acquire_recursive
                0x00000000        0x2 C:/PROGRA~2/ARMGNU~1/13C7F1~1.2RE/bin/../lib/gcc/arm-none-eabi/13.2.1/thumb/v7e-m+fp/hard\libc_nano.a(libc_a-lock.o)
 .text.__retarget_lock_try_acquire
                0x00000000        0x4 C:/PROGRA~2/ARMGNU~1/13C7F1~1.2RE/bin/../lib/gcc/arm-none-eabi/13.2.1/thumb/v7e-m+fp/hard\libc_nano.a(libc_a-lock.o)
 .text.__retarget_lock_try_acquire_recursive
                0x00000000        0x4 C:/PROGRA~2/ARMGNU~1/13C7F1~1.2RE/bin/../lib/gcc/arm-none-eabi/13.2.1/thumb/v7e-m+fp/hard\libc_nano.a(libc_a-lock.o)
 .text.__retarget_lock_release
                0x00000000        0x2 C:/PROGRA~2/ARMGNU~1/13C7F1~1.2RE/bin/../lib/gcc/arm-none-eabi/13.2.1/thumb/v7e-m+fp/hard\libc_nano.a(libc_a-lock.o)
 .text.__retarget_lock_release_recursive
                0x00000000        0x2 C:/PROGRA~2/ARMGNU~1/13C7F1~1.2RE/bin/../lib/gcc/arm-none-eabi/13.2.1/thumb/v7e-m+fp/hard\libc_nano.a(libc_a-lock.o)
 .bss.__lock___arc4random_mutex
                0x00000000        0x1 C:/PROGRA~2/ARMGNU~1/13C7F1~1.2RE/bin/../lib/gcc/arm-none-eabi/13.2.1/thumb/v7e-m+fp/hard\libc_nano.a(libc_a-lock.o)
 .bss.__lock___dd_hash_mutex
                0x00000000        0x1 C:/PROGRA~2/ARMGNU~1/13C7F1~1.2RE/bin/../lib/gcc/arm-none-eabi/13.2.1/thumb/v7e-m+fp/hard\libc_nano.a(libc_a-lock.o)
 .bss.__lock___tz_mutex
                0x00000000        0x1 C:/PROGRA~2/ARMGNU~1/13C7F1~1.2RE/bin/../lib/gcc/arm-none-eabi/13.2.1/thumb/v7e-m+fp/hard\libc_nano.a(libc_a-lock.o)
 .bss.__lock___env_recursive_mutex
                0x00000000        0x1 C:/PROGRA~2/ARMGNU~1/13C7F1~1.2RE/bin/../lib/gcc/arm-none-eabi/13.2.1/thumb/v7e-m+fp/hard\libc_nano.a(libc_a-lock.o)
 .bss.__lock___malloc_recursive_mutex
                0x00000000        0x1 C:/PROGRA~2/ARMGNU~1/13C7F1~1.2RE/bin/../lib/gcc/arm-none-eabi/13.2.1/thumb/v7e-m+fp/hard\libc_nano.a(libc_a-lock.o)
 .bss.__lock___at_quick_exit_mutex
                0x00000000        0x1 C:/PROGRA~2/ARMGNU~1/13C7F1~1.2RE/bin/../lib/gcc/arm-none-eabi/13.2.1/thumb/v7e-m+fp/hard\libc_nano.a(libc_a-lock.o)
 .bss.__lock___atexit_recursive_mutex
                0x00000000        0x1 C:/PROGRA~2/ARMGNU~1/13C7F1~1.2RE/bin/../lib/gcc/arm-none-eabi/13.2.1/thumb/v7e-m+fp/hard\libc_nano.a(libc_a-lock.o)
 .bss.__lock___sfp_recursive_mutex
                0x00000000        0x1 C:/PROGRA~2/ARMGNU~1/13C7F1~1.2RE/bin/../lib/gcc/arm-none-eabi/13.2.1/thumb/v7e-m+fp/hard\libc_nano.a(libc_a-lock.o)
 .debug_frame   0x00000000       0xb0 C:/PROGRA~2/ARMGNU~1/13C7F1~1.2RE/bin/../lib/gcc/arm-none-eabi/13.2.1/thumb/v7e-m+fp/hard\libc_nano.a(libc_a-lock.o)
 .ARM.attributes
                0x00000000       0x34 C:/PROGRA~2/ARMGNU~1/13C7F1~1.2RE/bin/../lib/gcc/arm-none-eabi/13.2.1/thumb/v7e-m+fp/hard\libc_nano.a(libc_a-lock.o)
 .text          0x00000000        0x0 C:/PROGRA~2/ARMGNU~1/13C7F1~1.2RE/bin/../lib/gcc/arm-none-eabi/13.2.1/thumb/v7e-m+fp/hard\libc_nano.a(libc_a-freer.o)
 .data          0x00000000        0x0 C:/PROGRA~2/ARMGNU~1/13C7F1~1.2RE/bin/../lib/gcc/arm-none-eabi/13.2.1/thumb/v7e-m+fp/hard\libc_nano.a(libc_a-freer.o)
 .bss           0x00000000        0x0 C:/PROGRA~2/ARMGNU~1/13C7F1~1.2RE/bin/../lib/gcc/arm-none-eabi/13.2.1/thumb/v7e-m+fp/hard\libc_nano.a(libc_a-freer.o)
 .text._free_r  0x00000000       0x94 C:/PROGRA~2/ARMGNU~1/13C7F1~1.2RE/bin/../lib/gcc/arm-none-eabi/13.2.1/thumb/v7e-m+fp/hard\libc_nano.a(libc_a-freer.o)
 .debug_frame   0x00000000       0x38 C:/PROGRA~2/ARMGNU~1/13C7F1~1.2RE/bin/../lib/gcc/arm-none-eabi/13.2.1/thumb/v7e-m+fp/hard\libc_nano.a(libc_a-freer.o)
 .ARM.attributes
                0x00000000       0x34 C:/PROGRA~2/ARMGNU~1/13C7F1~1.2RE/bin/../lib/gcc/arm-none-eabi/13.2.1/thumb/v7e-m+fp/hard\libc_nano.a(libc_a-freer.o)
 .text          0x00000000        0x0 C:/PROGRA~2/ARMGNU~1/13C7F1~1.2RE/bin/../lib/gcc/arm-none-eabi/13.2.1/thumb/v7e-m+fp/hard\libc_nano.a(libc_a-mallocr.o)
 .data          0x00000000        0x0 C:/PROGRA~2/ARMGNU~1/13C7F1~1.2RE/bin/../lib/gcc/arm-none-eabi/13.2.1/thumb/v7e-m+fp/hard\libc_nano.a(libc_a-mallocr.o)
 .bss           0x00000000        0x0 C:/PROGRA~2/ARMGNU~1/13C7F1~1.2RE/bin/../lib/gcc/arm-none-eabi/13.2.1/thumb/v7e-m+fp/hard\libc_nano.a(libc_a-mallocr.o)
 .text.sbrk_aligned
                0x00000000       0x44 C:/PROGRA~2/ARMGNU~1/13C7F1~1.2RE/bin/../lib/gcc/arm-none-eabi/13.2.1/thumb/v7e-m+fp/hard\libc_nano.a(libc_a-mallocr.o)
 .text._malloc_r
                0x00000000      0x100 C:/PROGRA~2/ARMGNU~1/13C7F1~1.2RE/bin/../lib/gcc/arm-none-eabi/13.2.1/thumb/v7e-m+fp/hard\libc_nano.a(libc_a-mallocr.o)
 .bss.__malloc_sbrk_start
                0x00000000        0x4 C:/PROGRA~2/ARMGNU~1/13C7F1~1.2RE/bin/../lib/gcc/arm-none-eabi/13.2.1/thumb/v7e-m+fp/hard\libc_nano.a(libc_a-mallocr.o)
 .bss.__malloc_free_list
                0x00000000        0x4 C:/PROGRA~2/ARMGNU~1/13C7F1~1.2RE/bin/../lib/gcc/arm-none-eabi/13.2.1/thumb/v7e-m+fp/hard\libc_nano.a(libc_a-mallocr.o)
 .debug_frame   0x00000000       0x50 C:/PROGRA~2/ARMGNU~1/13C7F1~1.2RE/bin/../lib/gcc/arm-none-eabi/13.2.1/thumb/v7e-m+fp/hard\libc_nano.a(libc_a-mallocr.o)
 .ARM.attributes
                0x00000000       0x34 C:/PROGRA~2/ARMGNU~1/13C7F1~1.2RE/bin/../lib/gcc/arm-none-eabi/13.2.1/thumb/v7e-m+fp/hard\libc_nano.a(libc_a-mallocr.o)
 .text          0x00000000        0x0 C:/PROGRA~2/ARMGNU~1/13C7F1~1.2RE/bin/../lib/gcc/arm-none-eabi/13.2.1/thumb/v7e-m+fp/hard\libc_nano.a(libc_a-mlock.o)
 .data          0x00000000        0x0 C:/PROGRA~2/ARMGNU~1/13C7F1~1.2RE/bin/../lib/gcc/arm-none-eabi/13.2.1/thumb/v7e-m+fp/hard\libc_nano.a(libc_a-mlock.o)
 .bss           0x00000000        0x0 C:/PROGRA~2/ARMGNU~1/13C7F1~1.2RE/bin/../lib/gcc/arm-none-eabi/13.2.1/thumb/v7e-m+fp/hard\libc_nano.a(libc_a-mlock.o)
 .text.__malloc_lock
                0x00000000        0xc C:/PROGRA~2/ARMGNU~1/13C7F1~1.2RE/bin/../lib/gcc/arm-none-eabi/13.2.1/thumb/v7e-m+fp/hard\libc_nano.a(libc_a-mlock.o)
 .text.__malloc_unlock
                0x00000000        0xc C:/PROGRA~2/ARMGNU~1/13C7F1~1.2RE/bin/../lib/gcc/arm-none-eabi/13.2.1/thumb/v7e-m+fp/hard\libc_nano.a(libc_a-mlock.o)
 .debug_frame   0x00000000       0x30 C:/PROGRA~2/ARMGNU~1/13C7F1~1.2RE/bin/../lib/gcc/arm-none-eabi/13.2.1/thumb/v7e-m+fp/hard\libc_nano.a(libc_a-mlock.o)
 .ARM.attributes
                0x00000000       0x34 C:/PROGRA~2/ARMGNU~1/13C7F1~1.2RE/bin/../lib/gcc/arm-none-eabi/13.2.1/thumb/v7e-m+fp/hard\libc_nano.a(libc_a-mlock.o)
 .text          0x00000000        0x0 C:/PROGRA~2/ARMGNU~1/13C7F1~1.2RE/bin/../lib/gcc/arm-none-eabi/13.2.1/thumb/v7e-m+fp/hard\libc_nano.a(libc_a-fflush.o)
 .data          0x00000000        0x0 C:/PROGRA~2/ARMGNU~1/13C7F1~1.2RE/bin/../lib/gcc/arm-none-eabi/13.2.1/thumb/v7e-m+fp/hard\libc_nano.a(libc_a-fflush.o)
 .bss           0x00000000        0x0 C:/PROGRA~2/ARMGNU~1/13C7F1~1.2RE/bin/../lib/gcc/arm-none-eabi/13.2.1/thumb/v7e-m+fp/hard\libc_nano.a(libc_a-fflush.o)
 .text.__sflush_r
                0x00000000      0x108 C:/PROGRA~2/ARMGNU~1/13C7F1~1.2RE/bin/../lib/gcc/arm-none-eabi/13.2.1/thumb/v7e-m+fp/hard\libc_nano.a(libc_a-fflush.o)
 .text._fflush_r
                0x00000000       0x50 C:/PROGRA~2/ARMGNU~1/13C7F1~1.2RE/bin/../lib/gcc/arm-none-eabi/13.2.1/thumb/v7e-m+fp/hard\libc_nano.a(libc_a-fflush.o)
 .text.fflush   0x00000000       0x28 C:/PROGRA~2/ARMGNU~1/13C7F1~1.2RE/bin/../lib/gcc/arm-none-eabi/13.2.1/thumb/v7e-m+fp/hard\libc_nano.a(libc_a-fflush.o)
 .debug_frame   0x00000000       0x5c C:/PROGRA~2/ARMGNU~1/13C7F1~1.2RE/bin/../lib/gcc/arm-none-eabi/13.2.1/thumb/v7e-m+fp/hard\libc_nano.a(libc_a-fflush.o)
 .ARM.attributes
                0x00000000       0x34 C:/PROGRA~2/ARMGNU~1/13C7F1~1.2RE/bin/../lib/gcc/arm-none-eabi/13.2.1/thumb/v7e-m+fp/hard\libc_nano.a(libc_a-fflush.o)
 .text          0x00000000        0x0 C:/PROGRA~2/ARMGNU~1/13C7F1~1.2RE/bin/../lib/gcc/arm-none-eabi/13.2.1/thumb/v7e-m+fp/hard\libc_nano.a(libc_a-sbrkr.o)
 .data          0x00000000        0x0 C:/PROGRA~2/ARMGNU~1/13C7F1~1.2RE/bin/../lib/gcc/arm-none-eabi/13.2.1/thumb/v7e-m+fp/hard\libc_nano.a(libc_a-sbrkr.o)
 .bss           0x00000000        0x0 C:/PROGRA~2/ARMGNU~1/13C7F1~1.2RE/bin/../lib/gcc/arm-none-eabi/13.2.1/thumb/v7e-m+fp/hard\libc_nano.a(libc_a-sbrkr.o)
 .text._sbrk_r  0x00000000       0x20 C:/PROGRA~2/ARMGNU~1/13C7F1~1.2RE/bin/../lib/gcc/arm-none-eabi/13.2.1/thumb/v7e-m+fp/hard\libc_nano.a(libc_a-sbrkr.o)
 .debug_frame   0x00000000       0x2c C:/PROGRA~2/ARMGNU~1/13C7F1~1.2RE/bin/../lib/gcc/arm-none-eabi/13.2.1/thumb/v7e-m+fp/hard\libc_nano.a(libc_a-sbrkr.o)
 .ARM.attributes
                0x00000000       0x34 C:/PROGRA~2/ARMGNU~1/13C7F1~1.2RE/bin/../lib/gcc/arm-none-eabi/13.2.1/thumb/v7e-m+fp/hard\libc_nano.a(libc_a-sbrkr.o)
 .text          0x00000000        0x0 C:/PROGRA~2/ARMGNU~1/13C7F1~1.2RE/bin/../lib/gcc/arm-none-eabi/13.2.1/thumb/v7e-m+fp/hard\libnosys.a(close.o)
 .data          0x00000000        0x0 C:/PROGRA~2/ARMGNU~1/13C7F1~1.2RE/bin/../lib/gcc/arm-none-eabi/13.2.1/thumb/v7e-m+fp/hard\libnosys.a(close.o)
 .bss           0x00000000        0x0 C:/PROGRA~2/ARMGNU~1/13C7F1~1.2RE/bin/../lib/gcc/arm-none-eabi/13.2.1/thumb/v7e-m+fp/hard\libnosys.a(close.o)
 .text._close   0x00000000       0x10 C:/PROGRA~2/ARMGNU~1/13C7F1~1.2RE/bin/../lib/gcc/arm-none-eabi/13.2.1/thumb/v7e-m+fp/hard\libnosys.a(close.o)
 .gnu.warning._close
                0x00000000        0x0 C:/PROGRA~2/ARMGNU~1/13C7F1~1.2RE/bin/../lib/gcc/arm-none-eabi/13.2.1/thumb/v7e-m+fp/hard\libnosys.a(close.o)
 .debug_frame   0x00000000       0x20 C:/PROGRA~2/ARMGNU~1/13C7F1~1.2RE/bin/../lib/gcc/arm-none-eabi/13.2.1/thumb/v7e-m+fp/hard\libnosys.a(close.o)
 .ARM.attributes
                0x00000000       0x34 C:/PROGRA~2/ARMGNU~1/13C7F1~1.2RE/bin/../lib/gcc/arm-none-eabi/13.2.1/thumb/v7e-m+fp/hard\libnosys.a(close.o)
 .text          0x00000000        0x0 C:/PROGRA~2/ARMGNU~1/13C7F1~1.2RE/bin/../lib/gcc/arm-none-eabi/13.2.1/thumb/v7e-m+fp/hard\libnosys.a(lseek.o)
 .data          0x00000000        0x0 C:/PROGRA~2/ARMGNU~1/13C7F1~1.2RE/bin/../lib/gcc/arm-none-eabi/13.2.1/thumb/v7e-m+fp/hard\libnosys.a(lseek.o)
 .bss           0x00000000        0x0 C:/PROGRA~2/ARMGNU~1/13C7F1~1.2RE/bin/../lib/gcc/arm-none-eabi/13.2.1/thumb/v7e-m+fp/hard\libnosys.a(lseek.o)
 .text._lseek   0x00000000       0x10 C:/PROGRA~2/ARMGNU~1/13C7F1~1.2RE/bin/../lib/gcc/arm-none-eabi/13.2.1/thumb/v7e-m+fp/hard\libnosys.a(lseek.o)
 .gnu.warning._lseek
                0x00000000        0x0 C:/PROGRA~2/ARMGNU~1/13C7F1~1.2RE/bin/../lib/gcc/arm-none-eabi/13.2.1/thumb/v7e-m+fp/hard\libnosys.a(lseek.o)
 .debug_frame   0x00000000       0x20 C:/PROGRA~2/ARMGNU~1/13C7F1~1.2RE/bin/../lib/gcc/arm-none-eabi/13.2.1/thumb/v7e-m+fp/hard\libnosys.a(lseek.o)
 .ARM.attributes
                0x00000000       0x34 C:/PROGRA~2/ARMGNU~1/13C7F1~1.2RE/bin/../lib/gcc/arm-none-eabi/13.2.1/thumb/v7e-m+fp/hard\libnosys.a(lseek.o)
 .text          0x00000000        0x0 C:/PROGRA~2/ARMGNU~1/13C7F1~1.2RE/bin/../lib/gcc/arm-none-eabi/13.2.1/thumb/v7e-m+fp/hard\libnosys.a(read.o)
 .data          0x00000000        0x0 C:/PROGRA~2/ARMGNU~1/13C7F1~1.2RE/bin/../lib/gcc/arm-none-eabi/13.2.1/thumb/v7e-m+fp/hard\libnosys.a(read.o)
 .bss           0x00000000        0x0 C:/PROGRA~2/ARMGNU~1/13C7F1~1.2RE/bin/../lib/gcc/arm-none-eabi/13.2.1/thumb/v7e-m+fp/hard\libnosys.a(read.o)
 .text._read    0x00000000       0x10 C:/PROGRA~2/ARMGNU~1/13C7F1~1.2RE/bin/../lib/gcc/arm-none-eabi/13.2.1/thumb/v7e-m+fp/hard\libnosys.a(read.o)
 .gnu.warning._read
                0x00000000        0x0 C:/PROGRA~2/ARMGNU~1/13C7F1~1.2RE/bin/../lib/gcc/arm-none-eabi/13.2.1/thumb/v7e-m+fp/hard\libnosys.a(read.o)
 .debug_frame   0x00000000       0x20 C:/PROGRA~2/ARMGNU~1/13C7F1~1.2RE/bin/../lib/gcc/arm-none-eabi/13.2.1/thumb/v7e-m+fp/hard\libnosys.a(read.o)
 .ARM.attributes
                0x00000000       0x34 C:/PROGRA~2/ARMGNU~1/13C7F1~1.2RE/bin/../lib/gcc/arm-none-eabi/13.2.1/thumb/v7e-m+fp/hard\libnosys.a(read.o)
 .text          0x00000000        0x0 C:/PROGRA~2/ARMGNU~1/13C7F1~1.2RE/bin/../lib/gcc/arm-none-eabi/13.2.1/thumb/v7e-m+fp/hard\libnosys.a(sbrk.o)
 .data          0x00000000        0x0 C:/PROGRA~2/ARMGNU~1/13C7F1~1.2RE/bin/../lib/gcc/arm-none-eabi/13.2.1/thumb/v7e-m+fp/hard\libnosys.a(sbrk.o)
 .bss           0x00000000        0x0 C:/PROGRA~2/ARMGNU~1/13C7F1~1.2RE/bin/../lib/gcc/arm-none-eabi/13.2.1/thumb/v7e-m+fp/hard\libnosys.a(sbrk.o)
 .text._sbrk    0x00000000       0x1c C:/PROGRA~2/ARMGNU~1/13C7F1~1.2RE/bin/../lib/gcc/arm-none-eabi/13.2.1/thumb/v7e-m+fp/hard\libnosys.a(sbrk.o)
 .bss.heap_end.0
                0x00000000        0x4 C:/PROGRA~2/ARMGNU~1/13C7F1~1.2RE/bin/../lib/gcc/arm-none-eabi/13.2.1/thumb/v7e-m+fp/hard\libnosys.a(sbrk.o)
 .debug_frame   0x00000000       0x20 C:/PROGRA~2/ARMGNU~1/13C7F1~1.2RE/bin/../lib/gcc/arm-none-eabi/13.2.1/thumb/v7e-m+fp/hard\libnosys.a(sbrk.o)
 .ARM.attributes
                0x00000000       0x34 C:/PROGRA~2/ARMGNU~1/13C7F1~1.2RE/bin/../lib/gcc/arm-none-eabi/13.2.1/thumb/v7e-m+fp/hard\libnosys.a(sbrk.o)
 .text          0x00000000        0x0 C:/PROGRA~2/ARMGNU~1/13C7F1~1.2RE/bin/../lib/gcc/arm-none-eabi/13.2.1/thumb/v7e-m+fp/hard\libnosys.a(write.o)
 .data          0x00000000        0x0 C:/PROGRA~2/ARMGNU~1/13C7F1~1.2RE/bin/../lib/gcc/arm-none-eabi/13.2.1/thumb/v7e-m+fp/hard\libnosys.a(write.o)
 .bss           0x00000000        0x0 C:/PROGRA~2/ARMGNU~1/13C7F1~1.2RE/bin/../lib/gcc/arm-none-eabi/13.2.1/thumb/v7e-m+fp/hard\libnosys.a(write.o)
 .text._write   0x00000000       0x10 C:/PROGRA~2/ARMGNU~1/13C7F1~1.2RE/bin/../lib/gcc/arm-none-eabi/13.2.1/thumb/v7e-m+fp/hard\libnosys.a(write.o)
 .gnu.warning._write
                0x00000000        0x0 C:/PROGRA~2/ARMGNU~1/13C7F1~1.2RE/bin/../lib/gcc/arm-none-eabi/13.2.1/thumb/v7e-m+fp/hard\libnosys.a(write.o)
 .debug_frame   0x00000000       0x20 C:/PROGRA~2/ARMGNU~1/13C7F1~1.2RE/bin/../lib/gcc/arm-none-eabi/13.2.1/thumb/v7e-m+fp/hard\libnosys.a(write.o)
 .ARM.attributes
                0x00000000       0x34 C:/PROGRA~2/ARMGNU~1/13C7F1~1.2RE/bin/../lib/gcc/arm-none-eabi/13.2.1/thumb/v7e-m+fp/hard\libnosys.a(write.o)
 .text          0x00000000        0x0 C:/PROGRA~2/ARMGNU~1/13C7F1~1.2RE/bin/../lib/gcc/arm-none-eabi/13.2.1/thumb/v7e-m+fp/hard\libnosys.a(_exit.o)
 .data          0x00000000        0x0 C:/PROGRA~2/ARMGNU~1/13C7F1~1.2RE/bin/../lib/gcc/arm-none-eabi/13.2.1/thumb/v7e-m+fp/hard\libnosys.a(_exit.o)
 .bss           0x00000000        0x0 C:/PROGRA~2/ARMGNU~1/13C7F1~1.2RE/bin/../lib/gcc/arm-none-eabi/13.2.1/thumb/v7e-m+fp/hard\libnosys.a(_exit.o)
 .text._exit    0x00000000        0x4 C:/PROGRA~2/ARMGNU~1/13C7F1~1.2RE/bin/../lib/gcc/arm-none-eabi/13.2.1/thumb/v7e-m+fp/hard\libnosys.a(_exit.o)
 .debug_frame   0x00000000       0x20 C:/PROGRA~2/ARMGNU~1/13C7F1~1.2RE/bin/../lib/gcc/arm-none-eabi/13.2.1/thumb/v7e-m+fp/hard\libnosys.a(_exit.o)
 .ARM.attributes
                0x00000000       0x34 C:/PROGRA~2/ARMGNU~1/13C7F1~1.2RE/bin/../lib/gcc/arm-none-eabi/13.2.1/thumb/v7e-m+fp/hard\libnosys.a(_exit.o)
 .text          0x00000000        0x0 C:/PROGRA~2/ARMGNU~1/13C7F1~1.2RE/bin/../lib/gcc/arm-none-eabi/13.2.1/thumb/v7e-m+fp/hard/crtend.o
 .data          0x00000000        0x0 C:/PROGRA~2/ARMGNU~1/13C7F1~1.2RE/bin/../lib/gcc/arm-none-eabi/13.2.1/thumb/v7e-m+fp/hard/crtend.o
 .bss           0x00000000        0x0 C:/PROGRA~2/ARMGNU~1/13C7F1~1.2RE/bin/../lib/gcc/arm-none-eabi/13.2.1/thumb/v7e-m+fp/hard/crtend.o
 .rodata.all_implied_fbits
                0x00000000       0x24 C:/PROGRA~2/ARMGNU~1/13C7F1~1.2RE/bin/../lib/gcc/arm-none-eabi/13.2.1/thumb/v7e-m+fp/hard/crtend.o
 .eh_frame      0x00000000        0x4 C:/PROGRA~2/ARMGNU~1/13C7F1~1.2RE/bin/../lib/gcc/arm-none-eabi/13.2.1/thumb/v7e-m+fp/hard/crtend.o
 .text          0x00000000        0x0 C:/PROGRA~2/ARMGNU~1/13C7F1~1.2RE/bin/../lib/gcc/arm-none-eabi/13.2.1/thumb/v7e-m+fp/hard/crtn.o
 .data          0x00000000        0x0 C:/PROGRA~2/ARMGNU~1/13C7F1~1.2RE/bin/../lib/gcc/arm-none-eabi/13.2.1/thumb/v7e-m+fp/hard/crtn.o
 .bss           0x00000000        0x0 C:/PROGRA~2/ARMGNU~1/13C7F1~1.2RE/bin/../lib/gcc/arm-none-eabi/13.2.1/thumb/v7e-m+fp/hard/crtn.o

Memory Configuration

Name             Origin             Length             Attributes
FLASH            0x08000000         0x00080000         xr
RAM              0x20000000         0x00020000         xrw
CCMRAM           0x10000000         0x00010000         xrw
*default*        0x00000000         0xffffffff

Linker script and memory map

LOAD C:/PROGRA~2/ARMGNU~1/13C7F1~1.2RE/bin/../lib/gcc/arm-none-eabi/13.2.1/thumb/v7e-m+fp/hard/crti.o
LOAD C:/PROGRA~2/ARMGNU~1/13C7F1~1.2RE/bin/../lib/gcc/arm-none-eabi/13.2.1/thumb/v7e-m+fp/hard/crtbegin.o
LOAD C:/PROGRA~2/ARMGNU~1/13C7F1~1.2RE/bin/../lib/gcc/arm-none-eabi/13.2.1/thumb/v7e-m+fp/hard/crt0.o
LOAD CMakeFiles/OmniLayer_F407.dir/app/main.c.obj
LOAD CMakeFiles/OmniLayer_F407.dir/Enroll/Enroll.c.obj
LOAD CMakeFiles/OmniLayer_F407.dir/BSP/LED/LED.c.obj
LOAD CMakeFiles/OmniLayer_F407.dir/Core/STM32F407/src/f407_gpio.c.obj
LOAD CMakeFiles/OmniLayer_F407.dir/Drivers/Drivers_STM32F4/Start/system_stm32f4xx.c.obj
LOAD CMakeFiles/OmniLayer_F407.dir/Drivers/Drivers_STM32F4/Start/stm32f4xx_it.c.obj
LOAD CMakeFiles/OmniLayer_F407.dir/Drivers/Drivers_STM32F4/Start/startup_stm32f407vetx_gcc.c.obj
LOAD C:/PROGRA~2/ARMGNU~1/13C7F1~1.2RE/bin/../lib/gcc/arm-none-eabi/13.2.1/thumb/v7e-m+fp/hard\libm.a
LOAD C:/PROGRA~2/ARMGNU~1/13C7F1~1.2RE/bin/../lib/gcc/arm-none-eabi/13.2.1/thumb/v7e-m+fp/hard\libc_nano.a
START GROUP
LOAD C:/PROGRA~2/ARMGNU~1/13C7F1~1.2RE/bin/../lib/gcc/arm-none-eabi/13.2.1/thumb/v7e-m+fp/hard\libgcc.a
LOAD C:/PROGRA~2/ARMGNU~1/13C7F1~1.2RE/bin/../lib/gcc/arm-none-eabi/13.2.1/thumb/v7e-m+fp/hard\libg_nano.a
LOAD C:/PROGRA~2/ARMGNU~1/13C7F1~1.2RE/bin/../lib/gcc/arm-none-eabi/13.2.1/thumb/v7e-m+fp/hard\libc_nano.a
END GROUP
START GROUP
LOAD C:/PROGRA~2/ARMGNU~1/13C7F1~1.2RE/bin/../lib/gcc/arm-none-eabi/13.2.1/thumb/v7e-m+fp/hard\libgcc.a
LOAD C:/PROGRA~2/ARMGNU~1/13C7F1~1.2RE/bin/../lib/gcc/arm-none-eabi/13.2.1/thumb/v7e-m+fp/hard\libc_nano.a
LOAD C:/PROGRA~2/ARMGNU~1/13C7F1~1.2RE/bin/../lib/gcc/arm-none-eabi/13.2.1/thumb/v7e-m+fp/hard\libnosys.a
END GROUP
START GROUP
LOAD C:/PROGRA~2/ARMGNU~1/13C7F1~1.2RE/bin/../lib/gcc/arm-none-eabi/13.2.1/thumb/v7e-m+fp/hard\libgcc.a
LOAD C:/PROGRA~2/ARMGNU~1/13C7F1~1.2RE/bin/../lib/gcc/arm-none-eabi/13.2.1/thumb/v7e-m+fp/hard\libc_nano.a
LOAD C:/PROGRA~2/ARMGNU~1/13C7F1~1.2RE/bin/../lib/gcc/arm-none-eabi/13.2.1/thumb/v7e-m+fp/hard\libnosys.a
END GROUP
LOAD C:/PROGRA~2/ARMGNU~1/13C7F1~1.2RE/bin/../lib/gcc/arm-none-eabi/13.2.1/thumb/v7e-m+fp/hard/crtend.o
LOAD C:/PROGRA~2/ARMGNU~1/13C7F1~1.2RE/bin/../lib/gcc/arm-none-eabi/13.2.1/thumb/v7e-m+fp/hard/crtn.o
                0x20020000                        _estack = (ORIGIN (RAM) + LENGTH (RAM))
                0x00000200                        _Min_Heap_Size = 0x200
                0x00000400                        _Min_Stack_Size = 0x400

.isr_vector     0x08000000      0x188
                0x08000000                        . = ALIGN (0x4)
 *(.isr_vector)
 .isr_vector    0x08000000      0x188 CMakeFiles/OmniLayer_F407.dir/Drivers/Drivers_STM32F4/Start/startup_stm32f407vetx_gcc.c.obj
                0x08000000                g_pfnVectors
                0x08000188                        . = ALIGN (0x4)

.text           0x08000188      0x4a0
                0x08000188                        . = ALIGN (0x4)
 *(.text)
 *(.text*)
 .text.deregister_tm_clones
                0x08000188       0x1c C:/PROGRA~2/ARMGNU~1/13C7F1~1.2RE/bin/../lib/gcc/arm-none-eabi/13.2.1/thumb/v7e-m+fp/hard/crtbegin.o
 .text.register_tm_clones
                0x080001a4       0x24 C:/PROGRA~2/ARMGNU~1/13C7F1~1.2RE/bin/../lib/gcc/arm-none-eabi/13.2.1/thumb/v7e-m+fp/hard/crtbegin.o
 .text.__do_global_dtors_aux
                0x080001c8       0x28 C:/PROGRA~2/ARMGNU~1/13C7F1~1.2RE/bin/../lib/gcc/arm-none-eabi/13.2.1/thumb/v7e-m+fp/hard/crtbegin.o
 .text.frame_dummy
                0x080001f0       0x24 C:/PROGRA~2/ARMGNU~1/13C7F1~1.2RE/bin/../lib/gcc/arm-none-eabi/13.2.1/thumb/v7e-m+fp/hard/crtbegin.o
 .text.main     0x08000214       0x12 CMakeFiles/OmniLayer_F407.dir/app/main.c.obj
                0x08000214                main
 *fill*         0x08000226        0x2 
 .text.Enroll_LED_Init
                0x08000228       0x18 CMakeFiles/OmniLayer_F407.dir/Enroll/Enroll.c.obj
                0x08000228                Enroll_LED_Init
 .text.Enroll_LED_Control
                0x08000240        0x8 CMakeFiles/OmniLayer_F407.dir/Enroll/Enroll.c.obj
                0x08000240                Enroll_LED_Control
 .text.LED_NormalizeLevel
                0x08000248        0xa CMakeFiles/OmniLayer_F407.dir/BSP/LED/LED.c.obj
 *fill*         0x08000252        0x2 
 .text.LED_FindConfig
                0x08000254       0x44 CMakeFiles/OmniLayer_F407.dir/BSP/LED/LED.c.obj
 .text.LED_Register
                0x08000298       0x20 CMakeFiles/OmniLayer_F407.dir/BSP/LED/LED.c.obj
                0x08000298                LED_Register
 .text.LED_Init
                0x080002b8       0x60 CMakeFiles/OmniLayer_F407.dir/BSP/LED/LED.c.obj
                0x080002b8                LED_Init
 .text.LED_Control
                0x08000318       0x20 CMakeFiles/OmniLayer_F407.dir/BSP/LED/LED.c.obj
                0x08000318                LED_Control
 .text.F407_GPIO_EnableClock
                0x08000338       0xcc CMakeFiles/OmniLayer_F407.dir/Core/STM32F407/src/f407_gpio.c.obj
 .text.F407_GPIO_PinIndex
                0x08000404       0x1c CMakeFiles/OmniLayer_F407.dir/Core/STM32F407/src/f407_gpio.c.obj
 .text.F407_GPIO_InitOutput
                0x08000420       0x54 CMakeFiles/OmniLayer_F407.dir/Core/STM32F407/src/f407_gpio.c.obj
                0x08000420                F407_GPIO_InitOutput
 .text.F407_GPIO_Write
                0x08000474       0x10 CMakeFiles/OmniLayer_F407.dir/Core/STM32F407/src/f407_gpio.c.obj
                0x08000474                F407_GPIO_Write
 .text.SetSysClock
                0x08000484       0xc4 CMakeFiles/OmniLayer_F407.dir/Drivers/Drivers_STM32F4/Start/system_stm32f4xx.c.obj
 .text.SystemInit
                0x08000548       0x50 CMakeFiles/OmniLayer_F407.dir/Drivers/Drivers_STM32F4/Start/system_stm32f4xx.c.obj
                0x08000548                SystemInit
 .text.NMI_Handler
                0x08000598        0x2 CMakeFiles/OmniLayer_F407.dir/Drivers/Drivers_STM32F4/Start/stm32f4xx_it.c.obj
                0x08000598                NMI_Handler
 .text.HardFault_Handler
                0x0800059a        0x2 CMakeFiles/OmniLayer_F407.dir/Drivers/Drivers_STM32F4/Start/stm32f4xx_it.c.obj
                0x0800059a                HardFault_Handler
 .text.MemManage_Handler
                0x0800059c        0x2 CMakeFiles/OmniLayer_F407.dir/Drivers/Drivers_STM32F4/Start/stm32f4xx_it.c.obj
                0x0800059c                MemManage_Handler
 .text.BusFault_Handler
                0x0800059e        0x2 CMakeFiles/OmniLayer_F407.dir/Drivers/Drivers_STM32F4/Start/stm32f4xx_it.c.obj
                0x0800059e                BusFault_Handler
 .text.UsageFault_Handler
                0x080005a0        0x2 CMakeFiles/OmniLayer_F407.dir/Drivers/Drivers_STM32F4/Start/stm32f4xx_it.c.obj
                0x080005a0                UsageFault_Handler
 .text.SVC_Handler
                0x080005a2        0x2 CMakeFiles/OmniLayer_F407.dir/Drivers/Drivers_STM32F4/Start/stm32f4xx_it.c.obj
                0x080005a2                SVC_Handler
 .text.DebugMon_Handler
                0x080005a4        0x2 CMakeFiles/OmniLayer_F407.dir/Drivers/Drivers_STM32F4/Start/stm32f4xx_it.c.obj
                0x080005a4                DebugMon_Handler
 .text.PendSV_Handler
                0x080005a6        0x2 CMakeFiles/OmniLayer_F407.dir/Drivers/Drivers_STM32F4/Start/stm32f4xx_it.c.obj
                0x080005a6                PendSV_Handler
 .text.SysTick_Handler
                0x080005a8        0x2 CMakeFiles/OmniLayer_F407.dir/Drivers/Drivers_STM32F4/Start/stm32f4xx_it.c.obj
                0x080005a8                SysTick_Handler
 .text.EnableFPU
                0x080005aa       0x1a CMakeFiles/OmniLayer_F407.dir/Drivers/Drivers_STM32F4/Start/startup_stm32f407vetx_gcc.c.obj
 .text.Default_Handler
                0x080005c4        0x2 CMakeFiles/OmniLayer_F407.dir/Drivers/Drivers_STM32F4/Start/startup_stm32f407vetx_gcc.c.obj
                0x080005c4                RTC_Alarm_IRQHandler
                0x080005c4                HASH_RNG_IRQHandler
                0x080005c4                EXTI2_IRQHandler
                0x080005c4                TIM8_CC_IRQHandler
                0x080005c4                TIM1_CC_IRQHandler
                0x080005c4                DMA2_Stream5_IRQHandler
                0x080005c4                DMA1_Stream5_IRQHandler
                0x080005c4                PVD_IRQHandler
                0x080005c4                SDIO_IRQHandler
                0x080005c4                TAMP_STAMP_IRQHandler
                0x080005c4                CAN2_RX1_IRQHandler
                0x080005c4                EXTI3_IRQHandler
                0x080005c4                TIM8_TRG_COM_TIM14_IRQHandler
                0x080005c4                TIM1_UP_TIM10_IRQHandler
                0x080005c4                TIM8_UP_TIM13_IRQHandler
                0x080005c4                I2C3_ER_IRQHandler
                0x080005c4                EXTI0_IRQHandler
                0x080005c4                I2C2_EV_IRQHandler
                0x080005c4                DMA1_Stream2_IRQHandler
                0x080005c4                CAN1_RX0_IRQHandler
                0x080005c4                FPU_IRQHandler
                0x080005c4                OTG_HS_WKUP_IRQHandler
                0x080005c4                CAN2_SCE_IRQHandler
                0x080005c4                DMA2_Stream2_IRQHandler
                0x080005c4                SPI1_IRQHandler
                0x080005c4                TIM6_DAC_IRQHandler
                0x080005c4                TIM1_BRK_TIM9_IRQHandler
                0x080005c4                DCMI_IRQHandler
                0x080005c4                CAN2_RX0_IRQHandler
                0x080005c4                DMA2_Stream3_IRQHandler
                0x080005c4                USART6_IRQHandler
                0x080005c4                USART3_IRQHandler
                0x080005c4                CRYP_IRQHandler
                0x080005c4                CAN1_RX1_IRQHandler
                0x080005c4                UART5_IRQHandler
                0x080005c4                DMA2_Stream0_IRQHandler
                0x080005c4                TIM4_IRQHandler
                0x080005c4                I2C1_EV_IRQHandler
                0x080005c4                DMA1_Stream6_IRQHandler
                0x080005c4                DMA1_Stream1_IRQHandler
                0x080005c4                UART4_IRQHandler
                0x080005c4                TIM3_IRQHandler
                0x080005c4                RCC_IRQHandler
                0x080005c4                TIM8_BRK_TIM12_IRQHandler
                0x080005c4                Default_Handler
                0x080005c4                EXTI15_10_IRQHandler
                0x080005c4                ADC_IRQHandler
                0x080005c4                DMA1_Stream7_IRQHandler
                0x080005c4                TIM7_IRQHandler
                0x080005c4                CAN2_TX_IRQHandler
                0x080005c4                TIM5_IRQHandler
                0x080005c4                DMA2_Stream7_IRQHandler
                0x080005c4                I2C3_EV_IRQHandler
                0x080005c4                EXTI9_5_IRQHandler
                0x080005c4                RTC_WKUP_IRQHandler
                0x080005c4                ETH_WKUP_IRQHandler
                0x080005c4                SPI2_IRQHandler
                0x080005c4                OTG_HS_EP1_IN_IRQHandler
                0x080005c4                DMA1_Stream0_IRQHandler
                0x080005c4                CAN1_TX_IRQHandler
                0x080005c4                EXTI4_IRQHandler
                0x080005c4                FSMC_IRQHandler
                0x080005c4                ETH_IRQHandler
                0x080005c4                OTG_HS_EP1_OUT_IRQHandler
                0x080005c4                WWDG_IRQHandler
                0x080005c4                TIM2_IRQHandler
                0x080005c4                OTG_FS_WKUP_IRQHandler
                0x080005c4                TIM1_TRG_COM_TIM11_IRQHandler
                0x080005c4                OTG_HS_IRQHandler
                0x080005c4                EXTI1_IRQHandler
                0x080005c4                USART2_IRQHandler
                0x080005c4                I2C2_ER_IRQHandler
                0x080005c4                DMA2_Stream1_IRQHandler
                0x080005c4                CAN1_SCE_IRQHandler
                0x080005c4                FLASH_IRQHandler
                0x080005c4                DMA2_Stream4_IRQHandler
                0x080005c4                USART1_IRQHandler
                0x080005c4                OTG_FS_IRQHandler
                0x080005c4                SPI3_IRQHandler
                0x080005c4                DMA1_Stream4_IRQHandler
                0x080005c4                I2C1_ER_IRQHandler
                0x080005c4                DMA2_Stream6_IRQHandler
                0x080005c4                DMA1_Stream3_IRQHandler
 *fill*         0x080005c6        0x2 
 .text.Reset_Handler
                0x080005c8       0x48 CMakeFiles/OmniLayer_F407.dir/Drivers/Drivers_STM32F4/Start/startup_stm32f407vetx_gcc.c.obj
                0x080005c8                Reset_Handler
 *(.glue_7)
 .glue_7        0x08000610        0x0 linker stubs
 *(.glue_7t)
 .glue_7t       0x08000610        0x0 linker stubs
 *(.eh_frame)
 .eh_frame      0x08000610        0x0 C:/PROGRA~2/ARMGNU~1/13C7F1~1.2RE/bin/../lib/gcc/arm-none-eabi/13.2.1/thumb/v7e-m+fp/hard/crtbegin.o
 *(.init)
 .init          0x08000610        0x4 C:/PROGRA~2/ARMGNU~1/13C7F1~1.2RE/bin/../lib/gcc/arm-none-eabi/13.2.1/thumb/v7e-m+fp/hard/crti.o
                0x08000610                _init
 .init          0x08000614        0x8 C:/PROGRA~2/ARMGNU~1/13C7F1~1.2RE/bin/../lib/gcc/arm-none-eabi/13.2.1/thumb/v7e-m+fp/hard/crtn.o
 *(.fini)
 .fini          0x0800061c        0x4 C:/PROGRA~2/ARMGNU~1/13C7F1~1.2RE/bin/../lib/gcc/arm-none-eabi/13.2.1/thumb/v7e-m+fp/hard/crti.o
                0x0800061c                _fini
 .fini          0x08000620        0x8 C:/PROGRA~2/ARMGNU~1/13C7F1~1.2RE/bin/../lib/gcc/arm-none-eabi/13.2.1/thumb/v7e-m+fp/hard/crtn.o
                0x08000628                        . = ALIGN (0x4)
                0x08000628                        _etext = .

.vfp11_veneer   0x08000628        0x0
 .vfp11_veneer  0x08000628        0x0 linker stubs

.v4_bx          0x08000628        0x0
 .v4_bx         0x08000628        0x0 linker stubs

.iplt           0x08000628        0x0
 .iplt          0x08000628        0x0 C:/PROGRA~2/ARMGNU~1/13C7F1~1.2RE/bin/../lib/gcc/arm-none-eabi/13.2.1/thumb/v7e-m+fp/hard/crtbegin.o

.rodata         0x08000628       0x3c
                0x08000628                        . = ALIGN (0x4)
 *(.rodata)
 *(.rodata*)
 .rodata.s_ledTable
                0x08000628       0x3c CMakeFiles/OmniLayer_F407.dir/Enroll/Enroll.c.obj
                0x08000664                        . = ALIGN (0x4)

.ARM.extab      0x08000664        0x0
                0x08000664                        . = ALIGN (0x4)
 *(.ARM.extab* .gnu.linkonce.armextab.*)
                0x08000664                        . = ALIGN (0x4)

.ARM            0x08000664        0x0
                0x08000664                        . = ALIGN (0x4)
                0x08000664                        __exidx_start = .
 *(.ARM.exidx*)
                0x08000664                        __exidx_end = .
                0x08000664                        . = ALIGN (0x4)

.preinit_array  0x08000664        0x0
                0x08000664                        . = ALIGN (0x4)
                0x08000664                        PROVIDE (__preinit_array_start = .)
 *(.preinit_array*)
                0x08000664                        PROVIDE (__preinit_array_end = .)
                0x08000664                        . = ALIGN (0x4)

.init_array     0x08000664        0x4
                0x08000664                        . = ALIGN (0x4)
                0x08000664                        PROVIDE (__init_array_start = .)
 *(SORT_BY_NAME(.init_array.*))
 *(.init_array*)
 .init_array    0x08000664        0x4 C:/PROGRA~2/ARMGNU~1/13C7F1~1.2RE/bin/../lib/gcc/arm-none-eabi/13.2.1/thumb/v7e-m+fp/hard/crtbegin.o
                0x08000668                        PROVIDE (__init_array_end = .)
                0x08000668                        . = ALIGN (0x4)

.fini_array     0x08000668        0x4
                0x08000668                        . = ALIGN (0x4)
                [!provide]                        PROVIDE (__fini_array_start = .)
 *(SORT_BY_NAME(.fini_array.*))
 *(.fini_array*)
 .fini_array    0x08000668        0x4 C:/PROGRA~2/ARMGNU~1/13C7F1~1.2RE/bin/../lib/gcc/arm-none-eabi/13.2.1/thumb/v7e-m+fp/hard/crtbegin.o
                [!provide]                        PROVIDE (__fini_array_end = .)
                0x0800066c                        . = ALIGN (0x4)
                0x0800066c                        _sidata = LOADADDR (.data)

.rel.dyn        0x0800066c        0x0
 .rel.iplt      0x0800066c        0x0 C:/PROGRA~2/ARMGNU~1/13C7F1~1.2RE/bin/../lib/gcc/arm-none-eabi/13.2.1/thumb/v7e-m+fp/hard/crtbegin.o

.data           0x20000000        0x0 load address 0x0800066c
                0x20000000                        . = ALIGN (0x4)
                0x20000000                        _sdata = .
 *(.data)
 *(.data*)
 *(.RamFunc)
 *(.RamFunc*)
                0x20000000                        . = ALIGN (0x4)
                0x20000000                        _edata = .

.tm_clone_table
                0x20000000        0x0 load address 0x0800066c
 .tm_clone_table
                0x20000000        0x0 C:/PROGRA~2/ARMGNU~1/13C7F1~1.2RE/bin/../lib/gcc/arm-none-eabi/13.2.1/thumb/v7e-m+fp/hard/crtbegin.o
 .tm_clone_table
                0x20000000        0x0 C:/PROGRA~2/ARMGNU~1/13C7F1~1.2RE/bin/../lib/gcc/arm-none-eabi/13.2.1/thumb/v7e-m+fp/hard/crtend.o

.igot.plt       0x20000000        0x0 load address 0x0800066c
 .igot.plt      0x20000000        0x0 C:/PROGRA~2/ARMGNU~1/13C7F1~1.2RE/bin/../lib/gcc/arm-none-eabi/13.2.1/thumb/v7e-m+fp/hard/crtbegin.o

.ccmram         0x10000000        0x0
                0x10000000                        . = ALIGN (0x4)
 *(.ccmram)
 *(.ccmram*)
                0x10000000                        . = ALIGN (0x4)

.bss            0x20000000       0x24
                0x20000000                        . = ALIGN (0x4)
                0x20000000                        _sbss = .
                0x20000000                        __bss_start__ = _sbss
 *(.bss)
 *(.bss*)
 .bss.completed.1
                0x20000000        0x1 C:/PROGRA~2/ARMGNU~1/13C7F1~1.2RE/bin/../lib/gcc/arm-none-eabi/13.2.1/thumb/v7e-m+fp/hard/crtbegin.o
 *fill*         0x20000001        0x3 
 .bss.object.0  0x20000004       0x18 C:/PROGRA~2/ARMGNU~1/13C7F1~1.2RE/bin/../lib/gcc/arm-none-eabi/13.2.1/thumb/v7e-m+fp/hard/crtbegin.o
 .bss.s_ledConfigCount
                0x2000001c        0x1 CMakeFiles/OmniLayer_F407.dir/BSP/LED/LED.c.obj
 *fill*         0x2000001d        0x3 
 .bss.s_ledConfigTable
                0x20000020        0x4 CMakeFiles/OmniLayer_F407.dir/BSP/LED/LED.c.obj
 *(COMMON)
                0x20000024                        . = ALIGN (0x4)
                0x20000024                        _ebss = .
                0x20000024                        __bss_end__ = _ebss

._user_heap_stack
                0x20000024      0x604
                0x20000028                        . = ALIGN (0x8)
 *fill*         0x20000024        0x4 
                0x20000028                        PROVIDE (end = .)
                [!provide]                        PROVIDE (_end = .)
                0x20000228                        . = (. + _Min_Heap_Size)
 *fill*         0x20000028      0x200 
                0x20000628                        . = (. + _Min_Stack_Size)
 *fill*         0x20000228      0x400 
                0x20000628                        . = ALIGN (0x8)

/DISCARD/
 libc.a(*)
 libm.a(*)
 libgcc.a(*)
OUTPUT(artifacts\OmniLayer_F407.elf elf32-littlearm)
LOAD linker stubs
LOAD C:/PROGRA~2/ARMGNU~1/13C7F1~1.2RE/bin/../lib/gcc/arm-none-eabi/13.2.1/thumb/v7e-m+fp/hard\libc.a
LOAD C:/PROGRA~2/ARMGNU~1/13C7F1~1.2RE/bin/../lib/gcc/arm-none-eabi/13.2.1/thumb/v7e-m+fp/hard\libm.a
LOAD C:/PROGRA~2/ARMGNU~1/13C7F1~1.2RE/bin/../lib/gcc/arm-none-eabi/13.2.1/thumb/v7e-m+fp/hard\libgcc.a

.ARM.attributes
                0x00000000       0x30
 .ARM.attributes
                0x00000000       0x22 C:/PROGRA~2/ARMGNU~1/13C7F1~1.2RE/bin/../lib/gcc/arm-none-eabi/13.2.1/thumb/v7e-m+fp/hard/crti.o
 .ARM.attributes
                0x00000022       0x34 C:/PROGRA~2/ARMGNU~1/13C7F1~1.2RE/bin/../lib/gcc/arm-none-eabi/13.2.1/thumb/v7e-m+fp/hard/crtbegin.o
 .ARM.attributes
                0x00000056       0x34 CMakeFiles/OmniLayer_F407.dir/app/main.c.obj
 .ARM.attributes
                0x0000008a       0x34 CMakeFiles/OmniLayer_F407.dir/Enroll/Enroll.c.obj
 .ARM.attributes
                0x000000be       0x34 CMakeFiles/OmniLayer_F407.dir/BSP/LED/LED.c.obj
 .ARM.attributes
                0x000000f2       0x34 CMakeFiles/OmniLayer_F407.dir/Core/STM32F407/src/f407_gpio.c.obj
 .ARM.attributes
                0x00000126       0x34 CMakeFiles/OmniLayer_F407.dir/Drivers/Drivers_STM32F4/Start/system_stm32f4xx.c.obj
 .ARM.attributes
                0x0000015a       0x34 CMakeFiles/OmniLayer_F407.dir/Drivers/Drivers_STM32F4/Start/stm32f4xx_it.c.obj
 .ARM.attributes
                0x0000018e       0x34 CMakeFiles/OmniLayer_F407.dir/Drivers/Drivers_STM32F4/Start/startup_stm32f407vetx_gcc.c.obj
 .ARM.attributes
                0x000001c2       0x34 C:/PROGRA~2/ARMGNU~1/13C7F1~1.2RE/bin/../lib/gcc/arm-none-eabi/13.2.1/thumb/v7e-m+fp/hard/crtend.o
 .ARM.attributes
                0x000001f6       0x22 C:/PROGRA~2/ARMGNU~1/13C7F1~1.2RE/bin/../lib/gcc/arm-none-eabi/13.2.1/thumb/v7e-m+fp/hard/crtn.o

.comment        0x00000000       0x44
 .comment       0x00000000       0x44 CMakeFiles/OmniLayer_F407.dir/app/main.c.obj
                                 0x45 (size before relaxing)
 .comment       0x00000044       0x45 CMakeFiles/OmniLayer_F407.dir/Enroll/Enroll.c.obj
 .comment       0x00000044       0x45 CMakeFiles/OmniLayer_F407.dir/BSP/LED/LED.c.obj
 .comment       0x00000044       0x45 CMakeFiles/OmniLayer_F407.dir/Core/STM32F407/src/f407_gpio.c.obj
 .comment       0x00000044       0x45 CMakeFiles/OmniLayer_F407.dir/Drivers/Drivers_STM32F4/Start/system_stm32f4xx.c.obj
 .comment       0x00000044       0x45 CMakeFiles/OmniLayer_F407.dir/Drivers/Drivers_STM32F4/Start/stm32f4xx_it.c.obj
 .comment       0x00000044       0x45 CMakeFiles/OmniLayer_F407.dir/Drivers/Drivers_STM32F4/Start/startup_stm32f407vetx_gcc.c.obj

.debug_info     0x00000000     0x1496
 .debug_info    0x00000000      0x11c CMakeFiles/OmniLayer_F407.dir/app/main.c.obj
 .debug_info    0x0000011c      0x391 CMakeFiles/OmniLayer_F407.dir/Enroll/Enroll.c.obj
 .debug_info    0x000004ad      0x363 CMakeFiles/OmniLayer_F407.dir/BSP/LED/LED.c.obj
 .debug_info    0x00000810      0x3cf CMakeFiles/OmniLayer_F407.dir/Core/STM32F407/src/f407_gpio.c.obj
 .debug_info    0x00000bdf      0x60c CMakeFiles/OmniLayer_F407.dir/Drivers/Drivers_STM32F4/Start/system_stm32f4xx.c.obj
 .debug_info    0x000011eb      0x101 CMakeFiles/OmniLayer_F407.dir/Drivers/Drivers_STM32F4/Start/stm32f4xx_it.c.obj
 .debug_info    0x000012ec      0x1aa CMakeFiles/OmniLayer_F407.dir/Drivers/Drivers_STM32F4/Start/startup_stm32f407vetx_gcc.c.obj

.debug_abbrev   0x00000000      0x862
 .debug_abbrev  0x00000000       0xb3 CMakeFiles/OmniLayer_F407.dir/app/main.c.obj
 .debug_abbrev  0x000000b3      0x16f CMakeFiles/OmniLayer_F407.dir/Enroll/Enroll.c.obj
 .debug_abbrev  0x00000222      0x1ac CMakeFiles/OmniLayer_F407.dir/BSP/LED/LED.c.obj
 .debug_abbrev  0x000003ce      0x186 CMakeFiles/OmniLayer_F407.dir/Core/STM32F407/src/f407_gpio.c.obj
 .debug_abbrev  0x00000554      0x18e CMakeFiles/OmniLayer_F407.dir/Drivers/Drivers_STM32F4/Start/system_stm32f4xx.c.obj
 .debug_abbrev  0x000006e2       0x47 CMakeFiles/OmniLayer_F407.dir/Drivers/Drivers_STM32F4/Start/stm32f4xx_it.c.obj
 .debug_abbrev  0x00000729      0x139 CMakeFiles/OmniLayer_F407.dir/Drivers/Drivers_STM32F4/Start/startup_stm32f407vetx_gcc.c.obj

.debug_aranges  0x00000000      0x188
 .debug_aranges
                0x00000000       0x20 CMakeFiles/OmniLayer_F407.dir/app/main.c.obj
 .debug_aranges
                0x00000020       0x28 CMakeFiles/OmniLayer_F407.dir/Enroll/Enroll.c.obj
 .debug_aranges
                0x00000048       0x40 CMakeFiles/OmniLayer_F407.dir/BSP/LED/LED.c.obj
 .debug_aranges
                0x00000088       0x40 CMakeFiles/OmniLayer_F407.dir/Core/STM32F407/src/f407_gpio.c.obj
 .debug_aranges
                0x000000c8       0x30 CMakeFiles/OmniLayer_F407.dir/Drivers/Drivers_STM32F4/Start/system_stm32f4xx.c.obj
 .debug_aranges
                0x000000f8       0x60 CMakeFiles/OmniLayer_F407.dir/Drivers/Drivers_STM32F4/Start/stm32f4xx_it.c.obj
 .debug_aranges
                0x00000158       0x30 CMakeFiles/OmniLayer_F407.dir/Drivers/Drivers_STM32F4/Start/startup_stm32f407vetx_gcc.c.obj

.debug_rnglists
                0x00000000      0x106
 .debug_rnglists
                0x00000000       0x13 CMakeFiles/OmniLayer_F407.dir/app/main.c.obj
 .debug_rnglists
                0x00000013       0x19 CMakeFiles/OmniLayer_F407.dir/Enroll/Enroll.c.obj
 .debug_rnglists
                0x0000002c       0x2b CMakeFiles/OmniLayer_F407.dir/BSP/LED/LED.c.obj
 .debug_rnglists
                0x00000057       0x2c CMakeFiles/OmniLayer_F407.dir/Core/STM32F407/src/f407_gpio.c.obj
 .debug_rnglists
                0x00000083       0x21 CMakeFiles/OmniLayer_F407.dir/Drivers/Drivers_STM32F4/Start/system_stm32f4xx.c.obj
 .debug_rnglists
                0x000000a4       0x43 CMakeFiles/OmniLayer_F407.dir/Drivers/Drivers_STM32F4/Start/stm32f4xx_it.c.obj
 .debug_rnglists
                0x000000e7       0x1f CMakeFiles/OmniLayer_F407.dir/Drivers/Drivers_STM32F4/Start/startup_stm32f407vetx_gcc.c.obj

.debug_macro    0x00000000     0xb673
 .debug_macro   0x00000000       0x93 CMakeFiles/OmniLayer_F407.dir/app/main.c.obj
 .debug_macro   0x00000093      0xad2 CMakeFiles/OmniLayer_F407.dir/app/main.c.obj
 .debug_macro   0x00000b65       0x22 CMakeFiles/OmniLayer_F407.dir/app/main.c.obj
 .debug_macro   0x00000b87       0x8e CMakeFiles/OmniLayer_F407.dir/app/main.c.obj
 .debug_macro   0x00000c15       0x51 CMakeFiles/OmniLayer_F407.dir/app/main.c.obj
 .debug_macro   0x00000c66      0x103 CMakeFiles/OmniLayer_F407.dir/app/main.c.obj
 .debug_macro   0x00000d69       0x6a CMakeFiles/OmniLayer_F407.dir/app/main.c.obj
 .debug_macro   0x00000dd3      0x1df CMakeFiles/OmniLayer_F407.dir/app/main.c.obj
 .debug_macro   0x00000fb2       0x16 CMakeFiles/OmniLayer_F407.dir/app/main.c.obj
 .debug_macro   0x00000fc8       0x16 CMakeFiles/OmniLayer_F407.dir/app/main.c.obj
 .debug_macro   0x00000fde       0xe2 CMakeFiles/OmniLayer_F407.dir/app/main.c.obj
 .debug_macro   0x000010c0       0x10 CMakeFiles/OmniLayer_F407.dir/app/main.c.obj
 .debug_macro   0x000010d0       0x9f CMakeFiles/OmniLayer_F407.dir/Enroll/Enroll.c.obj
 .debug_macro   0x0000116f       0x6d CMakeFiles/OmniLayer_F407.dir/BSP/LED/LED.c.obj
 .debug_macro   0x000011dc       0x72 CMakeFiles/OmniLayer_F407.dir/Core/STM32F407/src/f407_gpio.c.obj
 .debug_macro   0x0000124e       0xdc CMakeFiles/OmniLayer_F407.dir/Core/STM32F407/src/f407_gpio.c.obj
 .debug_macro   0x0000132a       0xcf CMakeFiles/OmniLayer_F407.dir/Drivers/Drivers_STM32F4/Start/system_stm32f4xx.c.obj
 .debug_macro   0x000013f9       0x65 CMakeFiles/OmniLayer_F407.dir/Drivers/Drivers_STM32F4/Start/system_stm32f4xx.c.obj
 .debug_macro   0x0000145e       0x3b CMakeFiles/OmniLayer_F407.dir/Drivers/Drivers_STM32F4/Start/system_stm32f4xx.c.obj
 .debug_macro   0x00001499       0x34 CMakeFiles/OmniLayer_F407.dir/Drivers/Drivers_STM32F4/Start/system_stm32f4xx.c.obj
 .debug_macro   0x000014cd       0x26 CMakeFiles/OmniLayer_F407.dir/Drivers/Drivers_STM32F4/Start/system_stm32f4xx.c.obj
 .debug_macro   0x000014f3      0xe43 CMakeFiles/OmniLayer_F407.dir/Drivers/Drivers_STM32F4/Start/system_stm32f4xx.c.obj
 .debug_macro   0x00002336     0x91de CMakeFiles/OmniLayer_F407.dir/Drivers/Drivers_STM32F4/Start/system_stm32f4xx.c.obj
 .debug_macro   0x0000b514       0xb5 CMakeFiles/OmniLayer_F407.dir/Drivers/Drivers_STM32F4/Start/stm32f4xx_it.c.obj
 .debug_macro   0x0000b5c9       0xaa CMakeFiles/OmniLayer_F407.dir/Drivers/Drivers_STM32F4/Start/startup_stm32f407vetx_gcc.c.obj

.debug_line     0x00000000     0x161f
 .debug_line    0x00000000      0x239 CMakeFiles/OmniLayer_F407.dir/app/main.c.obj
 .debug_line    0x00000239      0x248 CMakeFiles/OmniLayer_F407.dir/Enroll/Enroll.c.obj
 .debug_line    0x00000481      0x352 CMakeFiles/OmniLayer_F407.dir/BSP/LED/LED.c.obj
 .debug_line    0x000007d3      0x3f8 CMakeFiles/OmniLayer_F407.dir/Core/STM32F407/src/f407_gpio.c.obj
 .debug_line    0x00000bcb      0x493 CMakeFiles/OmniLayer_F407.dir/Drivers/Drivers_STM32F4/Start/system_stm32f4xx.c.obj
 .debug_line    0x0000105e      0x2f8 CMakeFiles/OmniLayer_F407.dir/Drivers/Drivers_STM32F4/Start/stm32f4xx_it.c.obj
 .debug_line    0x00001356      0x2c9 CMakeFiles/OmniLayer_F407.dir/Drivers/Drivers_STM32F4/Start/startup_stm32f407vetx_gcc.c.obj

.debug_str      0x00000000    0x3cd64
 .debug_str     0x00000000    0x3cd64 CMakeFiles/OmniLayer_F407.dir/app/main.c.obj
                               0x43c6 (size before relaxing)
 .debug_str     0x0003cd64     0x4553 CMakeFiles/OmniLayer_F407.dir/Enroll/Enroll.c.obj
 .debug_str     0x0003cd64     0x3eaf CMakeFiles/OmniLayer_F407.dir/BSP/LED/LED.c.obj
 .debug_str     0x0003cd64     0x43ee CMakeFiles/OmniLayer_F407.dir/Core/STM32F407/src/f407_gpio.c.obj
 .debug_str     0x0003cd64    0x3c476 CMakeFiles/OmniLayer_F407.dir/Drivers/Drivers_STM32F4/Start/system_stm32f4xx.c.obj
 .debug_str     0x0003cd64    0x3c275 CMakeFiles/OmniLayer_F407.dir/Drivers/Drivers_STM32F4/Start/stm32f4xx_it.c.obj
 .debug_str     0x0003cd64    0x3c27c CMakeFiles/OmniLayer_F407.dir/Drivers/Drivers_STM32F4/Start/startup_stm32f407vetx_gcc.c.obj

.debug_frame    0x00000000      0x2a4
 .debug_frame   0x00000000       0x28 CMakeFiles/OmniLayer_F407.dir/app/main.c.obj
 .debug_frame   0x00000028       0x40 CMakeFiles/OmniLayer_F407.dir/Enroll/Enroll.c.obj
 .debug_frame   0x00000068       0x8c CMakeFiles/OmniLayer_F407.dir/BSP/LED/LED.c.obj
 .debug_frame   0x000000f4       0x74 CMakeFiles/OmniLayer_F407.dir/Core/STM32F407/src/f407_gpio.c.obj
 .debug_frame   0x00000168       0x54 CMakeFiles/OmniLayer_F407.dir/Drivers/Drivers_STM32F4/Start/system_stm32f4xx.c.obj
 .debug_frame   0x000001bc       0xa0 CMakeFiles/OmniLayer_F407.dir/Drivers/Drivers_STM32F4/Start/stm32f4xx_it.c.obj
 .debug_frame   0x0000025c       0x48 CMakeFiles/OmniLayer_F407.dir/Drivers/Drivers_STM32F4/Start/startup_stm32f407vetx_gcc.c.obj

.debug_loclists
                0x00000000      0x45e
 .debug_loclists
                0x00000000       0x6a CMakeFiles/OmniLayer_F407.dir/Enroll/Enroll.c.obj
 .debug_loclists
                0x0000006a      0x11d CMakeFiles/OmniLayer_F407.dir/BSP/LED/LED.c.obj
 .debug_loclists
                0x00000187      0x180 CMakeFiles/OmniLayer_F407.dir/Core/STM32F407/src/f407_gpio.c.obj
 .debug_loclists
                0x00000307       0xfa CMakeFiles/OmniLayer_F407.dir/Drivers/Drivers_STM32F4/Start/system_stm32f4xx.c.obj
 .debug_loclists
                0x00000401       0x5d CMakeFiles/OmniLayer_F407.dir/Drivers/Drivers_STM32F4/Start/startup_stm32f407vetx_gcc.c.obj
