Archive member included to satisfy reference by file (symbol)

C:/PROGRA~2/ARMGNU~1/13C7F1~1.2RE/bin/../lib/gcc/arm-none-eabi/13.2.1/thumb/v7-m/nofp\libc_nano.a(libc_a-exit.o)
                              C:/PROGRA~2/ARMGNU~1/13C7F1~1.2RE/bin/../lib/gcc/arm-none-eabi/13.2.1/thumb/v7-m/nofp/crt0.o (exit)
C:/PROGRA~2/ARMGNU~1/13C7F1~1.2RE/bin/../lib/gcc/arm-none-eabi/13.2.1/thumb/v7-m/nofp\libc_nano.a(libc_a-findfp.o)
                              C:/PROGRA~2/ARMGNU~1/13C7F1~1.2RE/bin/../lib/gcc/arm-none-eabi/13.2.1/thumb/v7-m/nofp\libc_nano.a(libc_a-exit.o) (__stdio_exit_handler)
C:/PROGRA~2/ARMGNU~1/13C7F1~1.2RE/bin/../lib/gcc/arm-none-eabi/13.2.1/thumb/v7-m/nofp\libc_nano.a(libc_a-fwalk.o)
                              C:/PROGRA~2/ARMGNU~1/13C7F1~1.2RE/bin/../lib/gcc/arm-none-eabi/13.2.1/thumb/v7-m/nofp\libc_nano.a(libc_a-findfp.o) (_fwalk_sglue)
C:/PROGRA~2/ARMGNU~1/13C7F1~1.2RE/bin/../lib/gcc/arm-none-eabi/13.2.1/thumb/v7-m/nofp\libc_nano.a(libc_a-stdio.o)
                              C:/PROGRA~2/ARMGNU~1/13C7F1~1.2RE/bin/../lib/gcc/arm-none-eabi/13.2.1/thumb/v7-m/nofp\libc_nano.a(libc_a-findfp.o) (__sread)
C:/PROGRA~2/ARMGNU~1/13C7F1~1.2RE/bin/../lib/gcc/arm-none-eabi/13.2.1/thumb/v7-m/nofp\libc_nano.a(libc_a-memset.o)
                              C:/PROGRA~2/ARMGNU~1/13C7F1~1.2RE/bin/../lib/gcc/arm-none-eabi/13.2.1/thumb/v7-m/nofp/crt0.o (memset)
C:/PROGRA~2/ARMGNU~1/13C7F1~1.2RE/bin/../lib/gcc/arm-none-eabi/13.2.1/thumb/v7-m/nofp\libc_nano.a(libc_a-closer.o)
                              C:/PROGRA~2/ARMGNU~1/13C7F1~1.2RE/bin/../lib/gcc/arm-none-eabi/13.2.1/thumb/v7-m/nofp\libc_nano.a(libc_a-stdio.o) (_close_r)
C:/PROGRA~2/ARMGNU~1/13C7F1~1.2RE/bin/../lib/gcc/arm-none-eabi/13.2.1/thumb/v7-m/nofp\libc_nano.a(libc_a-reent.o)
                              C:/PROGRA~2/ARMGNU~1/13C7F1~1.2RE/bin/../lib/gcc/arm-none-eabi/13.2.1/thumb/v7-m/nofp\libc_nano.a(libc_a-closer.o) (errno)
C:/PROGRA~2/ARMGNU~1/13C7F1~1.2RE/bin/../lib/gcc/arm-none-eabi/13.2.1/thumb/v7-m/nofp\libc_nano.a(libc_a-impure.o)
                              C:/PROGRA~2/ARMGNU~1/13C7F1~1.2RE/bin/../lib/gcc/arm-none-eabi/13.2.1/thumb/v7-m/nofp\libc_nano.a(libc_a-reent.o) (_impure_ptr)
C:/PROGRA~2/ARMGNU~1/13C7F1~1.2RE/bin/../lib/gcc/arm-none-eabi/13.2.1/thumb/v7-m/nofp\libc_nano.a(libc_a-lseekr.o)
                              C:/PROGRA~2/ARMGNU~1/13C7F1~1.2RE/bin/../lib/gcc/arm-none-eabi/13.2.1/thumb/v7-m/nofp\libc_nano.a(libc_a-stdio.o) (_lseek_r)
C:/PROGRA~2/ARMGNU~1/13C7F1~1.2RE/bin/../lib/gcc/arm-none-eabi/13.2.1/thumb/v7-m/nofp\libc_nano.a(libc_a-readr.o)
                              C:/PROGRA~2/ARMGNU~1/13C7F1~1.2RE/bin/../lib/gcc/arm-none-eabi/13.2.1/thumb/v7-m/nofp\libc_nano.a(libc_a-stdio.o) (_read_r)
C:/PROGRA~2/ARMGNU~1/13C7F1~1.2RE/bin/../lib/gcc/arm-none-eabi/13.2.1/thumb/v7-m/nofp\libc_nano.a(libc_a-writer.o)
                              C:/PROGRA~2/ARMGNU~1/13C7F1~1.2RE/bin/../lib/gcc/arm-none-eabi/13.2.1/thumb/v7-m/nofp\libc_nano.a(libc_a-stdio.o) (_write_r)
C:/PROGRA~2/ARMGNU~1/13C7F1~1.2RE/bin/../lib/gcc/arm-none-eabi/13.2.1/thumb/v7-m/nofp\libc_nano.a(libc_a-init.o)
                              C:/PROGRA~2/ARMGNU~1/13C7F1~1.2RE/bin/../lib/gcc/arm-none-eabi/13.2.1/thumb/v7-m/nofp/crt0.o (__libc_init_array)
C:/PROGRA~2/ARMGNU~1/13C7F1~1.2RE/bin/../lib/gcc/arm-none-eabi/13.2.1/thumb/v7-m/nofp\libc_nano.a(libc_a-lock.o)
                              C:/PROGRA~2/ARMGNU~1/13C7F1~1.2RE/bin/../lib/gcc/arm-none-eabi/13.2.1/thumb/v7-m/nofp\libc_nano.a(libc_a-findfp.o) (__retarget_lock_init_recursive)
C:/PROGRA~2/ARMGNU~1/13C7F1~1.2RE/bin/../lib/gcc/arm-none-eabi/13.2.1/thumb/v7-m/nofp\libc_nano.a(libc_a-freer.o)
                              C:/PROGRA~2/ARMGNU~1/13C7F1~1.2RE/bin/../lib/gcc/arm-none-eabi/13.2.1/thumb/v7-m/nofp\libc_nano.a(libc_a-reent.o) (_free_r)
C:/PROGRA~2/ARMGNU~1/13C7F1~1.2RE/bin/../lib/gcc/arm-none-eabi/13.2.1/thumb/v7-m/nofp\libc_nano.a(libc_a-mallocr.o)
                              C:/PROGRA~2/ARMGNU~1/13C7F1~1.2RE/bin/../lib/gcc/arm-none-eabi/13.2.1/thumb/v7-m/nofp\libc_nano.a(libc_a-findfp.o) (_malloc_r)
C:/PROGRA~2/ARMGNU~1/13C7F1~1.2RE/bin/../lib/gcc/arm-none-eabi/13.2.1/thumb/v7-m/nofp\libc_nano.a(libc_a-mlock.o)
                              C:/PROGRA~2/ARMGNU~1/13C7F1~1.2RE/bin/../lib/gcc/arm-none-eabi/13.2.1/thumb/v7-m/nofp\libc_nano.a(libc_a-freer.o) (__malloc_lock)
C:/PROGRA~2/ARMGNU~1/13C7F1~1.2RE/bin/../lib/gcc/arm-none-eabi/13.2.1/thumb/v7-m/nofp\libc_nano.a(libc_a-fflush.o)
                              C:/PROGRA~2/ARMGNU~1/13C7F1~1.2RE/bin/../lib/gcc/arm-none-eabi/13.2.1/thumb/v7-m/nofp\libc_nano.a(libc_a-findfp.o) (_fflush_r)
C:/PROGRA~2/ARMGNU~1/13C7F1~1.2RE/bin/../lib/gcc/arm-none-eabi/13.2.1/thumb/v7-m/nofp\libc_nano.a(libc_a-sbrkr.o)
                              C:/PROGRA~2/ARMGNU~1/13C7F1~1.2RE/bin/../lib/gcc/arm-none-eabi/13.2.1/thumb/v7-m/nofp\libc_nano.a(libc_a-mallocr.o) (_sbrk_r)
C:/PROGRA~2/ARMGNU~1/13C7F1~1.2RE/bin/../lib/gcc/arm-none-eabi/13.2.1/thumb/v7-m/nofp\libnosys.a(close.o)
                              C:/PROGRA~2/ARMGNU~1/13C7F1~1.2RE/bin/../lib/gcc/arm-none-eabi/13.2.1/thumb/v7-m/nofp\libc_nano.a(libc_a-closer.o) (_close)
C:/PROGRA~2/ARMGNU~1/13C7F1~1.2RE/bin/../lib/gcc/arm-none-eabi/13.2.1/thumb/v7-m/nofp\libnosys.a(lseek.o)
                              C:/PROGRA~2/ARMGNU~1/13C7F1~1.2RE/bin/../lib/gcc/arm-none-eabi/13.2.1/thumb/v7-m/nofp\libc_nano.a(libc_a-lseekr.o) (_lseek)
C:/PROGRA~2/ARMGNU~1/13C7F1~1.2RE/bin/../lib/gcc/arm-none-eabi/13.2.1/thumb/v7-m/nofp\libnosys.a(read.o)
                              C:/PROGRA~2/ARMGNU~1/13C7F1~1.2RE/bin/../lib/gcc/arm-none-eabi/13.2.1/thumb/v7-m/nofp\libc_nano.a(libc_a-readr.o) (_read)
C:/PROGRA~2/ARMGNU~1/13C7F1~1.2RE/bin/../lib/gcc/arm-none-eabi/13.2.1/thumb/v7-m/nofp\libnosys.a(sbrk.o)
                              C:/PROGRA~2/ARMGNU~1/13C7F1~1.2RE/bin/../lib/gcc/arm-none-eabi/13.2.1/thumb/v7-m/nofp\libc_nano.a(libc_a-sbrkr.o) (_sbrk)
C:/PROGRA~2/ARMGNU~1/13C7F1~1.2RE/bin/../lib/gcc/arm-none-eabi/13.2.1/thumb/v7-m/nofp\libnosys.a(write.o)
                              C:/PROGRA~2/ARMGNU~1/13C7F1~1.2RE/bin/../lib/gcc/arm-none-eabi/13.2.1/thumb/v7-m/nofp\libc_nano.a(libc_a-writer.o) (_write)
C:/PROGRA~2/ARMGNU~1/13C7F1~1.2RE/bin/../lib/gcc/arm-none-eabi/13.2.1/thumb/v7-m/nofp\libnosys.a(_exit.o)
                              C:/PROGRA~2/ARMGNU~1/13C7F1~1.2RE/bin/../lib/gcc/arm-none-eabi/13.2.1/thumb/v7-m/nofp\libc_nano.a(libc_a-exit.o) (_exit)

Discarded input sections

 .text          0x00000000        0x0 C:/PROGRA~2/ARMGNU~1/13C7F1~1.2RE/bin/../lib/gcc/arm-none-eabi/13.2.1/thumb/v7-m/nofp/crti.o
 .data          0x00000000        0x0 C:/PROGRA~2/ARMGNU~1/13C7F1~1.2RE/bin/../lib/gcc/arm-none-eabi/13.2.1/thumb/v7-m/nofp/crti.o
 .bss           0x00000000        0x0 C:/PROGRA~2/ARMGNU~1/13C7F1~1.2RE/bin/../lib/gcc/arm-none-eabi/13.2.1/thumb/v7-m/nofp/crti.o
 .text          0x00000000        0x0 C:/PROGRA~2/ARMGNU~1/13C7F1~1.2RE/bin/../lib/gcc/arm-none-eabi/13.2.1/thumb/v7-m/nofp/crtbegin.o
 .data          0x00000000        0x0 C:/PROGRA~2/ARMGNU~1/13C7F1~1.2RE/bin/../lib/gcc/arm-none-eabi/13.2.1/thumb/v7-m/nofp/crtbegin.o
 .bss           0x00000000        0x0 C:/PROGRA~2/ARMGNU~1/13C7F1~1.2RE/bin/../lib/gcc/arm-none-eabi/13.2.1/thumb/v7-m/nofp/crtbegin.o
 .rodata.all_implied_fbits
                0x00000000       0x24 C:/PROGRA~2/ARMGNU~1/13C7F1~1.2RE/bin/../lib/gcc/arm-none-eabi/13.2.1/thumb/v7-m/nofp/crtbegin.o
 .data.__dso_handle
                0x00000000        0x4 C:/PROGRA~2/ARMGNU~1/13C7F1~1.2RE/bin/../lib/gcc/arm-none-eabi/13.2.1/thumb/v7-m/nofp/crtbegin.o
 .text          0x00000000       0x7c C:/PROGRA~2/ARMGNU~1/13C7F1~1.2RE/bin/../lib/gcc/arm-none-eabi/13.2.1/thumb/v7-m/nofp/crt0.o
 .data          0x00000000        0x0 C:/PROGRA~2/ARMGNU~1/13C7F1~1.2RE/bin/../lib/gcc/arm-none-eabi/13.2.1/thumb/v7-m/nofp/crt0.o
 .bss           0x00000000        0x0 C:/PROGRA~2/ARMGNU~1/13C7F1~1.2RE/bin/../lib/gcc/arm-none-eabi/13.2.1/thumb/v7-m/nofp/crt0.o
 .ARM.extab     0x00000000        0x0 C:/PROGRA~2/ARMGNU~1/13C7F1~1.2RE/bin/../lib/gcc/arm-none-eabi/13.2.1/thumb/v7-m/nofp/crt0.o
 .ARM.exidx     0x00000000       0x10 C:/PROGRA~2/ARMGNU~1/13C7F1~1.2RE/bin/../lib/gcc/arm-none-eabi/13.2.1/thumb/v7-m/nofp/crt0.o
 .debug_line_str
                0x00000000       0xd2 C:/PROGRA~2/ARMGNU~1/13C7F1~1.2RE/bin/../lib/gcc/arm-none-eabi/13.2.1/thumb/v7-m/nofp/crt0.o
 .ARM.attributes
                0x00000000       0x1b C:/PROGRA~2/ARMGNU~1/13C7F1~1.2RE/bin/../lib/gcc/arm-none-eabi/13.2.1/thumb/v7-m/nofp/crt0.o
 .group         0x00000000        0xc CMakeFiles/OmniLayer_F103.dir/app/main.c.obj
 .group         0x00000000        0xc CMakeFiles/OmniLayer_F103.dir/app/main.c.obj
 .group         0x00000000        0xc CMakeFiles/OmniLayer_F103.dir/app/main.c.obj
 .group         0x00000000        0xc CMakeFiles/OmniLayer_F103.dir/app/main.c.obj
 .group         0x00000000        0xc CMakeFiles/OmniLayer_F103.dir/app/main.c.obj
 .group         0x00000000        0xc CMakeFiles/OmniLayer_F103.dir/app/main.c.obj
 .group         0x00000000        0xc CMakeFiles/OmniLayer_F103.dir/app/main.c.obj
 .group         0x00000000        0xc CMakeFiles/OmniLayer_F103.dir/app/main.c.obj
 .group         0x00000000        0xc CMakeFiles/OmniLayer_F103.dir/app/main.c.obj
 .group         0x00000000        0xc CMakeFiles/OmniLayer_F103.dir/app/main.c.obj
 .group         0x00000000        0xc CMakeFiles/OmniLayer_F103.dir/app/main.c.obj
 .text          0x00000000        0x0 CMakeFiles/OmniLayer_F103.dir/app/main.c.obj
 .data          0x00000000        0x0 CMakeFiles/OmniLayer_F103.dir/app/main.c.obj
 .bss           0x00000000        0x0 CMakeFiles/OmniLayer_F103.dir/app/main.c.obj
 .group         0x00000000        0xc CMakeFiles/OmniLayer_F103.dir/Enroll/Enroll.c.obj
 .group         0x00000000        0xc CMakeFiles/OmniLayer_F103.dir/Enroll/Enroll.c.obj
 .group         0x00000000        0xc CMakeFiles/OmniLayer_F103.dir/Enroll/Enroll.c.obj
 .group         0x00000000        0xc CMakeFiles/OmniLayer_F103.dir/Enroll/Enroll.c.obj
 .group         0x00000000        0xc CMakeFiles/OmniLayer_F103.dir/Enroll/Enroll.c.obj
 .group         0x00000000        0xc CMakeFiles/OmniLayer_F103.dir/Enroll/Enroll.c.obj
 .group         0x00000000        0xc CMakeFiles/OmniLayer_F103.dir/Enroll/Enroll.c.obj
 .group         0x00000000        0xc CMakeFiles/OmniLayer_F103.dir/Enroll/Enroll.c.obj
 .group         0x00000000        0xc CMakeFiles/OmniLayer_F103.dir/Enroll/Enroll.c.obj
 .group         0x00000000        0xc CMakeFiles/OmniLayer_F103.dir/Enroll/Enroll.c.obj
 .group         0x00000000        0xc CMakeFiles/OmniLayer_F103.dir/Enroll/Enroll.c.obj
 .text          0x00000000        0x0 CMakeFiles/OmniLayer_F103.dir/Enroll/Enroll.c.obj
 .data          0x00000000        0x0 CMakeFiles/OmniLayer_F103.dir/Enroll/Enroll.c.obj
 .bss           0x00000000        0x0 CMakeFiles/OmniLayer_F103.dir/Enroll/Enroll.c.obj
 .debug_macro   0x00000000      0xac0 CMakeFiles/OmniLayer_F103.dir/Enroll/Enroll.c.obj
 .debug_macro   0x00000000       0x22 CMakeFiles/OmniLayer_F103.dir/Enroll/Enroll.c.obj
 .debug_macro   0x00000000       0x8e CMakeFiles/OmniLayer_F103.dir/Enroll/Enroll.c.obj
 .debug_macro   0x00000000       0x51 CMakeFiles/OmniLayer_F103.dir/Enroll/Enroll.c.obj
 .debug_macro   0x00000000      0x103 CMakeFiles/OmniLayer_F103.dir/Enroll/Enroll.c.obj
 .debug_macro   0x00000000       0x6a CMakeFiles/OmniLayer_F103.dir/Enroll/Enroll.c.obj
 .debug_macro   0x00000000      0x1df CMakeFiles/OmniLayer_F103.dir/Enroll/Enroll.c.obj
 .debug_macro   0x00000000       0x1c CMakeFiles/OmniLayer_F103.dir/Enroll/Enroll.c.obj
 .debug_macro   0x00000000       0x16 CMakeFiles/OmniLayer_F103.dir/Enroll/Enroll.c.obj
 .debug_macro   0x00000000       0xb2 CMakeFiles/OmniLayer_F103.dir/Enroll/Enroll.c.obj
 .debug_macro   0x00000000       0x10 CMakeFiles/OmniLayer_F103.dir/Enroll/Enroll.c.obj
 .group         0x00000000        0xc CMakeFiles/OmniLayer_F103.dir/BSP/LED/LED.c.obj
 .group         0x00000000        0xc CMakeFiles/OmniLayer_F103.dir/BSP/LED/LED.c.obj
 .group         0x00000000        0xc CMakeFiles/OmniLayer_F103.dir/BSP/LED/LED.c.obj
 .group         0x00000000        0xc CMakeFiles/OmniLayer_F103.dir/BSP/LED/LED.c.obj
 .group         0x00000000        0xc CMakeFiles/OmniLayer_F103.dir/BSP/LED/LED.c.obj
 .group         0x00000000        0xc CMakeFiles/OmniLayer_F103.dir/BSP/LED/LED.c.obj
 .group         0x00000000        0xc CMakeFiles/OmniLayer_F103.dir/BSP/LED/LED.c.obj
 .text          0x00000000        0x0 CMakeFiles/OmniLayer_F103.dir/BSP/LED/LED.c.obj
 .data          0x00000000        0x0 CMakeFiles/OmniLayer_F103.dir/BSP/LED/LED.c.obj
 .bss           0x00000000        0x0 CMakeFiles/OmniLayer_F103.dir/BSP/LED/LED.c.obj
 .debug_macro   0x00000000      0xac0 CMakeFiles/OmniLayer_F103.dir/BSP/LED/LED.c.obj
 .debug_macro   0x00000000       0x22 CMakeFiles/OmniLayer_F103.dir/BSP/LED/LED.c.obj
 .debug_macro   0x00000000       0x8e CMakeFiles/OmniLayer_F103.dir/BSP/LED/LED.c.obj
 .debug_macro   0x00000000       0x51 CMakeFiles/OmniLayer_F103.dir/BSP/LED/LED.c.obj
 .debug_macro   0x00000000      0x103 CMakeFiles/OmniLayer_F103.dir/BSP/LED/LED.c.obj
 .debug_macro   0x00000000       0x6a CMakeFiles/OmniLayer_F103.dir/BSP/LED/LED.c.obj
 .debug_macro   0x00000000      0x1df CMakeFiles/OmniLayer_F103.dir/BSP/LED/LED.c.obj
 .group         0x00000000        0xc CMakeFiles/OmniLayer_F103.dir/Core/STM32F103/src/f103_gpio.c.obj
 .group         0x00000000        0xc CMakeFiles/OmniLayer_F103.dir/Core/STM32F103/src/f103_gpio.c.obj
 .group         0x00000000        0xc CMakeFiles/OmniLayer_F103.dir/Core/STM32F103/src/f103_gpio.c.obj
 .group         0x00000000        0xc CMakeFiles/OmniLayer_F103.dir/Core/STM32F103/src/f103_gpio.c.obj
 .group         0x00000000        0xc CMakeFiles/OmniLayer_F103.dir/Core/STM32F103/src/f103_gpio.c.obj
 .group         0x00000000        0xc CMakeFiles/OmniLayer_F103.dir/Core/STM32F103/src/f103_gpio.c.obj
 .group         0x00000000        0xc CMakeFiles/OmniLayer_F103.dir/Core/STM32F103/src/f103_gpio.c.obj
 .group         0x00000000        0xc CMakeFiles/OmniLayer_F103.dir/Core/STM32F103/src/f103_gpio.c.obj
 .text          0x00000000        0x0 CMakeFiles/OmniLayer_F103.dir/Core/STM32F103/src/f103_gpio.c.obj
 .data          0x00000000        0x0 CMakeFiles/OmniLayer_F103.dir/Core/STM32F103/src/f103_gpio.c.obj
 .bss           0x00000000        0x0 CMakeFiles/OmniLayer_F103.dir/Core/STM32F103/src/f103_gpio.c.obj
 .text.F103_GPIO_Read
                0x00000000       0x1a CMakeFiles/OmniLayer_F103.dir/Core/STM32F103/src/f103_gpio.c.obj
 .debug_macro   0x00000000      0xac0 CMakeFiles/OmniLayer_F103.dir/Core/STM32F103/src/f103_gpio.c.obj
 .debug_macro   0x00000000       0x22 CMakeFiles/OmniLayer_F103.dir/Core/STM32F103/src/f103_gpio.c.obj
 .debug_macro   0x00000000       0x8e CMakeFiles/OmniLayer_F103.dir/Core/STM32F103/src/f103_gpio.c.obj
 .debug_macro   0x00000000       0x51 CMakeFiles/OmniLayer_F103.dir/Core/STM32F103/src/f103_gpio.c.obj
 .debug_macro   0x00000000      0x103 CMakeFiles/OmniLayer_F103.dir/Core/STM32F103/src/f103_gpio.c.obj
 .debug_macro   0x00000000       0x6a CMakeFiles/OmniLayer_F103.dir/Core/STM32F103/src/f103_gpio.c.obj
 .debug_macro   0x00000000      0x1df CMakeFiles/OmniLayer_F103.dir/Core/STM32F103/src/f103_gpio.c.obj
 .group         0x00000000        0xc CMakeFiles/OmniLayer_F103.dir/Drivers/Drivers_STM32F1/Start/system_stm32f10x.c.obj
 .group         0x00000000        0xc CMakeFiles/OmniLayer_F103.dir/Drivers/Drivers_STM32F1/Start/system_stm32f10x.c.obj
 .group         0x00000000        0xc CMakeFiles/OmniLayer_F103.dir/Drivers/Drivers_STM32F1/Start/system_stm32f10x.c.obj
 .group         0x00000000        0xc CMakeFiles/OmniLayer_F103.dir/Drivers/Drivers_STM32F1/Start/system_stm32f10x.c.obj
 .group         0x00000000        0xc CMakeFiles/OmniLayer_F103.dir/Drivers/Drivers_STM32F1/Start/system_stm32f10x.c.obj
 .group         0x00000000        0xc CMakeFiles/OmniLayer_F103.dir/Drivers/Drivers_STM32F1/Start/system_stm32f10x.c.obj
 .group         0x00000000        0xc CMakeFiles/OmniLayer_F103.dir/Drivers/Drivers_STM32F1/Start/system_stm32f10x.c.obj
 .group         0x00000000        0xc CMakeFiles/OmniLayer_F103.dir/Drivers/Drivers_STM32F1/Start/system_stm32f10x.c.obj
 .group         0x00000000        0xc CMakeFiles/OmniLayer_F103.dir/Drivers/Drivers_STM32F1/Start/system_stm32f10x.c.obj
 .group         0x00000000        0xc CMakeFiles/OmniLayer_F103.dir/Drivers/Drivers_STM32F1/Start/system_stm32f10x.c.obj
 .group         0x00000000        0xc CMakeFiles/OmniLayer_F103.dir/Drivers/Drivers_STM32F1/Start/system_stm32f10x.c.obj
 .text          0x00000000        0x0 CMakeFiles/OmniLayer_F103.dir/Drivers/Drivers_STM32F1/Start/system_stm32f10x.c.obj
 .data          0x00000000        0x0 CMakeFiles/OmniLayer_F103.dir/Drivers/Drivers_STM32F1/Start/system_stm32f10x.c.obj
 .bss           0x00000000        0x0 CMakeFiles/OmniLayer_F103.dir/Drivers/Drivers_STM32F1/Start/system_stm32f10x.c.obj
 .text.SystemCoreClockUpdate
                0x00000000       0x98 CMakeFiles/OmniLayer_F103.dir/Drivers/Drivers_STM32F1/Start/system_stm32f10x.c.obj
 .rodata.AHBPrescTable
                0x00000000       0x10 CMakeFiles/OmniLayer_F103.dir/Drivers/Drivers_STM32F1/Start/system_stm32f10x.c.obj
 .data.SystemCoreClock
                0x00000000        0x4 CMakeFiles/OmniLayer_F103.dir/Drivers/Drivers_STM32F1/Start/system_stm32f10x.c.obj
 .debug_macro   0x00000000      0xac0 CMakeFiles/OmniLayer_F103.dir/Drivers/Drivers_STM32F1/Start/system_stm32f10x.c.obj
 .debug_macro   0x00000000       0x22 CMakeFiles/OmniLayer_F103.dir/Drivers/Drivers_STM32F1/Start/system_stm32f10x.c.obj
 .debug_macro   0x00000000       0x8e CMakeFiles/OmniLayer_F103.dir/Drivers/Drivers_STM32F1/Start/system_stm32f10x.c.obj
 .debug_macro   0x00000000       0x51 CMakeFiles/OmniLayer_F103.dir/Drivers/Drivers_STM32F1/Start/system_stm32f10x.c.obj
 .debug_macro   0x00000000      0x103 CMakeFiles/OmniLayer_F103.dir/Drivers/Drivers_STM32F1/Start/system_stm32f10x.c.obj
 .debug_macro   0x00000000       0x6a CMakeFiles/OmniLayer_F103.dir/Drivers/Drivers_STM32F1/Start/system_stm32f10x.c.obj
 .debug_macro   0x00000000      0x1df CMakeFiles/OmniLayer_F103.dir/Drivers/Drivers_STM32F1/Start/system_stm32f10x.c.obj
 .group         0x00000000        0xc CMakeFiles/OmniLayer_F103.dir/Drivers/Drivers_STM32F1/Start/stm32f10x_it.c.obj
 .group         0x00000000        0xc CMakeFiles/OmniLayer_F103.dir/Drivers/Drivers_STM32F1/Start/stm32f10x_it.c.obj
 .group         0x00000000        0xc CMakeFiles/OmniLayer_F103.dir/Drivers/Drivers_STM32F1/Start/stm32f10x_it.c.obj
 .group         0x00000000        0xc CMakeFiles/OmniLayer_F103.dir/Drivers/Drivers_STM32F1/Start/stm32f10x_it.c.obj
 .group         0x00000000        0xc CMakeFiles/OmniLayer_F103.dir/Drivers/Drivers_STM32F1/Start/stm32f10x_it.c.obj
 .group         0x00000000        0xc CMakeFiles/OmniLayer_F103.dir/Drivers/Drivers_STM32F1/Start/stm32f10x_it.c.obj
 .group         0x00000000        0xc CMakeFiles/OmniLayer_F103.dir/Drivers/Drivers_STM32F1/Start/stm32f10x_it.c.obj
 .group         0x00000000        0xc CMakeFiles/OmniLayer_F103.dir/Drivers/Drivers_STM32F1/Start/stm32f10x_it.c.obj
 .group         0x00000000        0xc CMakeFiles/OmniLayer_F103.dir/Drivers/Drivers_STM32F1/Start/stm32f10x_it.c.obj
 .group         0x00000000        0xc CMakeFiles/OmniLayer_F103.dir/Drivers/Drivers_STM32F1/Start/stm32f10x_it.c.obj
 .group         0x00000000        0xc CMakeFiles/OmniLayer_F103.dir/Drivers/Drivers_STM32F1/Start/stm32f10x_it.c.obj
 .text          0x00000000        0x0 CMakeFiles/OmniLayer_F103.dir/Drivers/Drivers_STM32F1/Start/stm32f10x_it.c.obj
 .data          0x00000000        0x0 CMakeFiles/OmniLayer_F103.dir/Drivers/Drivers_STM32F1/Start/stm32f10x_it.c.obj
 .bss           0x00000000        0x0 CMakeFiles/OmniLayer_F103.dir/Drivers/Drivers_STM32F1/Start/stm32f10x_it.c.obj
 .debug_macro   0x00000000      0xac0 CMakeFiles/OmniLayer_F103.dir/Drivers/Drivers_STM32F1/Start/stm32f10x_it.c.obj
 .debug_macro   0x00000000       0x5c CMakeFiles/OmniLayer_F103.dir/Drivers/Drivers_STM32F1/Start/stm32f10x_it.c.obj
 .debug_macro   0x00000000       0x22 CMakeFiles/OmniLayer_F103.dir/Drivers/Drivers_STM32F1/Start/stm32f10x_it.c.obj
 .debug_macro   0x00000000       0x22 CMakeFiles/OmniLayer_F103.dir/Drivers/Drivers_STM32F1/Start/stm32f10x_it.c.obj
 .debug_macro   0x00000000       0x8e CMakeFiles/OmniLayer_F103.dir/Drivers/Drivers_STM32F1/Start/stm32f10x_it.c.obj
 .debug_macro   0x00000000       0x51 CMakeFiles/OmniLayer_F103.dir/Drivers/Drivers_STM32F1/Start/stm32f10x_it.c.obj
 .debug_macro   0x00000000      0x103 CMakeFiles/OmniLayer_F103.dir/Drivers/Drivers_STM32F1/Start/stm32f10x_it.c.obj
 .debug_macro   0x00000000       0x6a CMakeFiles/OmniLayer_F103.dir/Drivers/Drivers_STM32F1/Start/stm32f10x_it.c.obj
 .debug_macro   0x00000000      0x1df CMakeFiles/OmniLayer_F103.dir/Drivers/Drivers_STM32F1/Start/stm32f10x_it.c.obj
 .debug_macro   0x00000000      0x69f CMakeFiles/OmniLayer_F103.dir/Drivers/Drivers_STM32F1/Start/stm32f10x_it.c.obj
 .debug_macro   0x00000000     0x7ee4 CMakeFiles/OmniLayer_F103.dir/Drivers/Drivers_STM32F1/Start/stm32f10x_it.c.obj
 .group         0x00000000        0xc CMakeFiles/OmniLayer_F103.dir/Drivers/Drivers_STM32F1/Start/startup_stm32f103c8tx_gcc.c.obj
 .group         0x00000000        0xc CMakeFiles/OmniLayer_F103.dir/Drivers/Drivers_STM32F1/Start/startup_stm32f103c8tx_gcc.c.obj
 .group         0x00000000        0xc CMakeFiles/OmniLayer_F103.dir/Drivers/Drivers_STM32F1/Start/startup_stm32f103c8tx_gcc.c.obj
 .group         0x00000000        0xc CMakeFiles/OmniLayer_F103.dir/Drivers/Drivers_STM32F1/Start/startup_stm32f103c8tx_gcc.c.obj
 .group         0x00000000        0xc CMakeFiles/OmniLayer_F103.dir/Drivers/Drivers_STM32F1/Start/startup_stm32f103c8tx_gcc.c.obj
 .group         0x00000000        0xc CMakeFiles/OmniLayer_F103.dir/Drivers/Drivers_STM32F1/Start/startup_stm32f103c8tx_gcc.c.obj
 .group         0x00000000        0xc CMakeFiles/OmniLayer_F103.dir/Drivers/Drivers_STM32F1/Start/startup_stm32f103c8tx_gcc.c.obj
 .group         0x00000000        0xc CMakeFiles/OmniLayer_F103.dir/Drivers/Drivers_STM32F1/Start/startup_stm32f103c8tx_gcc.c.obj
 .group         0x00000000        0xc CMakeFiles/OmniLayer_F103.dir/Drivers/Drivers_STM32F1/Start/startup_stm32f103c8tx_gcc.c.obj
 .group         0x00000000        0xc CMakeFiles/OmniLayer_F103.dir/Drivers/Drivers_STM32F1/Start/startup_stm32f103c8tx_gcc.c.obj
 .text          0x00000000        0x0 CMakeFiles/OmniLayer_F103.dir/Drivers/Drivers_STM32F1/Start/startup_stm32f103c8tx_gcc.c.obj
 .data          0x00000000        0x0 CMakeFiles/OmniLayer_F103.dir/Drivers/Drivers_STM32F1/Start/startup_stm32f103c8tx_gcc.c.obj
 .bss           0x00000000        0x0 CMakeFiles/OmniLayer_F103.dir/Drivers/Drivers_STM32F1/Start/startup_stm32f103c8tx_gcc.c.obj
 .debug_macro   0x00000000      0xac0 CMakeFiles/OmniLayer_F103.dir/Drivers/Drivers_STM32F1/Start/startup_stm32f103c8tx_gcc.c.obj
 .debug_macro   0x00000000       0x22 CMakeFiles/OmniLayer_F103.dir/Drivers/Drivers_STM32F1/Start/startup_stm32f103c8tx_gcc.c.obj
 .debug_macro   0x00000000       0x8e CMakeFiles/OmniLayer_F103.dir/Drivers/Drivers_STM32F1/Start/startup_stm32f103c8tx_gcc.c.obj
 .debug_macro   0x00000000       0x51 CMakeFiles/OmniLayer_F103.dir/Drivers/Drivers_STM32F1/Start/startup_stm32f103c8tx_gcc.c.obj
 .debug_macro   0x00000000      0x103 CMakeFiles/OmniLayer_F103.dir/Drivers/Drivers_STM32F1/Start/startup_stm32f103c8tx_gcc.c.obj
 .debug_macro   0x00000000       0x6a CMakeFiles/OmniLayer_F103.dir/Drivers/Drivers_STM32F1/Start/startup_stm32f103c8tx_gcc.c.obj
 .debug_macro   0x00000000      0x1df CMakeFiles/OmniLayer_F103.dir/Drivers/Drivers_STM32F1/Start/startup_stm32f103c8tx_gcc.c.obj
 .debug_macro   0x00000000       0x5c CMakeFiles/OmniLayer_F103.dir/Drivers/Drivers_STM32F1/Start/startup_stm32f103c8tx_gcc.c.obj
 .debug_macro   0x00000000     0x7ee4 CMakeFiles/OmniLayer_F103.dir/Drivers/Drivers_STM32F1/Start/startup_stm32f103c8tx_gcc.c.obj
 .text          0x00000000        0x0 C:/PROGRA~2/ARMGNU~1/13C7F1~1.2RE/bin/../lib/gcc/arm-none-eabi/13.2.1/thumb/v7-m/nofp\libc_nano.a(libc_a-exit.o)
 .data          0x00000000        0x0 C:/PROGRA~2/ARMGNU~1/13C7F1~1.2RE/bin/../lib/gcc/arm-none-eabi/13.2.1/thumb/v7-m/nofp\libc_nano.a(libc_a-exit.o)
 .bss           0x00000000        0x0 C:/PROGRA~2/ARMGNU~1/13C7F1~1.2RE/bin/../lib/gcc/arm-none-eabi/13.2.1/thumb/v7-m/nofp\libc_nano.a(libc_a-exit.o)
 .text.exit     0x00000000       0x24 C:/PROGRA~2/ARMGNU~1/13C7F1~1.2RE/bin/../lib/gcc/arm-none-eabi/13.2.1/thumb/v7-m/nofp\libc_nano.a(libc_a-exit.o)
 .debug_frame   0x00000000       0x28 C:/PROGRA~2/ARMGNU~1/13C7F1~1.2RE/bin/../lib/gcc/arm-none-eabi/13.2.1/thumb/v7-m/nofp\libc_nano.a(libc_a-exit.o)
 .ARM.attributes
                0x00000000       0x2d C:/PROGRA~2/ARMGNU~1/13C7F1~1.2RE/bin/../lib/gcc/arm-none-eabi/13.2.1/thumb/v7-m/nofp\libc_nano.a(libc_a-exit.o)
 .text          0x00000000        0x0 C:/PROGRA~2/ARMGNU~1/13C7F1~1.2RE/bin/../lib/gcc/arm-none-eabi/13.2.1/thumb/v7-m/nofp\libc_nano.a(libc_a-findfp.o)
 .data          0x00000000        0x0 C:/PROGRA~2/ARMGNU~1/13C7F1~1.2RE/bin/../lib/gcc/arm-none-eabi/13.2.1/thumb/v7-m/nofp\libc_nano.a(libc_a-findfp.o)
 .bss           0x00000000        0x0 C:/PROGRA~2/ARMGNU~1/13C7F1~1.2RE/bin/../lib/gcc/arm-none-eabi/13.2.1/thumb/v7-m/nofp\libc_nano.a(libc_a-findfp.o)
 .text.std      0x00000000       0x6c C:/PROGRA~2/ARMGNU~1/13C7F1~1.2RE/bin/../lib/gcc/arm-none-eabi/13.2.1/thumb/v7-m/nofp\libc_nano.a(libc_a-findfp.o)
 .text.stdio_exit_handler
                0x00000000       0x18 C:/PROGRA~2/ARMGNU~1/13C7F1~1.2RE/bin/../lib/gcc/arm-none-eabi/13.2.1/thumb/v7-m/nofp\libc_nano.a(libc_a-findfp.o)
 .text.cleanup_stdio
                0x00000000       0x40 C:/PROGRA~2/ARMGNU~1/13C7F1~1.2RE/bin/../lib/gcc/arm-none-eabi/13.2.1/thumb/v7-m/nofp\libc_nano.a(libc_a-findfp.o)
 .text.__fp_lock
                0x00000000       0x18 C:/PROGRA~2/ARMGNU~1/13C7F1~1.2RE/bin/../lib/gcc/arm-none-eabi/13.2.1/thumb/v7-m/nofp\libc_nano.a(libc_a-findfp.o)
 .text.__fp_unlock
                0x00000000       0x18 C:/PROGRA~2/ARMGNU~1/13C7F1~1.2RE/bin/../lib/gcc/arm-none-eabi/13.2.1/thumb/v7-m/nofp\libc_nano.a(libc_a-findfp.o)
 .text.global_stdio_init.part.0
                0x00000000       0x3c C:/PROGRA~2/ARMGNU~1/13C7F1~1.2RE/bin/../lib/gcc/arm-none-eabi/13.2.1/thumb/v7-m/nofp\libc_nano.a(libc_a-findfp.o)
 .text.__sfp_lock_acquire
                0x00000000        0xc C:/PROGRA~2/ARMGNU~1/13C7F1~1.2RE/bin/../lib/gcc/arm-none-eabi/13.2.1/thumb/v7-m/nofp\libc_nano.a(libc_a-findfp.o)
 .text.__sfp_lock_release
                0x00000000        0xc C:/PROGRA~2/ARMGNU~1/13C7F1~1.2RE/bin/../lib/gcc/arm-none-eabi/13.2.1/thumb/v7-m/nofp\libc_nano.a(libc_a-findfp.o)
 .text.__sfp    0x00000000       0xa4 C:/PROGRA~2/ARMGNU~1/13C7F1~1.2RE/bin/../lib/gcc/arm-none-eabi/13.2.1/thumb/v7-m/nofp\libc_nano.a(libc_a-findfp.o)
 .text.__sinit  0x00000000       0x30 C:/PROGRA~2/ARMGNU~1/13C7F1~1.2RE/bin/../lib/gcc/arm-none-eabi/13.2.1/thumb/v7-m/nofp\libc_nano.a(libc_a-findfp.o)
 .text.__fp_lock_all
                0x00000000       0x1c C:/PROGRA~2/ARMGNU~1/13C7F1~1.2RE/bin/../lib/gcc/arm-none-eabi/13.2.1/thumb/v7-m/nofp\libc_nano.a(libc_a-findfp.o)
 .text.__fp_unlock_all
                0x00000000       0x1c C:/PROGRA~2/ARMGNU~1/13C7F1~1.2RE/bin/../lib/gcc/arm-none-eabi/13.2.1/thumb/v7-m/nofp\libc_nano.a(libc_a-findfp.o)
 .data.__sglue  0x00000000        0xc C:/PROGRA~2/ARMGNU~1/13C7F1~1.2RE/bin/../lib/gcc/arm-none-eabi/13.2.1/thumb/v7-m/nofp\libc_nano.a(libc_a-findfp.o)
 .bss.__sf      0x00000000      0x138 C:/PROGRA~2/ARMGNU~1/13C7F1~1.2RE/bin/../lib/gcc/arm-none-eabi/13.2.1/thumb/v7-m/nofp\libc_nano.a(libc_a-findfp.o)
 .bss.__stdio_exit_handler
                0x00000000        0x4 C:/PROGRA~2/ARMGNU~1/13C7F1~1.2RE/bin/../lib/gcc/arm-none-eabi/13.2.1/thumb/v7-m/nofp\libc_nano.a(libc_a-findfp.o)
 .debug_frame   0x00000000      0x144 C:/PROGRA~2/ARMGNU~1/13C7F1~1.2RE/bin/../lib/gcc/arm-none-eabi/13.2.1/thumb/v7-m/nofp\libc_nano.a(libc_a-findfp.o)
 .ARM.attributes
                0x00000000       0x2d C:/PROGRA~2/ARMGNU~1/13C7F1~1.2RE/bin/../lib/gcc/arm-none-eabi/13.2.1/thumb/v7-m/nofp\libc_nano.a(libc_a-findfp.o)
 .text          0x00000000        0x0 C:/PROGRA~2/ARMGNU~1/13C7F1~1.2RE/bin/../lib/gcc/arm-none-eabi/13.2.1/thumb/v7-m/nofp\libc_nano.a(libc_a-fwalk.o)
 .data          0x00000000        0x0 C:/PROGRA~2/ARMGNU~1/13C7F1~1.2RE/bin/../lib/gcc/arm-none-eabi/13.2.1/thumb/v7-m/nofp\libc_nano.a(libc_a-fwalk.o)
 .bss           0x00000000        0x0 C:/PROGRA~2/ARMGNU~1/13C7F1~1.2RE/bin/../lib/gcc/arm-none-eabi/13.2.1/thumb/v7-m/nofp\libc_nano.a(libc_a-fwalk.o)
 .text._fwalk_sglue
                0x00000000       0x3c C:/PROGRA~2/ARMGNU~1/13C7F1~1.2RE/bin/../lib/gcc/arm-none-eabi/13.2.1/thumb/v7-m/nofp\libc_nano.a(libc_a-fwalk.o)
 .debug_frame   0x00000000       0x34 C:/PROGRA~2/ARMGNU~1/13C7F1~1.2RE/bin/../lib/gcc/arm-none-eabi/13.2.1/thumb/v7-m/nofp\libc_nano.a(libc_a-fwalk.o)
 .ARM.attributes
                0x00000000       0x2d C:/PROGRA~2/ARMGNU~1/13C7F1~1.2RE/bin/../lib/gcc/arm-none-eabi/13.2.1/thumb/v7-m/nofp\libc_nano.a(libc_a-fwalk.o)
 .text          0x00000000        0x0 C:/PROGRA~2/ARMGNU~1/13C7F1~1.2RE/bin/../lib/gcc/arm-none-eabi/13.2.1/thumb/v7-m/nofp\libc_nano.a(libc_a-stdio.o)
 .data          0x00000000        0x0 C:/PROGRA~2/ARMGNU~1/13C7F1~1.2RE/bin/../lib/gcc/arm-none-eabi/13.2.1/thumb/v7-m/nofp\libc_nano.a(libc_a-stdio.o)
 .bss           0x00000000        0x0 C:/PROGRA~2/ARMGNU~1/13C7F1~1.2RE/bin/../lib/gcc/arm-none-eabi/13.2.1/thumb/v7-m/nofp\libc_nano.a(libc_a-stdio.o)
 .text.__sread  0x00000000       0x22 C:/PROGRA~2/ARMGNU~1/13C7F1~1.2RE/bin/../lib/gcc/arm-none-eabi/13.2.1/thumb/v7-m/nofp\libc_nano.a(libc_a-stdio.o)
 .text.__seofread
                0x00000000        0x4 C:/PROGRA~2/ARMGNU~1/13C7F1~1.2RE/bin/../lib/gcc/arm-none-eabi/13.2.1/thumb/v7-m/nofp\libc_nano.a(libc_a-stdio.o)
 .text.__swrite
                0x00000000       0x38 C:/PROGRA~2/ARMGNU~1/13C7F1~1.2RE/bin/../lib/gcc/arm-none-eabi/13.2.1/thumb/v7-m/nofp\libc_nano.a(libc_a-stdio.o)
 .text.__sseek  0x00000000       0x24 C:/PROGRA~2/ARMGNU~1/13C7F1~1.2RE/bin/../lib/gcc/arm-none-eabi/13.2.1/thumb/v7-m/nofp\libc_nano.a(libc_a-stdio.o)
 .text.__sclose
                0x00000000        0x8 C:/PROGRA~2/ARMGNU~1/13C7F1~1.2RE/bin/../lib/gcc/arm-none-eabi/13.2.1/thumb/v7-m/nofp\libc_nano.a(libc_a-stdio.o)
 .debug_frame   0x00000000       0x88 C:/PROGRA~2/ARMGNU~1/13C7F1~1.2RE/bin/../lib/gcc/arm-none-eabi/13.2.1/thumb/v7-m/nofp\libc_nano.a(libc_a-stdio.o)
 .ARM.attributes
                0x00000000       0x2d C:/PROGRA~2/ARMGNU~1/13C7F1~1.2RE/bin/../lib/gcc/arm-none-eabi/13.2.1/thumb/v7-m/nofp\libc_nano.a(libc_a-stdio.o)
 .text          0x00000000        0x0 C:/PROGRA~2/ARMGNU~1/13C7F1~1.2RE/bin/../lib/gcc/arm-none-eabi/13.2.1/thumb/v7-m/nofp\libc_nano.a(libc_a-memset.o)
 .data          0x00000000        0x0 C:/PROGRA~2/ARMGNU~1/13C7F1~1.2RE/bin/../lib/gcc/arm-none-eabi/13.2.1/thumb/v7-m/nofp\libc_nano.a(libc_a-memset.o)
 .bss           0x00000000        0x0 C:/PROGRA~2/ARMGNU~1/13C7F1~1.2RE/bin/../lib/gcc/arm-none-eabi/13.2.1/thumb/v7-m/nofp\libc_nano.a(libc_a-memset.o)
 .text.memset   0x00000000       0x10 C:/PROGRA~2/ARMGNU~1/13C7F1~1.2RE/bin/../lib/gcc/arm-none-eabi/13.2.1/thumb/v7-m/nofp\libc_nano.a(libc_a-memset.o)
 .debug_frame   0x00000000       0x20 C:/PROGRA~2/ARMGNU~1/13C7F1~1.2RE/bin/../lib/gcc/arm-none-eabi/13.2.1/thumb/v7-m/nofp\libc_nano.a(libc_a-memset.o)
 .ARM.attributes
                0x00000000       0x2d C:/PROGRA~2/ARMGNU~1/13C7F1~1.2RE/bin/../lib/gcc/arm-none-eabi/13.2.1/thumb/v7-m/nofp\libc_nano.a(libc_a-memset.o)
 .text          0x00000000        0x0 C:/PROGRA~2/ARMGNU~1/13C7F1~1.2RE/bin/../lib/gcc/arm-none-eabi/13.2.1/thumb/v7-m/nofp\libc_nano.a(libc_a-closer.o)
 .data          0x00000000        0x0 C:/PROGRA~2/ARMGNU~1/13C7F1~1.2RE/bin/../lib/gcc/arm-none-eabi/13.2.1/thumb/v7-m/nofp\libc_nano.a(libc_a-closer.o)
 .bss           0x00000000        0x0 C:/PROGRA~2/ARMGNU~1/13C7F1~1.2RE/bin/../lib/gcc/arm-none-eabi/13.2.1/thumb/v7-m/nofp\libc_nano.a(libc_a-closer.o)
 .text._close_r
                0x00000000       0x20 C:/PROGRA~2/ARMGNU~1/13C7F1~1.2RE/bin/../lib/gcc/arm-none-eabi/13.2.1/thumb/v7-m/nofp\libc_nano.a(libc_a-closer.o)
 .debug_frame   0x00000000       0x2c C:/PROGRA~2/ARMGNU~1/13C7F1~1.2RE/bin/../lib/gcc/arm-none-eabi/13.2.1/thumb/v7-m/nofp\libc_nano.a(libc_a-closer.o)
 .ARM.attributes
                0x00000000       0x2d C:/PROGRA~2/ARMGNU~1/13C7F1~1.2RE/bin/../lib/gcc/arm-none-eabi/13.2.1/thumb/v7-m/nofp\libc_nano.a(libc_a-closer.o)
 .text          0x00000000        0x0 C:/PROGRA~2/ARMGNU~1/13C7F1~1.2RE/bin/../lib/gcc/arm-none-eabi/13.2.1/thumb/v7-m/nofp\libc_nano.a(libc_a-reent.o)
 .data          0x00000000        0x0 C:/PROGRA~2/ARMGNU~1/13C7F1~1.2RE/bin/../lib/gcc/arm-none-eabi/13.2.1/thumb/v7-m/nofp\libc_nano.a(libc_a-reent.o)
 .bss           0x00000000        0x0 C:/PROGRA~2/ARMGNU~1/13C7F1~1.2RE/bin/../lib/gcc/arm-none-eabi/13.2.1/thumb/v7-m/nofp\libc_nano.a(libc_a-reent.o)
 .text._reclaim_reent
                0x00000000       0xac C:/PROGRA~2/ARMGNU~1/13C7F1~1.2RE/bin/../lib/gcc/arm-none-eabi/13.2.1/thumb/v7-m/nofp\libc_nano.a(libc_a-reent.o)
 .bss.errno     0x00000000        0x4 C:/PROGRA~2/ARMGNU~1/13C7F1~1.2RE/bin/../lib/gcc/arm-none-eabi/13.2.1/thumb/v7-m/nofp\libc_nano.a(libc_a-reent.o)
 .debug_frame   0x00000000       0x38 C:/PROGRA~2/ARMGNU~1/13C7F1~1.2RE/bin/../lib/gcc/arm-none-eabi/13.2.1/thumb/v7-m/nofp\libc_nano.a(libc_a-reent.o)
 .ARM.attributes
                0x00000000       0x2d C:/PROGRA~2/ARMGNU~1/13C7F1~1.2RE/bin/../lib/gcc/arm-none-eabi/13.2.1/thumb/v7-m/nofp\libc_nano.a(libc_a-reent.o)
 .text          0x00000000        0x0 C:/PROGRA~2/ARMGNU~1/13C7F1~1.2RE/bin/../lib/gcc/arm-none-eabi/13.2.1/thumb/v7-m/nofp\libc_nano.a(libc_a-impure.o)
 .data          0x00000000        0x0 C:/PROGRA~2/ARMGNU~1/13C7F1~1.2RE/bin/../lib/gcc/arm-none-eabi/13.2.1/thumb/v7-m/nofp\libc_nano.a(libc_a-impure.o)
 .bss           0x00000000        0x0 C:/PROGRA~2/ARMGNU~1/13C7F1~1.2RE/bin/../lib/gcc/arm-none-eabi/13.2.1/thumb/v7-m/nofp\libc_nano.a(libc_a-impure.o)
 .data._impure_ptr
                0x00000000        0x4 C:/PROGRA~2/ARMGNU~1/13C7F1~1.2RE/bin/../lib/gcc/arm-none-eabi/13.2.1/thumb/v7-m/nofp\libc_nano.a(libc_a-impure.o)
 .data._impure_data
                0x00000000       0x4c C:/PROGRA~2/ARMGNU~1/13C7F1~1.2RE/bin/../lib/gcc/arm-none-eabi/13.2.1/thumb/v7-m/nofp\libc_nano.a(libc_a-impure.o)
 .ARM.attributes
                0x00000000       0x2d C:/PROGRA~2/ARMGNU~1/13C7F1~1.2RE/bin/../lib/gcc/arm-none-eabi/13.2.1/thumb/v7-m/nofp\libc_nano.a(libc_a-impure.o)
 .text          0x00000000        0x0 C:/PROGRA~2/ARMGNU~1/13C7F1~1.2RE/bin/../lib/gcc/arm-none-eabi/13.2.1/thumb/v7-m/nofp\libc_nano.a(libc_a-lseekr.o)
 .data          0x00000000        0x0 C:/PROGRA~2/ARMGNU~1/13C7F1~1.2RE/bin/../lib/gcc/arm-none-eabi/13.2.1/thumb/v7-m/nofp\libc_nano.a(libc_a-lseekr.o)
 .bss           0x00000000        0x0 C:/PROGRA~2/ARMGNU~1/13C7F1~1.2RE/bin/../lib/gcc/arm-none-eabi/13.2.1/thumb/v7-m/nofp\libc_nano.a(libc_a-lseekr.o)
 .text._lseek_r
                0x00000000       0x24 C:/PROGRA~2/ARMGNU~1/13C7F1~1.2RE/bin/../lib/gcc/arm-none-eabi/13.2.1/thumb/v7-m/nofp\libc_nano.a(libc_a-lseekr.o)
 .debug_frame   0x00000000       0x2c C:/PROGRA~2/ARMGNU~1/13C7F1~1.2RE/bin/../lib/gcc/arm-none-eabi/13.2.1/thumb/v7-m/nofp\libc_nano.a(libc_a-lseekr.o)
 .ARM.attributes
                0x00000000       0x2d C:/PROGRA~2/ARMGNU~1/13C7F1~1.2RE/bin/../lib/gcc/arm-none-eabi/13.2.1/thumb/v7-m/nofp\libc_nano.a(libc_a-lseekr.o)
 .text          0x00000000        0x0 C:/PROGRA~2/ARMGNU~1/13C7F1~1.2RE/bin/../lib/gcc/arm-none-eabi/13.2.1/thumb/v7-m/nofp\libc_nano.a(libc_a-readr.o)
 .data          0x00000000        0x0 C:/PROGRA~2/ARMGNU~1/13C7F1~1.2RE/bin/../lib/gcc/arm-none-eabi/13.2.1/thumb/v7-m/nofp\libc_nano.a(libc_a-readr.o)
 .bss           0x00000000        0x0 C:/PROGRA~2/ARMGNU~1/13C7F1~1.2RE/bin/../lib/gcc/arm-none-eabi/13.2.1/thumb/v7-m/nofp\libc_nano.a(libc_a-readr.o)
 .text._read_r  0x00000000       0x24 C:/PROGRA~2/ARMGNU~1/13C7F1~1.2RE/bin/../lib/gcc/arm-none-eabi/13.2.1/thumb/v7-m/nofp\libc_nano.a(libc_a-readr.o)
 .debug_frame   0x00000000       0x2c C:/PROGRA~2/ARMGNU~1/13C7F1~1.2RE/bin/../lib/gcc/arm-none-eabi/13.2.1/thumb/v7-m/nofp\libc_nano.a(libc_a-readr.o)
 .ARM.attributes
                0x00000000       0x2d C:/PROGRA~2/ARMGNU~1/13C7F1~1.2RE/bin/../lib/gcc/arm-none-eabi/13.2.1/thumb/v7-m/nofp\libc_nano.a(libc_a-readr.o)
 .text          0x00000000        0x0 C:/PROGRA~2/ARMGNU~1/13C7F1~1.2RE/bin/../lib/gcc/arm-none-eabi/13.2.1/thumb/v7-m/nofp\libc_nano.a(libc_a-writer.o)
 .data          0x00000000        0x0 C:/PROGRA~2/ARMGNU~1/13C7F1~1.2RE/bin/../lib/gcc/arm-none-eabi/13.2.1/thumb/v7-m/nofp\libc_nano.a(libc_a-writer.o)
 .bss           0x00000000        0x0 C:/PROGRA~2/ARMGNU~1/13C7F1~1.2RE/bin/../lib/gcc/arm-none-eabi/13.2.1/thumb/v7-m/nofp\libc_nano.a(libc_a-writer.o)
 .text._write_r
                0x00000000       0x24 C:/PROGRA~2/ARMGNU~1/13C7F1~1.2RE/bin/../lib/gcc/arm-none-eabi/13.2.1/thumb/v7-m/nofp\libc_nano.a(libc_a-writer.o)
 .debug_frame   0x00000000       0x2c C:/PROGRA~2/ARMGNU~1/13C7F1~1.2RE/bin/../lib/gcc/arm-none-eabi/13.2.1/thumb/v7-m/nofp\libc_nano.a(libc_a-writer.o)
 .ARM.attributes
                0x00000000       0x2d C:/PROGRA~2/ARMGNU~1/13C7F1~1.2RE/bin/../lib/gcc/arm-none-eabi/13.2.1/thumb/v7-m/nofp\libc_nano.a(libc_a-writer.o)
 .text          0x00000000        0x0 C:/PROGRA~2/ARMGNU~1/13C7F1~1.2RE/bin/../lib/gcc/arm-none-eabi/13.2.1/thumb/v7-m/nofp\libc_nano.a(libc_a-init.o)
 .data          0x00000000        0x0 C:/PROGRA~2/ARMGNU~1/13C7F1~1.2RE/bin/../lib/gcc/arm-none-eabi/13.2.1/thumb/v7-m/nofp\libc_nano.a(libc_a-init.o)
 .bss           0x00000000        0x0 C:/PROGRA~2/ARMGNU~1/13C7F1~1.2RE/bin/../lib/gcc/arm-none-eabi/13.2.1/thumb/v7-m/nofp\libc_nano.a(libc_a-init.o)
 .text.__libc_init_array
                0x00000000       0x48 C:/PROGRA~2/ARMGNU~1/13C7F1~1.2RE/bin/../lib/gcc/arm-none-eabi/13.2.1/thumb/v7-m/nofp\libc_nano.a(libc_a-init.o)
 .debug_frame   0x00000000       0x2c C:/PROGRA~2/ARMGNU~1/13C7F1~1.2RE/bin/../lib/gcc/arm-none-eabi/13.2.1/thumb/v7-m/nofp\libc_nano.a(libc_a-init.o)
 .ARM.attributes
                0x00000000       0x2d C:/PROGRA~2/ARMGNU~1/13C7F1~1.2RE/bin/../lib/gcc/arm-none-eabi/13.2.1/thumb/v7-m/nofp\libc_nano.a(libc_a-init.o)
 .text          0x00000000        0x0 C:/PROGRA~2/ARMGNU~1/13C7F1~1.2RE/bin/../lib/gcc/arm-none-eabi/13.2.1/thumb/v7-m/nofp\libc_nano.a(libc_a-lock.o)
 .data          0x00000000        0x0 C:/PROGRA~2/ARMGNU~1/13C7F1~1.2RE/bin/../lib/gcc/arm-none-eabi/13.2.1/thumb/v7-m/nofp\libc_nano.a(libc_a-lock.o)
 .bss           0x00000000        0x0 C:/PROGRA~2/ARMGNU~1/13C7F1~1.2RE/bin/../lib/gcc/arm-none-eabi/13.2.1/thumb/v7-m/nofp\libc_nano.a(libc_a-lock.o)
 .text.__retarget_lock_init
                0x00000000        0x2 C:/PROGRA~2/ARMGNU~1/13C7F1~1.2RE/bin/../lib/gcc/arm-none-eabi/13.2.1/thumb/v7-m/nofp\libc_nano.a(libc_a-lock.o)
 .text.__retarget_lock_init_recursive
                0x00000000        0x2 C:/PROGRA~2/ARMGNU~1/13C7F1~1.2RE/bin/../lib/gcc/arm-none-eabi/13.2.1/thumb/v7-m/nofp\libc_nano.a(libc_a-lock.o)
 .text.__retarget_lock_close
                0x00000000        0x2 C:/PROGRA~2/ARMGNU~1/13C7F1~1.2RE/bin/../lib/gcc/arm-none-eabi/13.2.1/thumb/v7-m/nofp\libc_nano.a(libc_a-lock.o)
 .text.__retarget_lock_close_recursive
                0x00000000        0x2 C:/PROGRA~2/ARMGNU~1/13C7F1~1.2RE/bin/../lib/gcc/arm-none-eabi/13.2.1/thumb/v7-m/nofp\libc_nano.a(libc_a-lock.o)
 .text.__retarget_lock_acquire
                0x00000000        0x2 C:/PROGRA~2/ARMGNU~1/13C7F1~1.2RE/bin/../lib/gcc/arm-none-eabi/13.2.1/thumb/v7-m/nofp\libc_nano.a(libc_a-lock.o)
 .text.__retarget_lock_acquire_recursive
                0x00000000        0x2 C:/PROGRA~2/ARMGNU~1/13C7F1~1.2RE/bin/../lib/gcc/arm-none-eabi/13.2.1/thumb/v7-m/nofp\libc_nano.a(libc_a-lock.o)
 .text.__retarget_lock_try_acquire
                0x00000000        0x4 C:/PROGRA~2/ARMGNU~1/13C7F1~1.2RE/bin/../lib/gcc/arm-none-eabi/13.2.1/thumb/v7-m/nofp\libc_nano.a(libc_a-lock.o)
 .text.__retarget_lock_try_acquire_recursive
                0x00000000        0x4 C:/PROGRA~2/ARMGNU~1/13C7F1~1.2RE/bin/../lib/gcc/arm-none-eabi/13.2.1/thumb/v7-m/nofp\libc_nano.a(libc_a-lock.o)
 .text.__retarget_lock_release
                0x00000000        0x2 C:/PROGRA~2/ARMGNU~1/13C7F1~1.2RE/bin/../lib/gcc/arm-none-eabi/13.2.1/thumb/v7-m/nofp\libc_nano.a(libc_a-lock.o)
 .text.__retarget_lock_release_recursive
                0x00000000        0x2 C:/PROGRA~2/ARMGNU~1/13C7F1~1.2RE/bin/../lib/gcc/arm-none-eabi/13.2.1/thumb/v7-m/nofp\libc_nano.a(libc_a-lock.o)
 .bss.__lock___arc4random_mutex
                0x00000000        0x1 C:/PROGRA~2/ARMGNU~1/13C7F1~1.2RE/bin/../lib/gcc/arm-none-eabi/13.2.1/thumb/v7-m/nofp\libc_nano.a(libc_a-lock.o)
 .bss.__lock___dd_hash_mutex
                0x00000000        0x1 C:/PROGRA~2/ARMGNU~1/13C7F1~1.2RE/bin/../lib/gcc/arm-none-eabi/13.2.1/thumb/v7-m/nofp\libc_nano.a(libc_a-lock.o)
 .bss.__lock___tz_mutex
                0x00000000        0x1 C:/PROGRA~2/ARMGNU~1/13C7F1~1.2RE/bin/../lib/gcc/arm-none-eabi/13.2.1/thumb/v7-m/nofp\libc_nano.a(libc_a-lock.o)
 .bss.__lock___env_recursive_mutex
                0x00000000        0x1 C:/PROGRA~2/ARMGNU~1/13C7F1~1.2RE/bin/../lib/gcc/arm-none-eabi/13.2.1/thumb/v7-m/nofp\libc_nano.a(libc_a-lock.o)
 .bss.__lock___malloc_recursive_mutex
                0x00000000        0x1 C:/PROGRA~2/ARMGNU~1/13C7F1~1.2RE/bin/../lib/gcc/arm-none-eabi/13.2.1/thumb/v7-m/nofp\libc_nano.a(libc_a-lock.o)
 .bss.__lock___at_quick_exit_mutex
                0x00000000        0x1 C:/PROGRA~2/ARMGNU~1/13C7F1~1.2RE/bin/../lib/gcc/arm-none-eabi/13.2.1/thumb/v7-m/nofp\libc_nano.a(libc_a-lock.o)
 .bss.__lock___atexit_recursive_mutex
                0x00000000        0x1 C:/PROGRA~2/ARMGNU~1/13C7F1~1.2RE/bin/../lib/gcc/arm-none-eabi/13.2.1/thumb/v7-m/nofp\libc_nano.a(libc_a-lock.o)
 .bss.__lock___sfp_recursive_mutex
                0x00000000        0x1 C:/PROGRA~2/ARMGNU~1/13C7F1~1.2RE/bin/../lib/gcc/arm-none-eabi/13.2.1/thumb/v7-m/nofp\libc_nano.a(libc_a-lock.o)
 .debug_frame   0x00000000       0xb0 C:/PROGRA~2/ARMGNU~1/13C7F1~1.2RE/bin/../lib/gcc/arm-none-eabi/13.2.1/thumb/v7-m/nofp\libc_nano.a(libc_a-lock.o)
 .ARM.attributes
                0x00000000       0x2d C:/PROGRA~2/ARMGNU~1/13C7F1~1.2RE/bin/../lib/gcc/arm-none-eabi/13.2.1/thumb/v7-m/nofp\libc_nano.a(libc_a-lock.o)
 .text          0x00000000        0x0 C:/PROGRA~2/ARMGNU~1/13C7F1~1.2RE/bin/../lib/gcc/arm-none-eabi/13.2.1/thumb/v7-m/nofp\libc_nano.a(libc_a-freer.o)
 .data          0x00000000        0x0 C:/PROGRA~2/ARMGNU~1/13C7F1~1.2RE/bin/../lib/gcc/arm-none-eabi/13.2.1/thumb/v7-m/nofp\libc_nano.a(libc_a-freer.o)
 .bss           0x00000000        0x0 C:/PROGRA~2/ARMGNU~1/13C7F1~1.2RE/bin/../lib/gcc/arm-none-eabi/13.2.1/thumb/v7-m/nofp\libc_nano.a(libc_a-freer.o)
 .text._free_r  0x00000000       0x90 C:/PROGRA~2/ARMGNU~1/13C7F1~1.2RE/bin/../lib/gcc/arm-none-eabi/13.2.1/thumb/v7-m/nofp\libc_nano.a(libc_a-freer.o)
 .debug_frame   0x00000000       0x38 C:/PROGRA~2/ARMGNU~1/13C7F1~1.2RE/bin/../lib/gcc/arm-none-eabi/13.2.1/thumb/v7-m/nofp\libc_nano.a(libc_a-freer.o)
 .ARM.attributes
                0x00000000       0x2d C:/PROGRA~2/ARMGNU~1/13C7F1~1.2RE/bin/../lib/gcc/arm-none-eabi/13.2.1/thumb/v7-m/nofp\libc_nano.a(libc_a-freer.o)
 .text          0x00000000        0x0 C:/PROGRA~2/ARMGNU~1/13C7F1~1.2RE/bin/../lib/gcc/arm-none-eabi/13.2.1/thumb/v7-m/nofp\libc_nano.a(libc_a-mallocr.o)
 .data          0x00000000        0x0 C:/PROGRA~2/ARMGNU~1/13C7F1~1.2RE/bin/../lib/gcc/arm-none-eabi/13.2.1/thumb/v7-m/nofp\libc_nano.a(libc_a-mallocr.o)
 .bss           0x00000000        0x0 C:/PROGRA~2/ARMGNU~1/13C7F1~1.2RE/bin/../lib/gcc/arm-none-eabi/13.2.1/thumb/v7-m/nofp\libc_nano.a(libc_a-mallocr.o)
 .text.sbrk_aligned
                0x00000000       0x44 C:/PROGRA~2/ARMGNU~1/13C7F1~1.2RE/bin/../lib/gcc/arm-none-eabi/13.2.1/thumb/v7-m/nofp\libc_nano.a(libc_a-mallocr.o)
 .text._malloc_r
                0x00000000      0x100 C:/PROGRA~2/ARMGNU~1/13C7F1~1.2RE/bin/../lib/gcc/arm-none-eabi/13.2.1/thumb/v7-m/nofp\libc_nano.a(libc_a-mallocr.o)
 .bss.__malloc_sbrk_start
                0x00000000        0x4 C:/PROGRA~2/ARMGNU~1/13C7F1~1.2RE/bin/../lib/gcc/arm-none-eabi/13.2.1/thumb/v7-m/nofp\libc_nano.a(libc_a-mallocr.o)
 .bss.__malloc_free_list
                0x00000000        0x4 C:/PROGRA~2/ARMGNU~1/13C7F1~1.2RE/bin/../lib/gcc/arm-none-eabi/13.2.1/thumb/v7-m/nofp\libc_nano.a(libc_a-mallocr.o)
 .debug_frame   0x00000000       0x50 C:/PROGRA~2/ARMGNU~1/13C7F1~1.2RE/bin/../lib/gcc/arm-none-eabi/13.2.1/thumb/v7-m/nofp\libc_nano.a(libc_a-mallocr.o)
 .ARM.attributes
                0x00000000       0x2d C:/PROGRA~2/ARMGNU~1/13C7F1~1.2RE/bin/../lib/gcc/arm-none-eabi/13.2.1/thumb/v7-m/nofp\libc_nano.a(libc_a-mallocr.o)
 .text          0x00000000        0x0 C:/PROGRA~2/ARMGNU~1/13C7F1~1.2RE/bin/../lib/gcc/arm-none-eabi/13.2.1/thumb/v7-m/nofp\libc_nano.a(libc_a-mlock.o)
 .data          0x00000000        0x0 C:/PROGRA~2/ARMGNU~1/13C7F1~1.2RE/bin/../lib/gcc/arm-none-eabi/13.2.1/thumb/v7-m/nofp\libc_nano.a(libc_a-mlock.o)
 .bss           0x00000000        0x0 C:/PROGRA~2/ARMGNU~1/13C7F1~1.2RE/bin/../lib/gcc/arm-none-eabi/13.2.1/thumb/v7-m/nofp\libc_nano.a(libc_a-mlock.o)
 .text.__malloc_lock
                0x00000000        0xc C:/PROGRA~2/ARMGNU~1/13C7F1~1.2RE/bin/../lib/gcc/arm-none-eabi/13.2.1/thumb/v7-m/nofp\libc_nano.a(libc_a-mlock.o)
 .text.__malloc_unlock
                0x00000000        0xc C:/PROGRA~2/ARMGNU~1/13C7F1~1.2RE/bin/../lib/gcc/arm-none-eabi/13.2.1/thumb/v7-m/nofp\libc_nano.a(libc_a-mlock.o)
 .debug_frame   0x00000000       0x30 C:/PROGRA~2/ARMGNU~1/13C7F1~1.2RE/bin/../lib/gcc/arm-none-eabi/13.2.1/thumb/v7-m/nofp\libc_nano.a(libc_a-mlock.o)
 .ARM.attributes
                0x00000000       0x2d C:/PROGRA~2/ARMGNU~1/13C7F1~1.2RE/bin/../lib/gcc/arm-none-eabi/13.2.1/thumb/v7-m/nofp\libc_nano.a(libc_a-mlock.o)
 .text          0x00000000        0x0 C:/PROGRA~2/ARMGNU~1/13C7F1~1.2RE/bin/../lib/gcc/arm-none-eabi/13.2.1/thumb/v7-m/nofp\libc_nano.a(libc_a-fflush.o)
 .data          0x00000000        0x0 C:/PROGRA~2/ARMGNU~1/13C7F1~1.2RE/bin/../lib/gcc/arm-none-eabi/13.2.1/thumb/v7-m/nofp\libc_nano.a(libc_a-fflush.o)
 .bss           0x00000000        0x0 C:/PROGRA~2/ARMGNU~1/13C7F1~1.2RE/bin/../lib/gcc/arm-none-eabi/13.2.1/thumb/v7-m/nofp\libc_nano.a(libc_a-fflush.o)
 .text.__sflush_r
                0x00000000      0x100 C:/PROGRA~2/ARMGNU~1/13C7F1~1.2RE/bin/../lib/gcc/arm-none-eabi/13.2.1/thumb/v7-m/nofp\libc_nano.a(libc_a-fflush.o)
 .text._fflush_r
                0x00000000       0x50 C:/PROGRA~2/ARMGNU~1/13C7F1~1.2RE/bin/../lib/gcc/arm-none-eabi/13.2.1/thumb/v7-m/nofp\libc_nano.a(libc_a-fflush.o)
 .text.fflush   0x00000000       0x28 C:/PROGRA~2/ARMGNU~1/13C7F1~1.2RE/bin/../lib/gcc/arm-none-eabi/13.2.1/thumb/v7-m/nofp\libc_nano.a(libc_a-fflush.o)
 .debug_frame   0x00000000       0x5c C:/PROGRA~2/ARMGNU~1/13C7F1~1.2RE/bin/../lib/gcc/arm-none-eabi/13.2.1/thumb/v7-m/nofp\libc_nano.a(libc_a-fflush.o)
 .ARM.attributes
                0x00000000       0x2d C:/PROGRA~2/ARMGNU~1/13C7F1~1.2RE/bin/../lib/gcc/arm-none-eabi/13.2.1/thumb/v7-m/nofp\libc_nano.a(libc_a-fflush.o)
 .text          0x00000000        0x0 C:/PROGRA~2/ARMGNU~1/13C7F1~1.2RE/bin/../lib/gcc/arm-none-eabi/13.2.1/thumb/v7-m/nofp\libc_nano.a(libc_a-sbrkr.o)
 .data          0x00000000        0x0 C:/PROGRA~2/ARMGNU~1/13C7F1~1.2RE/bin/../lib/gcc/arm-none-eabi/13.2.1/thumb/v7-m/nofp\libc_nano.a(libc_a-sbrkr.o)
 .bss           0x00000000        0x0 C:/PROGRA~2/ARMGNU~1/13C7F1~1.2RE/bin/../lib/gcc/arm-none-eabi/13.2.1/thumb/v7-m/nofp\libc_nano.a(libc_a-sbrkr.o)
 .text._sbrk_r  0x00000000       0x20 C:/PROGRA~2/ARMGNU~1/13C7F1~1.2RE/bin/../lib/gcc/arm-none-eabi/13.2.1/thumb/v7-m/nofp\libc_nano.a(libc_a-sbrkr.o)
 .debug_frame   0x00000000       0x2c C:/PROGRA~2/ARMGNU~1/13C7F1~1.2RE/bin/../lib/gcc/arm-none-eabi/13.2.1/thumb/v7-m/nofp\libc_nano.a(libc_a-sbrkr.o)
 .ARM.attributes
                0x00000000       0x2d C:/PROGRA~2/ARMGNU~1/13C7F1~1.2RE/bin/../lib/gcc/arm-none-eabi/13.2.1/thumb/v7-m/nofp\libc_nano.a(libc_a-sbrkr.o)
 .text          0x00000000        0x0 C:/PROGRA~2/ARMGNU~1/13C7F1~1.2RE/bin/../lib/gcc/arm-none-eabi/13.2.1/thumb/v7-m/nofp\libnosys.a(close.o)
 .data          0x00000000        0x0 C:/PROGRA~2/ARMGNU~1/13C7F1~1.2RE/bin/../lib/gcc/arm-none-eabi/13.2.1/thumb/v7-m/nofp\libnosys.a(close.o)
 .bss           0x00000000        0x0 C:/PROGRA~2/ARMGNU~1/13C7F1~1.2RE/bin/../lib/gcc/arm-none-eabi/13.2.1/thumb/v7-m/nofp\libnosys.a(close.o)
 .text._close   0x00000000       0x10 C:/PROGRA~2/ARMGNU~1/13C7F1~1.2RE/bin/../lib/gcc/arm-none-eabi/13.2.1/thumb/v7-m/nofp\libnosys.a(close.o)
 .gnu.warning._close
                0x00000000        0x0 C:/PROGRA~2/ARMGNU~1/13C7F1~1.2RE/bin/../lib/gcc/arm-none-eabi/13.2.1/thumb/v7-m/nofp\libnosys.a(close.o)
 .debug_frame   0x00000000       0x20 C:/PROGRA~2/ARMGNU~1/13C7F1~1.2RE/bin/../lib/gcc/arm-none-eabi/13.2.1/thumb/v7-m/nofp\libnosys.a(close.o)
 .ARM.attributes
                0x00000000       0x2d C:/PROGRA~2/ARMGNU~1/13C7F1~1.2RE/bin/../lib/gcc/arm-none-eabi/13.2.1/thumb/v7-m/nofp\libnosys.a(close.o)
 .text          0x00000000        0x0 C:/PROGRA~2/ARMGNU~1/13C7F1~1.2RE/bin/../lib/gcc/arm-none-eabi/13.2.1/thumb/v7-m/nofp\libnosys.a(lseek.o)
 .data          0x00000000        0x0 C:/PROGRA~2/ARMGNU~1/13C7F1~1.2RE/bin/../lib/gcc/arm-none-eabi/13.2.1/thumb/v7-m/nofp\libnosys.a(lseek.o)
 .bss           0x00000000        0x0 C:/PROGRA~2/ARMGNU~1/13C7F1~1.2RE/bin/../lib/gcc/arm-none-eabi/13.2.1/thumb/v7-m/nofp\libnosys.a(lseek.o)
 .text._lseek   0x00000000       0x10 C:/PROGRA~2/ARMGNU~1/13C7F1~1.2RE/bin/../lib/gcc/arm-none-eabi/13.2.1/thumb/v7-m/nofp\libnosys.a(lseek.o)
 .gnu.warning._lseek
                0x00000000        0x0 C:/PROGRA~2/ARMGNU~1/13C7F1~1.2RE/bin/../lib/gcc/arm-none-eabi/13.2.1/thumb/v7-m/nofp\libnosys.a(lseek.o)
 .debug_frame   0x00000000       0x20 C:/PROGRA~2/ARMGNU~1/13C7F1~1.2RE/bin/../lib/gcc/arm-none-eabi/13.2.1/thumb/v7-m/nofp\libnosys.a(lseek.o)
 .ARM.attributes
                0x00000000       0x2d C:/PROGRA~2/ARMGNU~1/13C7F1~1.2RE/bin/../lib/gcc/arm-none-eabi/13.2.1/thumb/v7-m/nofp\libnosys.a(lseek.o)
 .text          0x00000000        0x0 C:/PROGRA~2/ARMGNU~1/13C7F1~1.2RE/bin/../lib/gcc/arm-none-eabi/13.2.1/thumb/v7-m/nofp\libnosys.a(read.o)
 .data          0x00000000        0x0 C:/PROGRA~2/ARMGNU~1/13C7F1~1.2RE/bin/../lib/gcc/arm-none-eabi/13.2.1/thumb/v7-m/nofp\libnosys.a(read.o)
 .bss           0x00000000        0x0 C:/PROGRA~2/ARMGNU~1/13C7F1~1.2RE/bin/../lib/gcc/arm-none-eabi/13.2.1/thumb/v7-m/nofp\libnosys.a(read.o)
 .text._read    0x00000000       0x10 C:/PROGRA~2/ARMGNU~1/13C7F1~1.2RE/bin/../lib/gcc/arm-none-eabi/13.2.1/thumb/v7-m/nofp\libnosys.a(read.o)
 .gnu.warning._read
                0x00000000        0x0 C:/PROGRA~2/ARMGNU~1/13C7F1~1.2RE/bin/../lib/gcc/arm-none-eabi/13.2.1/thumb/v7-m/nofp\libnosys.a(read.o)
 .debug_frame   0x00000000       0x20 C:/PROGRA~2/ARMGNU~1/13C7F1~1.2RE/bin/../lib/gcc/arm-none-eabi/13.2.1/thumb/v7-m/nofp\libnosys.a(read.o)
 .ARM.attributes
                0x00000000       0x2d C:/PROGRA~2/ARMGNU~1/13C7F1~1.2RE/bin/../lib/gcc/arm-none-eabi/13.2.1/thumb/v7-m/nofp\libnosys.a(read.o)
 .text          0x00000000        0x0 C:/PROGRA~2/ARMGNU~1/13C7F1~1.2RE/bin/../lib/gcc/arm-none-eabi/13.2.1/thumb/v7-m/nofp\libnosys.a(sbrk.o)
 .data          0x00000000        0x0 C:/PROGRA~2/ARMGNU~1/13C7F1~1.2RE/bin/../lib/gcc/arm-none-eabi/13.2.1/thumb/v7-m/nofp\libnosys.a(sbrk.o)
 .bss           0x00000000        0x0 C:/PROGRA~2/ARMGNU~1/13C7F1~1.2RE/bin/../lib/gcc/arm-none-eabi/13.2.1/thumb/v7-m/nofp\libnosys.a(sbrk.o)
 .text._sbrk    0x00000000       0x1c C:/PROGRA~2/ARMGNU~1/13C7F1~1.2RE/bin/../lib/gcc/arm-none-eabi/13.2.1/thumb/v7-m/nofp\libnosys.a(sbrk.o)
 .bss.heap_end.0
                0x00000000        0x4 C:/PROGRA~2/ARMGNU~1/13C7F1~1.2RE/bin/../lib/gcc/arm-none-eabi/13.2.1/thumb/v7-m/nofp\libnosys.a(sbrk.o)
 .debug_frame   0x00000000       0x20 C:/PROGRA~2/ARMGNU~1/13C7F1~1.2RE/bin/../lib/gcc/arm-none-eabi/13.2.1/thumb/v7-m/nofp\libnosys.a(sbrk.o)
 .ARM.attributes
                0x00000000       0x2d C:/PROGRA~2/ARMGNU~1/13C7F1~1.2RE/bin/../lib/gcc/arm-none-eabi/13.2.1/thumb/v7-m/nofp\libnosys.a(sbrk.o)
 .text          0x00000000        0x0 C:/PROGRA~2/ARMGNU~1/13C7F1~1.2RE/bin/../lib/gcc/arm-none-eabi/13.2.1/thumb/v7-m/nofp\libnosys.a(write.o)
 .data          0x00000000        0x0 C:/PROGRA~2/ARMGNU~1/13C7F1~1.2RE/bin/../lib/gcc/arm-none-eabi/13.2.1/thumb/v7-m/nofp\libnosys.a(write.o)
 .bss           0x00000000        0x0 C:/PROGRA~2/ARMGNU~1/13C7F1~1.2RE/bin/../lib/gcc/arm-none-eabi/13.2.1/thumb/v7-m/nofp\libnosys.a(write.o)
 .text._write   0x00000000       0x10 C:/PROGRA~2/ARMGNU~1/13C7F1~1.2RE/bin/../lib/gcc/arm-none-eabi/13.2.1/thumb/v7-m/nofp\libnosys.a(write.o)
 .gnu.warning._write
                0x00000000        0x0 C:/PROGRA~2/ARMGNU~1/13C7F1~1.2RE/bin/../lib/gcc/arm-none-eabi/13.2.1/thumb/v7-m/nofp\libnosys.a(write.o)
 .debug_frame   0x00000000       0x20 C:/PROGRA~2/ARMGNU~1/13C7F1~1.2RE/bin/../lib/gcc/arm-none-eabi/13.2.1/thumb/v7-m/nofp\libnosys.a(write.o)
 .ARM.attributes
                0x00000000       0x2d C:/PROGRA~2/ARMGNU~1/13C7F1~1.2RE/bin/../lib/gcc/arm-none-eabi/13.2.1/thumb/v7-m/nofp\libnosys.a(write.o)
 .text          0x00000000        0x0 C:/PROGRA~2/ARMGNU~1/13C7F1~1.2RE/bin/../lib/gcc/arm-none-eabi/13.2.1/thumb/v7-m/nofp\libnosys.a(_exit.o)
 .data          0x00000000        0x0 C:/PROGRA~2/ARMGNU~1/13C7F1~1.2RE/bin/../lib/gcc/arm-none-eabi/13.2.1/thumb/v7-m/nofp\libnosys.a(_exit.o)
 .bss           0x00000000        0x0 C:/PROGRA~2/ARMGNU~1/13C7F1~1.2RE/bin/../lib/gcc/arm-none-eabi/13.2.1/thumb/v7-m/nofp\libnosys.a(_exit.o)
 .text._exit    0x00000000        0x4 C:/PROGRA~2/ARMGNU~1/13C7F1~1.2RE/bin/../lib/gcc/arm-none-eabi/13.2.1/thumb/v7-m/nofp\libnosys.a(_exit.o)
 .debug_frame   0x00000000       0x20 C:/PROGRA~2/ARMGNU~1/13C7F1~1.2RE/bin/../lib/gcc/arm-none-eabi/13.2.1/thumb/v7-m/nofp\libnosys.a(_exit.o)
 .ARM.attributes
                0x00000000       0x2d C:/PROGRA~2/ARMGNU~1/13C7F1~1.2RE/bin/../lib/gcc/arm-none-eabi/13.2.1/thumb/v7-m/nofp\libnosys.a(_exit.o)
 .text          0x00000000        0x0 C:/PROGRA~2/ARMGNU~1/13C7F1~1.2RE/bin/../lib/gcc/arm-none-eabi/13.2.1/thumb/v7-m/nofp/crtend.o
 .data          0x00000000        0x0 C:/PROGRA~2/ARMGNU~1/13C7F1~1.2RE/bin/../lib/gcc/arm-none-eabi/13.2.1/thumb/v7-m/nofp/crtend.o
 .bss           0x00000000        0x0 C:/PROGRA~2/ARMGNU~1/13C7F1~1.2RE/bin/../lib/gcc/arm-none-eabi/13.2.1/thumb/v7-m/nofp/crtend.o
 .rodata.all_implied_fbits
                0x00000000       0x24 C:/PROGRA~2/ARMGNU~1/13C7F1~1.2RE/bin/../lib/gcc/arm-none-eabi/13.2.1/thumb/v7-m/nofp/crtend.o
 .eh_frame      0x00000000        0x4 C:/PROGRA~2/ARMGNU~1/13C7F1~1.2RE/bin/../lib/gcc/arm-none-eabi/13.2.1/thumb/v7-m/nofp/crtend.o
 .text          0x00000000        0x0 C:/PROGRA~2/ARMGNU~1/13C7F1~1.2RE/bin/../lib/gcc/arm-none-eabi/13.2.1/thumb/v7-m/nofp/crtn.o
 .data          0x00000000        0x0 C:/PROGRA~2/ARMGNU~1/13C7F1~1.2RE/bin/../lib/gcc/arm-none-eabi/13.2.1/thumb/v7-m/nofp/crtn.o
 .bss           0x00000000        0x0 C:/PROGRA~2/ARMGNU~1/13C7F1~1.2RE/bin/../lib/gcc/arm-none-eabi/13.2.1/thumb/v7-m/nofp/crtn.o

Memory Configuration

Name             Origin             Length             Attributes
RAM              0x20000000         0x00005000         xrw
FLASH            0x08000000         0x00010000         xr
*default*        0x00000000         0xffffffff

Linker script and memory map

LOAD C:/PROGRA~2/ARMGNU~1/13C7F1~1.2RE/bin/../lib/gcc/arm-none-eabi/13.2.1/thumb/v7-m/nofp/crti.o
LOAD C:/PROGRA~2/ARMGNU~1/13C7F1~1.2RE/bin/../lib/gcc/arm-none-eabi/13.2.1/thumb/v7-m/nofp/crtbegin.o
LOAD C:/PROGRA~2/ARMGNU~1/13C7F1~1.2RE/bin/../lib/gcc/arm-none-eabi/13.2.1/thumb/v7-m/nofp/crt0.o
LOAD CMakeFiles/OmniLayer_F103.dir/app/main.c.obj
LOAD CMakeFiles/OmniLayer_F103.dir/Enroll/Enroll.c.obj
LOAD CMakeFiles/OmniLayer_F103.dir/BSP/LED/LED.c.obj
LOAD CMakeFiles/OmniLayer_F103.dir/Core/STM32F103/src/f103_gpio.c.obj
LOAD CMakeFiles/OmniLayer_F103.dir/Drivers/Drivers_STM32F1/Start/system_stm32f10x.c.obj
LOAD CMakeFiles/OmniLayer_F103.dir/Drivers/Drivers_STM32F1/Start/stm32f10x_it.c.obj
LOAD CMakeFiles/OmniLayer_F103.dir/Drivers/Drivers_STM32F1/Start/startup_stm32f103c8tx_gcc.c.obj
LOAD C:/PROGRA~2/ARMGNU~1/13C7F1~1.2RE/bin/../lib/gcc/arm-none-eabi/13.2.1/thumb/v7-m/nofp\libm.a
LOAD C:/PROGRA~2/ARMGNU~1/13C7F1~1.2RE/bin/../lib/gcc/arm-none-eabi/13.2.1/thumb/v7-m/nofp\libc_nano.a
START GROUP
LOAD C:/PROGRA~2/ARMGNU~1/13C7F1~1.2RE/bin/../lib/gcc/arm-none-eabi/13.2.1/thumb/v7-m/nofp\libgcc.a
LOAD C:/PROGRA~2/ARMGNU~1/13C7F1~1.2RE/bin/../lib/gcc/arm-none-eabi/13.2.1/thumb/v7-m/nofp\libg_nano.a
LOAD C:/PROGRA~2/ARMGNU~1/13C7F1~1.2RE/bin/../lib/gcc/arm-none-eabi/13.2.1/thumb/v7-m/nofp\libc_nano.a
END GROUP
START GROUP
LOAD C:/PROGRA~2/ARMGNU~1/13C7F1~1.2RE/bin/../lib/gcc/arm-none-eabi/13.2.1/thumb/v7-m/nofp\libgcc.a
LOAD C:/PROGRA~2/ARMGNU~1/13C7F1~1.2RE/bin/../lib/gcc/arm-none-eabi/13.2.1/thumb/v7-m/nofp\libc_nano.a
LOAD C:/PROGRA~2/ARMGNU~1/13C7F1~1.2RE/bin/../lib/gcc/arm-none-eabi/13.2.1/thumb/v7-m/nofp\libnosys.a
END GROUP
START GROUP
LOAD C:/PROGRA~2/ARMGNU~1/13C7F1~1.2RE/bin/../lib/gcc/arm-none-eabi/13.2.1/thumb/v7-m/nofp\libgcc.a
LOAD C:/PROGRA~2/ARMGNU~1/13C7F1~1.2RE/bin/../lib/gcc/arm-none-eabi/13.2.1/thumb/v7-m/nofp\libc_nano.a
LOAD C:/PROGRA~2/ARMGNU~1/13C7F1~1.2RE/bin/../lib/gcc/arm-none-eabi/13.2.1/thumb/v7-m/nofp\libnosys.a
END GROUP
LOAD C:/PROGRA~2/ARMGNU~1/13C7F1~1.2RE/bin/../lib/gcc/arm-none-eabi/13.2.1/thumb/v7-m/nofp/crtend.o
LOAD C:/PROGRA~2/ARMGNU~1/13C7F1~1.2RE/bin/../lib/gcc/arm-none-eabi/13.2.1/thumb/v7-m/nofp/crtn.o
                0x20005000                        _estack = (ORIGIN (RAM) + LENGTH (RAM))
                0x00000200                        _Min_Heap_Size = 0x200
                0x00000400                        _Min_Stack_Size = 0x400

.isr_vector     0x08000000      0x130
                0x08000000                        . = ALIGN (0x4)
 *(.isr_vector)
 .isr_vector    0x08000000      0x130 CMakeFiles/OmniLayer_F103.dir/Drivers/Drivers_STM32F1/Start/startup_stm32f103c8tx_gcc.c.obj
                0x08000000                g_pfnVectors
                0x08000130                        . = ALIGN (0x4)

.text           0x08000130      0x438
                0x08000130                        . = ALIGN (0x4)
 *(.text)
 *(.text*)
 .text.deregister_tm_clones
                0x08000130       0x1c C:/PROGRA~2/ARMGNU~1/13C7F1~1.2RE/bin/../lib/gcc/arm-none-eabi/13.2.1/thumb/v7-m/nofp/crtbegin.o
 .text.register_tm_clones
                0x0800014c       0x24 C:/PROGRA~2/ARMGNU~1/13C7F1~1.2RE/bin/../lib/gcc/arm-none-eabi/13.2.1/thumb/v7-m/nofp/crtbegin.o
 .text.__do_global_dtors_aux
                0x08000170       0x28 C:/PROGRA~2/ARMGNU~1/13C7F1~1.2RE/bin/../lib/gcc/arm-none-eabi/13.2.1/thumb/v7-m/nofp/crtbegin.o
 .text.frame_dummy
                0x08000198       0x24 C:/PROGRA~2/ARMGNU~1/13C7F1~1.2RE/bin/../lib/gcc/arm-none-eabi/13.2.1/thumb/v7-m/nofp/crtbegin.o
 .text.main     0x080001bc       0x12 CMakeFiles/OmniLayer_F103.dir/app/main.c.obj
                0x080001bc                main
 *fill*         0x080001ce        0x2 
 .text.Enroll_LED_Init
                0x080001d0       0x18 CMakeFiles/OmniLayer_F103.dir/Enroll/Enroll.c.obj
                0x080001d0                Enroll_LED_Init
 .text.Enroll_LED_Control
                0x080001e8        0x8 CMakeFiles/OmniLayer_F103.dir/Enroll/Enroll.c.obj
                0x080001e8                Enroll_LED_Control
 .text.LED_NormalizeLevel
                0x080001f0        0xa CMakeFiles/OmniLayer_F103.dir/BSP/LED/LED.c.obj
 *fill*         0x080001fa        0x2 
 .text.LED_FindConfig
                0x080001fc       0x44 CMakeFiles/OmniLayer_F103.dir/BSP/LED/LED.c.obj
 .text.LED_Register
                0x08000240       0x20 CMakeFiles/OmniLayer_F103.dir/BSP/LED/LED.c.obj
                0x08000240                LED_Register
 .text.LED_Init
                0x08000260       0x60 CMakeFiles/OmniLayer_F103.dir/BSP/LED/LED.c.obj
                0x08000260                LED_Init
 .text.LED_Control
                0x080002c0       0x20 CMakeFiles/OmniLayer_F103.dir/BSP/LED/LED.c.obj
                0x080002c0                LED_Control
 .text.F103_GPIO_EnableClock
                0x080002e0       0x74 CMakeFiles/OmniLayer_F103.dir/Core/STM32F103/src/f103_gpio.c.obj
 .text.F103_GPIO_PinIndex
                0x08000354       0x1c CMakeFiles/OmniLayer_F103.dir/Core/STM32F103/src/f103_gpio.c.obj
 .text.F103_GPIO_InitOutput
                0x08000370       0x5c CMakeFiles/OmniLayer_F103.dir/Core/STM32F103/src/f103_gpio.c.obj
                0x08000370                F103_GPIO_InitOutput
 .text.F103_GPIO_Write
                0x080003cc        0xe CMakeFiles/OmniLayer_F103.dir/Core/STM32F103/src/f103_gpio.c.obj
                0x080003cc                F103_GPIO_Write
 *fill*         0x080003da        0x2 
 .text.SetSysClockTo72
                0x080003dc       0xc4 CMakeFiles/OmniLayer_F103.dir/Drivers/Drivers_STM32F1/Start/system_stm32f10x.c.obj
 .text.SetSysClock
                0x080004a0        0x8 CMakeFiles/OmniLayer_F103.dir/Drivers/Drivers_STM32F1/Start/system_stm32f10x.c.obj
 .text.SystemInit
                0x080004a8       0x50 CMakeFiles/OmniLayer_F103.dir/Drivers/Drivers_STM32F1/Start/system_stm32f10x.c.obj
                0x080004a8                SystemInit
 .text.NMI_Handler
                0x080004f8        0x2 CMakeFiles/OmniLayer_F103.dir/Drivers/Drivers_STM32F1/Start/stm32f10x_it.c.obj
                0x080004f8                NMI_Handler
 .text.HardFault_Handler
                0x080004fa        0x2 CMakeFiles/OmniLayer_F103.dir/Drivers/Drivers_STM32F1/Start/stm32f10x_it.c.obj
                0x080004fa                HardFault_Handler
 .text.MemManage_Handler
                0x080004fc        0x2 CMakeFiles/OmniLayer_F103.dir/Drivers/Drivers_STM32F1/Start/stm32f10x_it.c.obj
                0x080004fc                MemManage_Handler
 .text.BusFault_Handler
                0x080004fe        0x2 CMakeFiles/OmniLayer_F103.dir/Drivers/Drivers_STM32F1/Start/stm32f10x_it.c.obj
                0x080004fe                BusFault_Handler
 .text.UsageFault_Handler
                0x08000500        0x2 CMakeFiles/OmniLayer_F103.dir/Drivers/Drivers_STM32F1/Start/stm32f10x_it.c.obj
                0x08000500                UsageFault_Handler
 .text.SVC_Handler
                0x08000502        0x2 CMakeFiles/OmniLayer_F103.dir/Drivers/Drivers_STM32F1/Start/stm32f10x_it.c.obj
                0x08000502                SVC_Handler
 .text.DebugMon_Handler
                0x08000504        0x2 CMakeFiles/OmniLayer_F103.dir/Drivers/Drivers_STM32F1/Start/stm32f10x_it.c.obj
                0x08000504                DebugMon_Handler
 .text.PendSV_Handler
                0x08000506        0x2 CMakeFiles/OmniLayer_F103.dir/Drivers/Drivers_STM32F1/Start/stm32f10x_it.c.obj
                0x08000506                PendSV_Handler
 .text.SysTick_Handler
                0x08000508        0x2 CMakeFiles/OmniLayer_F103.dir/Drivers/Drivers_STM32F1/Start/stm32f10x_it.c.obj
                0x08000508                SysTick_Handler
 .text.Default_Handler
                0x0800050a        0x2 CMakeFiles/OmniLayer_F103.dir/Drivers/Drivers_STM32F1/Start/startup_stm32f103c8tx_gcc.c.obj
                0x0800050a                EXTI2_IRQHandler
                0x0800050a                TIM8_TRG_COM_IRQHandler
                0x0800050a                TIM8_CC_IRQHandler
                0x0800050a                TIM1_CC_IRQHandler
                0x0800050a                TIM6_IRQHandler
                0x0800050a                PVD_IRQHandler
                0x0800050a                SDIO_IRQHandler
                0x0800050a                EXTI3_IRQHandler
                0x0800050a                EXTI0_IRQHandler
                0x0800050a                I2C2_EV_IRQHandler
                0x0800050a                ADC1_2_IRQHandler
                0x0800050a                SPI1_IRQHandler
                0x0800050a                TAMPER_IRQHandler
                0x0800050a                TIM8_UP_IRQHandler
                0x0800050a                DMA2_Channel2_IRQHandler
                0x0800050a                DMA1_Channel4_IRQHandler
                0x0800050a                USART3_IRQHandler
                0x0800050a                RTC_IRQHandler
                0x0800050a                DMA1_Channel7_IRQHandler
                0x0800050a                CAN1_RX1_IRQHandler
                0x0800050a                UART5_IRQHandler
                0x0800050a                ADC3_IRQHandler
                0x0800050a                TIM4_IRQHandler
                0x0800050a                DMA2_Channel1_IRQHandler
                0x0800050a                I2C1_EV_IRQHandler
                0x0800050a                DMA1_Channel6_IRQHandler
                0x0800050a                UART4_IRQHandler
                0x0800050a                TIM3_IRQHandler
                0x0800050a                RCC_IRQHandler
                0x0800050a                TIM1_TRG_COM_IRQHandler
                0x0800050a                DMA1_Channel1_IRQHandler
                0x0800050a                Default_Handler
                0x0800050a                EXTI15_10_IRQHandler
                0x0800050a                TIM7_IRQHandler
                0x0800050a                TIM5_IRQHandler
                0x0800050a                EXTI9_5_IRQHandler
                0x0800050a                SPI2_IRQHandler
                0x0800050a                DMA1_Channel5_IRQHandler
                0x0800050a                EXTI4_IRQHandler
                0x0800050a                USB_LP_CAN1_RX0_IRQHandler
                0x0800050a                USB_HP_CAN1_TX_IRQHandler
                0x0800050a                DMA1_Channel3_IRQHandler
                0x0800050a                FSMC_IRQHandler
                0x0800050a                TIM1_UP_IRQHandler
                0x0800050a                WWDG_IRQHandler
                0x0800050a                TIM2_IRQHandler
                0x0800050a                TIM1_BRK_IRQHandler
                0x0800050a                EXTI1_IRQHandler
                0x0800050a                RTCAlarm_IRQHandler
                0x0800050a                DMA2_Channel4_5_IRQHandler
                0x0800050a                USART2_IRQHandler
                0x0800050a                I2C2_ER_IRQHandler
                0x0800050a                DMA1_Channel2_IRQHandler
                0x0800050a                TIM8_BRK_IRQHandler
                0x0800050a                CAN1_SCE_IRQHandler
                0x0800050a                FLASH_IRQHandler
                0x0800050a                USART1_IRQHandler
                0x0800050a                SPI3_IRQHandler
                0x0800050a                I2C1_ER_IRQHandler
                0x0800050a                USBWakeUp_IRQHandler
                0x0800050a                DMA2_Channel3_IRQHandler
 .text.Reset_Handler
                0x0800050c       0x44 CMakeFiles/OmniLayer_F103.dir/Drivers/Drivers_STM32F1/Start/startup_stm32f103c8tx_gcc.c.obj
                0x0800050c                Reset_Handler
 *(.glue_7)
 .glue_7        0x08000550        0x0 linker stubs
 *(.glue_7t)
 .glue_7t       0x08000550        0x0 linker stubs
 *(.eh_frame)
 .eh_frame      0x08000550        0x0 C:/PROGRA~2/ARMGNU~1/13C7F1~1.2RE/bin/../lib/gcc/arm-none-eabi/13.2.1/thumb/v7-m/nofp/crtbegin.o
 *(.init)
 .init          0x08000550        0x4 C:/PROGRA~2/ARMGNU~1/13C7F1~1.2RE/bin/../lib/gcc/arm-none-eabi/13.2.1/thumb/v7-m/nofp/crti.o
                0x08000550                _init
 .init          0x08000554        0x8 C:/PROGRA~2/ARMGNU~1/13C7F1~1.2RE/bin/../lib/gcc/arm-none-eabi/13.2.1/thumb/v7-m/nofp/crtn.o
 *(.fini)
 .fini          0x0800055c        0x4 C:/PROGRA~2/ARMGNU~1/13C7F1~1.2RE/bin/../lib/gcc/arm-none-eabi/13.2.1/thumb/v7-m/nofp/crti.o
                0x0800055c                _fini
 .fini          0x08000560        0x8 C:/PROGRA~2/ARMGNU~1/13C7F1~1.2RE/bin/../lib/gcc/arm-none-eabi/13.2.1/thumb/v7-m/nofp/crtn.o
                0x08000568                        . = ALIGN (0x4)
                0x08000568                        _etext = .

.vfp11_veneer   0x08000568        0x0
 .vfp11_veneer  0x08000568        0x0 linker stubs

.v4_bx          0x08000568        0x0
 .v4_bx         0x08000568        0x0 linker stubs

.iplt           0x08000568        0x0
 .iplt          0x08000568        0x0 C:/PROGRA~2/ARMGNU~1/13C7F1~1.2RE/bin/../lib/gcc/arm-none-eabi/13.2.1/thumb/v7-m/nofp/crtbegin.o

.rodata         0x08000568       0x14
                0x08000568                        . = ALIGN (0x4)
 *(.rodata)
 *(.rodata*)
 .rodata.s_ledTable
                0x08000568       0x14 CMakeFiles/OmniLayer_F103.dir/Enroll/Enroll.c.obj
                0x0800057c                        . = ALIGN (0x4)

.ARM.extab      0x0800057c        0x0
                0x0800057c                        . = ALIGN (0x4)
 *(.ARM.extab* .gnu.linkonce.armextab.*)
                0x0800057c                        . = ALIGN (0x4)

.ARM            0x0800057c        0x0
                0x0800057c                        . = ALIGN (0x4)
                0x0800057c                        __exidx_start = .
 *(.ARM.exidx*)
                0x0800057c                        __exidx_end = .
                0x0800057c                        . = ALIGN (0x4)

.preinit_array  0x0800057c        0x0
                0x0800057c                        . = ALIGN (0x4)
                0x0800057c                        PROVIDE (__preinit_array_start = .)
 *(.preinit_array*)
                0x0800057c                        PROVIDE (__preinit_array_end = .)
                0x0800057c                        . = ALIGN (0x4)

.init_array     0x0800057c        0x4
                0x0800057c                        . = ALIGN (0x4)
                0x0800057c                        PROVIDE (__init_array_start = .)
 *(SORT_BY_NAME(.init_array.*))
 *(.init_array*)
 .init_array    0x0800057c        0x4 C:/PROGRA~2/ARMGNU~1/13C7F1~1.2RE/bin/../lib/gcc/arm-none-eabi/13.2.1/thumb/v7-m/nofp/crtbegin.o
                0x08000580                        PROVIDE (__init_array_end = .)
                0x08000580                        . = ALIGN (0x4)

.fini_array     0x08000580        0x4
                0x08000580                        . = ALIGN (0x4)
                [!provide]                        PROVIDE (__fini_array_start = .)
 *(SORT_BY_NAME(.fini_array.*))
 *(.fini_array*)
 .fini_array    0x08000580        0x4 C:/PROGRA~2/ARMGNU~1/13C7F1~1.2RE/bin/../lib/gcc/arm-none-eabi/13.2.1/thumb/v7-m/nofp/crtbegin.o
                [!provide]                        PROVIDE (__fini_array_end = .)
                0x08000584                        . = ALIGN (0x4)
                0x08000584                        _sidata = LOADADDR (.data)

.rel.dyn        0x08000584        0x0
 .rel.iplt      0x08000584        0x0 C:/PROGRA~2/ARMGNU~1/13C7F1~1.2RE/bin/../lib/gcc/arm-none-eabi/13.2.1/thumb/v7-m/nofp/crtbegin.o

.data           0x20000000        0x0 load address 0x08000584
                0x20000000                        . = ALIGN (0x4)
                0x20000000                        _sdata = .
 *(.data)
 *(.data*)
 *(.RamFunc)
 *(.RamFunc*)
                0x20000000                        . = ALIGN (0x4)
                0x20000000                        _edata = .

.tm_clone_table
                0x20000000        0x0 load address 0x08000584
 .tm_clone_table
                0x20000000        0x0 C:/PROGRA~2/ARMGNU~1/13C7F1~1.2RE/bin/../lib/gcc/arm-none-eabi/13.2.1/thumb/v7-m/nofp/crtbegin.o
 .tm_clone_table
                0x20000000        0x0 C:/PROGRA~2/ARMGNU~1/13C7F1~1.2RE/bin/../lib/gcc/arm-none-eabi/13.2.1/thumb/v7-m/nofp/crtend.o

.igot.plt       0x20000000        0x0 load address 0x08000584
 .igot.plt      0x20000000        0x0 C:/PROGRA~2/ARMGNU~1/13C7F1~1.2RE/bin/../lib/gcc/arm-none-eabi/13.2.1/thumb/v7-m/nofp/crtbegin.o
                0x20000000                        . = ALIGN (0x4)

.bss            0x20000000       0x24 load address 0x08000584
                0x20000000                        _sbss = .
                0x20000000                        __bss_start__ = _sbss
 *(.bss)
 *(.bss*)
 .bss.completed.1
                0x20000000        0x1 C:/PROGRA~2/ARMGNU~1/13C7F1~1.2RE/bin/../lib/gcc/arm-none-eabi/13.2.1/thumb/v7-m/nofp/crtbegin.o
 *fill*         0x20000001        0x3 
 .bss.object.0  0x20000004       0x18 C:/PROGRA~2/ARMGNU~1/13C7F1~1.2RE/bin/../lib/gcc/arm-none-eabi/13.2.1/thumb/v7-m/nofp/crtbegin.o
 .bss.s_ledConfigCount
                0x2000001c        0x1 CMakeFiles/OmniLayer_F103.dir/BSP/LED/LED.c.obj
 *fill*         0x2000001d        0x3 
 .bss.s_ledConfigTable
                0x20000020        0x4 CMakeFiles/OmniLayer_F103.dir/BSP/LED/LED.c.obj
 *(COMMON)
                0x20000024                        . = ALIGN (0x4)
                0x20000024                        _ebss = .
                0x20000024                        __bss_end__ = _ebss

._user_heap_stack
                0x20000024      0x604 load address 0x08000584
                0x20000028                        . = ALIGN (0x8)
 *fill*         0x20000024        0x4 
                0x20000028                        PROVIDE (end = .)
                [!provide]                        PROVIDE (_end = .)
                0x20000228                        . = (. + _Min_Heap_Size)
 *fill*         0x20000028      0x200 
                0x20000628                        . = (. + _Min_Stack_Size)
 *fill*         0x20000228      0x400 
                0x20000628                        . = ALIGN (0x8)

/DISCARD/
 libc.a(*)
 libm.a(*)
 libgcc.a(*)
OUTPUT(artifacts\OmniLayer_F103.elf elf32-littlearm)
LOAD linker stubs
LOAD C:/PROGRA~2/ARMGNU~1/13C7F1~1.2RE/bin/../lib/gcc/arm-none-eabi/13.2.1/thumb/v7-m/nofp\libc.a
LOAD C:/PROGRA~2/ARMGNU~1/13C7F1~1.2RE/bin/../lib/gcc/arm-none-eabi/13.2.1/thumb/v7-m/nofp\libm.a
LOAD C:/PROGRA~2/ARMGNU~1/13C7F1~1.2RE/bin/../lib/gcc/arm-none-eabi/13.2.1/thumb/v7-m/nofp\libgcc.a

.ARM.attributes
                0x00000000       0x29
 .ARM.attributes
                0x00000000       0x1d C:/PROGRA~2/ARMGNU~1/13C7F1~1.2RE/bin/../lib/gcc/arm-none-eabi/13.2.1/thumb/v7-m/nofp/crti.o
 .ARM.attributes
                0x0000001d       0x2d C:/PROGRA~2/ARMGNU~1/13C7F1~1.2RE/bin/../lib/gcc/arm-none-eabi/13.2.1/thumb/v7-m/nofp/crtbegin.o
 .ARM.attributes
                0x0000004a       0x2d CMakeFiles/OmniLayer_F103.dir/app/main.c.obj
 .ARM.attributes
                0x00000077       0x2d CMakeFiles/OmniLayer_F103.dir/Enroll/Enroll.c.obj
 .ARM.attributes
                0x000000a4       0x2d CMakeFiles/OmniLayer_F103.dir/BSP/LED/LED.c.obj
 .ARM.attributes
                0x000000d1       0x2d CMakeFiles/OmniLayer_F103.dir/Core/STM32F103/src/f103_gpio.c.obj
 .ARM.attributes
                0x000000fe       0x2d CMakeFiles/OmniLayer_F103.dir/Drivers/Drivers_STM32F1/Start/system_stm32f10x.c.obj
 .ARM.attributes
                0x0000012b       0x2d CMakeFiles/OmniLayer_F103.dir/Drivers/Drivers_STM32F1/Start/stm32f10x_it.c.obj
 .ARM.attributes
                0x00000158       0x2d CMakeFiles/OmniLayer_F103.dir/Drivers/Drivers_STM32F1/Start/startup_stm32f103c8tx_gcc.c.obj
 .ARM.attributes
                0x00000185       0x2d C:/PROGRA~2/ARMGNU~1/13C7F1~1.2RE/bin/../lib/gcc/arm-none-eabi/13.2.1/thumb/v7-m/nofp/crtend.o
 .ARM.attributes
                0x000001b2       0x1d C:/PROGRA~2/ARMGNU~1/13C7F1~1.2RE/bin/../lib/gcc/arm-none-eabi/13.2.1/thumb/v7-m/nofp/crtn.o

.comment        0x00000000       0x44
 .comment       0x00000000       0x44 CMakeFiles/OmniLayer_F103.dir/app/main.c.obj
                                 0x45 (size before relaxing)
 .comment       0x00000044       0x45 CMakeFiles/OmniLayer_F103.dir/Enroll/Enroll.c.obj
 .comment       0x00000044       0x45 CMakeFiles/OmniLayer_F103.dir/BSP/LED/LED.c.obj
 .comment       0x00000044       0x45 CMakeFiles/OmniLayer_F103.dir/Core/STM32F103/src/f103_gpio.c.obj
 .comment       0x00000044       0x45 CMakeFiles/OmniLayer_F103.dir/Drivers/Drivers_STM32F1/Start/system_stm32f10x.c.obj
 .comment       0x00000044       0x45 CMakeFiles/OmniLayer_F103.dir/Drivers/Drivers_STM32F1/Start/stm32f10x_it.c.obj
 .comment       0x00000044       0x45 CMakeFiles/OmniLayer_F103.dir/Drivers/Drivers_STM32F1/Start/startup_stm32f103c8tx_gcc.c.obj

.debug_info     0x00000000     0x11db
 .debug_info    0x00000000      0x11c CMakeFiles/OmniLayer_F103.dir/app/main.c.obj
 .debug_info    0x0000011c      0x36a CMakeFiles/OmniLayer_F103.dir/Enroll/Enroll.c.obj
 .debug_info    0x00000486      0x363 CMakeFiles/OmniLayer_F103.dir/BSP/LED/LED.c.obj
 .debug_info    0x000007e9      0x345 CMakeFiles/OmniLayer_F103.dir/Core/STM32F103/src/f103_gpio.c.obj
 .debug_info    0x00000b2e      0x43d CMakeFiles/OmniLayer_F103.dir/Drivers/Drivers_STM32F1/Start/system_stm32f10x.c.obj
 .debug_info    0x00000f6b      0x101 CMakeFiles/OmniLayer_F103.dir/Drivers/Drivers_STM32F1/Start/stm32f10x_it.c.obj
 .debug_info    0x0000106c      0x16f CMakeFiles/OmniLayer_F103.dir/Drivers/Drivers_STM32F1/Start/startup_stm32f103c8tx_gcc.c.obj

.debug_abbrev   0x00000000      0x85b
 .debug_abbrev  0x00000000       0xb3 CMakeFiles/OmniLayer_F103.dir/app/main.c.obj
 .debug_abbrev  0x000000b3      0x16f CMakeFiles/OmniLayer_F103.dir/Enroll/Enroll.c.obj
 .debug_abbrev  0x00000222      0x1ac CMakeFiles/OmniLayer_F103.dir/BSP/LED/LED.c.obj
 .debug_abbrev  0x000003ce      0x175 CMakeFiles/OmniLayer_F103.dir/Core/STM32F103/src/f103_gpio.c.obj
 .debug_abbrev  0x00000543      0x1c9 CMakeFiles/OmniLayer_F103.dir/Drivers/Drivers_STM32F1/Start/system_stm32f10x.c.obj
 .debug_abbrev  0x0000070c       0x47 CMakeFiles/OmniLayer_F103.dir/Drivers/Drivers_STM32F1/Start/stm32f10x_it.c.obj
 .debug_abbrev  0x00000753      0x108 CMakeFiles/OmniLayer_F103.dir/Drivers/Drivers_STM32F1/Start/startup_stm32f103c8tx_gcc.c.obj

.debug_aranges  0x00000000      0x188
 .debug_aranges
                0x00000000       0x20 CMakeFiles/OmniLayer_F103.dir/app/main.c.obj
 .debug_aranges
                0x00000020       0x28 CMakeFiles/OmniLayer_F103.dir/Enroll/Enroll.c.obj
 .debug_aranges
                0x00000048       0x40 CMakeFiles/OmniLayer_F103.dir/BSP/LED/LED.c.obj
 .debug_aranges
                0x00000088       0x40 CMakeFiles/OmniLayer_F103.dir/Core/STM32F103/src/f103_gpio.c.obj
 .debug_aranges
                0x000000c8       0x38 CMakeFiles/OmniLayer_F103.dir/Drivers/Drivers_STM32F1/Start/system_stm32f10x.c.obj
 .debug_aranges
                0x00000100       0x60 CMakeFiles/OmniLayer_F103.dir/Drivers/Drivers_STM32F1/Start/stm32f10x_it.c.obj
 .debug_aranges
                0x00000160       0x28 CMakeFiles/OmniLayer_F103.dir/Drivers/Drivers_STM32F1/Start/startup_stm32f103c8tx_gcc.c.obj

.debug_rnglists
                0x00000000      0x105
 .debug_rnglists
                0x00000000       0x13 CMakeFiles/OmniLayer_F103.dir/app/main.c.obj
 .debug_rnglists
                0x00000013       0x19 CMakeFiles/OmniLayer_F103.dir/Enroll/Enroll.c.obj
 .debug_rnglists
                0x0000002c       0x2b CMakeFiles/OmniLayer_F103.dir/BSP/LED/LED.c.obj
 .debug_rnglists
                0x00000057       0x2b CMakeFiles/OmniLayer_F103.dir/Core/STM32F103/src/f103_gpio.c.obj
 .debug_rnglists
                0x00000082       0x27 CMakeFiles/OmniLayer_F103.dir/Drivers/Drivers_STM32F1/Start/system_stm32f10x.c.obj
 .debug_rnglists
                0x000000a9       0x43 CMakeFiles/OmniLayer_F103.dir/Drivers/Drivers_STM32F1/Start/stm32f10x_it.c.obj
 .debug_rnglists
                0x000000ec       0x19 CMakeFiles/OmniLayer_F103.dir/Drivers/Drivers_STM32F1/Start/startup_stm32f103c8tx_gcc.c.obj

.debug_macro    0x00000000     0xa12e
 .debug_macro   0x00000000       0x93 CMakeFiles/OmniLayer_F103.dir/app/main.c.obj
 .debug_macro   0x00000093      0xac0 CMakeFiles/OmniLayer_F103.dir/app/main.c.obj
 .debug_macro   0x00000b53       0x22 CMakeFiles/OmniLayer_F103.dir/app/main.c.obj
 .debug_macro   0x00000b75       0x8e CMakeFiles/OmniLayer_F103.dir/app/main.c.obj
 .debug_macro   0x00000c03       0x51 CMakeFiles/OmniLayer_F103.dir/app/main.c.obj
 .debug_macro   0x00000c54      0x103 CMakeFiles/OmniLayer_F103.dir/app/main.c.obj
 .debug_macro   0x00000d57       0x6a CMakeFiles/OmniLayer_F103.dir/app/main.c.obj
 .debug_macro   0x00000dc1      0x1df CMakeFiles/OmniLayer_F103.dir/app/main.c.obj
 .debug_macro   0x00000fa0       0x1c CMakeFiles/OmniLayer_F103.dir/app/main.c.obj
 .debug_macro   0x00000fbc       0x16 CMakeFiles/OmniLayer_F103.dir/app/main.c.obj
 .debug_macro   0x00000fd2       0xb2 CMakeFiles/OmniLayer_F103.dir/app/main.c.obj
 .debug_macro   0x00001084       0x10 CMakeFiles/OmniLayer_F103.dir/app/main.c.obj
 .debug_macro   0x00001094       0x9f CMakeFiles/OmniLayer_F103.dir/Enroll/Enroll.c.obj
 .debug_macro   0x00001133       0x6d CMakeFiles/OmniLayer_F103.dir/BSP/LED/LED.c.obj
 .debug_macro   0x000011a0       0x72 CMakeFiles/OmniLayer_F103.dir/Core/STM32F103/src/f103_gpio.c.obj
 .debug_macro   0x00001212       0xac CMakeFiles/OmniLayer_F103.dir/Core/STM32F103/src/f103_gpio.c.obj
 .debug_macro   0x000012be       0x97 CMakeFiles/OmniLayer_F103.dir/Drivers/Drivers_STM32F1/Start/system_stm32f10x.c.obj
 .debug_macro   0x00001355       0x5c CMakeFiles/OmniLayer_F103.dir/Drivers/Drivers_STM32F1/Start/system_stm32f10x.c.obj
 .debug_macro   0x000013b1       0x22 CMakeFiles/OmniLayer_F103.dir/Drivers/Drivers_STM32F1/Start/system_stm32f10x.c.obj
 .debug_macro   0x000013d3      0x69f CMakeFiles/OmniLayer_F103.dir/Drivers/Drivers_STM32F1/Start/system_stm32f10x.c.obj
 .debug_macro   0x00001a72     0x7ee4 CMakeFiles/OmniLayer_F103.dir/Drivers/Drivers_STM32F1/Start/system_stm32f10x.c.obj
 .debug_macro   0x00009956       0x95 CMakeFiles/OmniLayer_F103.dir/Drivers/Drivers_STM32F1/Start/stm32f10x_it.c.obj
 .debug_macro   0x000099eb       0x86 CMakeFiles/OmniLayer_F103.dir/Drivers/Drivers_STM32F1/Start/startup_stm32f103c8tx_gcc.c.obj
 .debug_macro   0x00009a71      0x6bd CMakeFiles/OmniLayer_F103.dir/Drivers/Drivers_STM32F1/Start/startup_stm32f103c8tx_gcc.c.obj

.debug_line     0x00000000     0x1522
 .debug_line    0x00000000      0x239 CMakeFiles/OmniLayer_F103.dir/app/main.c.obj
 .debug_line    0x00000239      0x248 CMakeFiles/OmniLayer_F103.dir/Enroll/Enroll.c.obj
 .debug_line    0x00000481      0x352 CMakeFiles/OmniLayer_F103.dir/BSP/LED/LED.c.obj
 .debug_line    0x000007d3      0x3ab CMakeFiles/OmniLayer_F103.dir/Core/STM32F103/src/f103_gpio.c.obj
 .debug_line    0x00000b7e      0x475 CMakeFiles/OmniLayer_F103.dir/Drivers/Drivers_STM32F1/Start/system_stm32f10x.c.obj
 .debug_line    0x00000ff3      0x2c4 CMakeFiles/OmniLayer_F103.dir/Drivers/Drivers_STM32F1/Start/stm32f10x_it.c.obj
 .debug_line    0x000012b7      0x26b CMakeFiles/OmniLayer_F103.dir/Drivers/Drivers_STM32F1/Start/startup_stm32f103c8tx_gcc.c.obj

.debug_str      0x00000000    0x32de4
 .debug_str     0x00000000    0x32de4 CMakeFiles/OmniLayer_F103.dir/app/main.c.obj
                               0x421b (size before relaxing)
 .debug_str     0x00032de4     0x4383 CMakeFiles/OmniLayer_F103.dir/Enroll/Enroll.c.obj
 .debug_str     0x00032de4     0x3e43 CMakeFiles/OmniLayer_F103.dir/BSP/LED/LED.c.obj
 .debug_str     0x00032de4     0x41e4 CMakeFiles/OmniLayer_F103.dir/Core/STM32F103/src/f103_gpio.c.obj
 .debug_str     0x00032de4    0x32671 CMakeFiles/OmniLayer_F103.dir/Drivers/Drivers_STM32F1/Start/system_stm32f10x.c.obj
 .debug_str     0x00032de4    0x32564 CMakeFiles/OmniLayer_F103.dir/Drivers/Drivers_STM32F1/Start/stm32f10x_it.c.obj
 .debug_str     0x00032de4    0x32548 CMakeFiles/OmniLayer_F103.dir/Drivers/Drivers_STM32F1/Start/startup_stm32f103c8tx_gcc.c.obj

.debug_frame    0x00000000      0x2ac
 .debug_frame   0x00000000       0x28 CMakeFiles/OmniLayer_F103.dir/app/main.c.obj
 .debug_frame   0x00000028       0x40 CMakeFiles/OmniLayer_F103.dir/Enroll/Enroll.c.obj
 .debug_frame   0x00000068       0x8c CMakeFiles/OmniLayer_F103.dir/BSP/LED/LED.c.obj
 .debug_frame   0x000000f4       0x74 CMakeFiles/OmniLayer_F103.dir/Core/STM32F103/src/f103_gpio.c.obj
 .debug_frame   0x00000168       0x6c CMakeFiles/OmniLayer_F103.dir/Drivers/Drivers_STM32F1/Start/system_stm32f10x.c.obj
 .debug_frame   0x000001d4       0xa0 CMakeFiles/OmniLayer_F103.dir/Drivers/Drivers_STM32F1/Start/stm32f10x_it.c.obj
 .debug_frame   0x00000274       0x38 CMakeFiles/OmniLayer_F103.dir/Drivers/Drivers_STM32F1/Start/startup_stm32f103c8tx_gcc.c.obj

.debug_loclists
                0x00000000      0x414
 .debug_loclists
                0x00000000       0x6a CMakeFiles/OmniLayer_F103.dir/Enroll/Enroll.c.obj
 .debug_loclists
                0x0000006a      0x11d CMakeFiles/OmniLayer_F103.dir/BSP/LED/LED.c.obj
 .debug_loclists
                0x00000187      0x179 CMakeFiles/OmniLayer_F103.dir/Core/STM32F103/src/f103_gpio.c.obj
 .debug_loclists
                0x00000300       0xb7 CMakeFiles/OmniLayer_F103.dir/Drivers/Drivers_STM32F1/Start/system_stm32f10x.c.obj
 .debug_loclists
                0x000003b7       0x5d CMakeFiles/OmniLayer_F103.dir/Drivers/Drivers_STM32F1/Start/startup_stm32f103c8tx_gcc.c.obj
